I/TelephonyRegistry(  481): notifyDataConnection: state=0 isDataConnectivityPossible=false reason='dataDetached' apn='null' apnType=cbs networkType=0 mRecords.size()=20 mRecords=[{pkgForDebug=android callerUid=0 events=1}, {pkgForDebug=android callerUid=0 events=20}, {pkgForDebug=android callerUid=0 events=71}, {pkgForDebug=com.android.systemui callerUid=0 events=1e1}, {pkgForDebug=com.android.systemui callerUid=0 events=1}, {pkgForDebug=android callerUid=0 events=1}, {pkgForDebug=com.android.phone callerUid=0 events=80d}, {pkgForDebug=com.google.android.talk callerUid=0 events=1}, {pkgForDebug=com.google.android.talk callerUid=0 events=1}, {pkgForDebug=com.google.android.talk callerUid=0 events=1}, {pkgForDebug=com.google.android.talk callerUid=0 events=1}, {pkgForDebug=com.google.android.talk callerUid=0 events=1}, {pkgForDebug=com.google.android.talk callerUid=0 events=1}, {pkgForDebug=com.google.android.talk callerUid=0 events=1}, {pkgForDebug=com.google.android.talk callerUid=0 events=1}, {pkgForDebug=com.google.android.talk callerUid=0 events=1}, {pkgForDebug=com.google.android.talk callerUid=0 events=1}, {pkgForDebug=com.google.android.talk callerUid=0 events=1}, {pkgForDebug=com.google.android.talk callerUid=0 events=1}, {pkgForDebug=com.google.android.talk callerUid=0 events=1}]
W/ContextImpl(  481): Calling a method in the system process without a qualified user: android.app.ContextImpl.sendOrderedBroadcast:1197 com.android.server.TelephonyRegistry.broadcastDataConnectionStateChanged:910 com.android.server.TelephonyRegistry.notifyDataConnection:663 com.android.internal.telephony.ITelephonyRegistry$Stub.onTransact:168 android.os.Binder.execTransact:351 
W/ContextImpl(  481): Calling a method in the system process without a qualified user: android.app.ContextImpl.sendStickyBroadcast:1286 com.android.server.TelephonyRegistry$3.onReceive:867 android.app.LoadedApk$ReceiverDispatcher$Args.run:788 android.os.Handler.handleCallback:800 android.os.Handler.dispatchMessage:100 
W/ContextImpl(  481): Calling a method in the system process without a qualified user: android.app.ContextImpl.sendStickyBroadcast:1286 com.android.server.TelephonyRegistry$3.onReceive:867 android.app.LoadedApk$ReceiverDispatcher$Args.run:788 android.os.Handler.handleCallback:800 android.os.Handler.dispatchMessage:100 
W/ContextImpl(  481): Calling a method in the system process without a qualified user: android.app.ContextImpl.sendStickyBroadcast:1286 com.android.server.TelephonyRegistry$3.onReceive:867 android.app.LoadedApk$ReceiverDispatcher$Args.run:788 android.os.Handler.handleCallback:800 android.os.Handler.dispatchMessage:100 
W/ContextImpl(  481): Calling a method in the system process without a qualified user: android.app.ContextImpl.sendStickyBroadcast:1286 com.android.server.TelephonyRegistry$3.onReceive:867 android.app.LoadedApk$ReceiverDispatcher$Args.run:788 android.os.Handler.handleCallback:800 android.os.Handler.dispatchMessage:100 
W/ContextImpl(  481): Calling a method in the system process without a qualified user: android.app.ContextImpl.sendStickyBroadcast:1286 com.android.server.TelephonyRegistry$3.onReceive:867 android.app.LoadedApk$ReceiverDispatcher$Args.run:788 android.os.Handler.handleCallback:800 android.os.Handler.dispatchMessage:100 
W/ContextImpl(  481): Calling a method in the system process without a qualified user: android.app.ContextImpl.sendStickyBroadcast:1286 com.android.server.TelephonyRegistry$3.onReceive:867 android.app.LoadedApk$ReceiverDispatcher$Args.run:788 android.os.Handler.handleCallback:800 android.os.Handler.dispatchMessage:100 
W/ContextImpl(  481): Calling a method in the system process without a qualified user: android.app.ContextImpl.sendStickyBroadcast:1286 com.android.server.TelephonyRegistry$3.onReceive:867 android.app.LoadedApk$ReceiverDispatcher$Args.run:788 android.os.Handler.handleCallback:800 android.os.Handler.dispatchMessage:100 
I/SurfaceTextureClient(  743): [STC::queueBuffer] (this:0x52c2fcb8) fps:0.14, dur:7033.74, max:7033.74, min:7033.74
I/SurfaceTextureClient(  743): [STC::queueBuffer] this:0x52c2fcb8, api:1, last queue time elapsed:7033.74
I/BufferQueue(  122): [StatusBar](this:0x415f7478,api:1) [queue] fps:0.14, dur:7033.74, max:7033.74, min:7033.74
I/BufferQueue(  122): [StatusBar](this:0x415f7478,api:1) [release] fps:0.14, dur:7033.65, max:7033.65, min:7033.65
I/SurfaceFlinger(  122): [SurfaceFlinger] fps:0.142174,dur:7033.66,max:7033.66,min:7033.66
I/SurfaceTextureClient(  122): [STC::queueBuffer] (this:0x40ce3050) fps:0.14, dur:7033.65, max:7033.65, min:7033.65
I/SurfaceTextureClient(  122): [STC::queueBuffer] this:0x40ce3050, api:1, last queue time elapsed:7033.65
I/BufferQueue(  122): [FramebufferSurface](this:0x40ce25d8,api:1) [release] fps:0.14, dur:7033.65, max:7033.65, min:7033.65
I/BufferQueue(  122): [FramebufferSurface](this:0x40ce25d8,api:1) [queue] fps:0.14, dur:7033.61, max:7033.61, min:7033.61
I/AlarmManager(  481): reset poweroff alarm none
I/PowerManagerService(  481): setBrightness mButtonLight 0.
I/SurfaceTextureClient(  743): [STC::queueBuffer] (this:0x52c2fcb8) fps:0.50, dur:1991.58, max:1991.58, min:1991.58
I/BufferQueue(  122): [StatusBar](this:0x415f7478,api:1) [queue] fps:0.50, dur:1991.55, max:1991.55, min:1991.55
I/BufferQueue(  122): [StatusBar](this:0x415f7478,api:1) [release] fps:0.50, dur:1990.03, max:1990.03, min:1990.03
I/SurfaceFlinger(  122): [SurfaceFlinger] fps:0.502501,dur:1990.04,max:1990.04,min:1990.04
I/SurfaceTextureClient(  122): [STC::queueBuffer] (this:0x40ce3050) fps:0.50, dur:1990.21, max:1990.21, min:1990.21
I/BufferQueue(  122): [FramebufferSurface](this:0x40ce25d8,api:1) [release] fps:0.50, dur:1990.20, max:1990.20, min:1990.20
I/BufferQueue(  122): [FramebufferSurface](this:0x40ce25d8,api:1) [queue] fps:0.50, dur:1990.07, max:1990.07, min:1990.07
I/SurfaceTextureClient(  880): [STC::queueBuffer] (this:0x536f7a08) fps:0.05, dur:59993.22, max:59949.41, min:19.37
I/SurfaceTextureClient(  880): [STC::queueBuffer] this:0x536f7a08, api:1, last queue time elapsed:59949.41
I/BufferQueue(  122): [com.jrdcom.launcher/com.jrdcom.launcher.Launcher](this:0x41828840,api:1) [queue] fps:0.05, dur:59993.23, max:59949.55, min:19.34
I/BufferQueue(  122): [com.jrdcom.launcher/com.jrdcom.launcher.Launcher](this:0x41828840,api:1) [release] fps:0.05, dur:59993.18, max:59952.66, min:17.13
I/PowerManagerService(  481): setBrightness mButtonLight 0.
I/SurfaceTextureClient(  743): [STC::queueBuffer] (this:0x52c2fcb8) fps:0.32, dur:3129.05, max:3129.05, min:3129.05
I/BufferQueue(  122): [StatusBar](this:0x415f7478,api:1) [queue] fps:0.32, dur:3129.10, max:3129.10, min:3129.10
I/BufferQueue(  122): [StatusBar](this:0x415f7478,api:1) [release] fps:0.32, dur:3130.24, max:3130.24, min:3130.24
I/SurfaceFlinger(  122): [SurfaceFlinger] fps:1.277860,dur:3130.23,max:3022.39,min:17.20
I/SurfaceTextureClient(  122): [STC::queueBuffer] (this:0x40ce3050) fps:1.28, dur:3130.08, max:3022.32, min:17.15
I/BufferQueue(  122): [FramebufferSurface](this:0x40ce25d8,api:1) [release] fps:1.28, dur:3130.07, max:3022.37, min:17.15
I/BufferQueue(  122): [FramebufferSurface](this:0x40ce25d8,api:1) [queue] fps:1.28, dur:3130.21, max:3028.70, min:16.67
I/SurfaceTextureClient(  743): [STC::queueBuffer] (this:0x52c2fcb8) fps:0.20, dur:5124.91, max:5124.91, min:5124.91
I/SurfaceTextureClient(  743): [STC::queueBuffer] this:0x52c2fcb8, api:1, last queue time elapsed:5124.91
I/BufferQueue(  122): [StatusBar](this:0x415f7478,api:1) [queue] fps:0.20, dur:5124.88, max:5124.88, min:5124.88
I/BufferQueue(  122): [StatusBar](this:0x415f7478,api:1) [release] fps:0.20, dur:5125.33, max:5125.33, min:5125.33
I/SurfaceFlinger(  122): [SurfaceFlinger] fps:0.195109,dur:5125.33,max:5125.33,min:5125.33
I/SurfaceTextureClient(  122): [STC::queueBuffer] (this:0x40ce3050) fps:0.20, dur:5125.33, max:5125.33, min:5125.33
I/SurfaceTextureClient(  122): [STC::queueBuffer] this:0x40ce3050, api:1, last queue time elapsed:5125.33
I/BufferQueue(  122): [FramebufferSurface](this:0x40ce25d8,api:1) [release] fps:0.20, dur:5125.35, max:5125.35, min:5125.35
I/BufferQueue(  122): [FramebufferSurface](this:0x40ce25d8,api:1) [queue] fps:0.20, dur:5125.32, max:5125.32, min:5125.32
I/SurfaceTextureClient(  743): [STC::queueBuffer] (this:0x52c2fcb8) fps:0.20, dur:5106.67, max:5106.67, min:5106.67
I/SurfaceTextureClient(  743): [STC::queueBuffer] this:0x52c2fcb8, api:1, last queue time elapsed:5106.67
I/BufferQueue(  122): [StatusBar](this:0x415f7478,api:1) [queue] fps:0.20, dur:5106.68, max:5106.68, min:5106.68
I/BufferQueue(  122): [StatusBar](this:0x415f7478,api:1) [release] fps:0.20, dur:5106.49, max:5106.49, min:5106.49
I/SurfaceFlinger(  122): [SurfaceFlinger] fps:0.195829,dur:5106.49,max:5106.49,min:5106.49
I/SurfaceTextureClient(  122): [STC::queueBuffer] (this:0x40ce3050) fps:0.20, dur:5106.49, max:5106.49, min:5106.49
I/SurfaceTextureClient(  122): [STC::queueBuffer] this:0x40ce3050, api:1, last queue time elapsed:5106.49
I/BufferQueue(  122): [FramebufferSurface](this:0x40ce25d8,api:1) [release] fps:0.20, dur:5106.48, max:5106.48, min:5106.48
I/BufferQueue(  122): [FramebufferSurface](this:0x40ce25d8,api:1) [queue] fps:0.20, dur:5106.50, max:5106.50, min:5106.50
I/SurfaceTextureClient(  743): [STC::queueBuffer] (this:0x52c2fcb8) fps:0.20, dur:5124.27, max:5124.27, min:5124.27
I/SurfaceTextureClient(  743): [STC::queueBuffer] this:0x52c2fcb8, api:1, last queue time elapsed:5124.27
I/BufferQueue(  122): [StatusBar](this:0x415f7478,api:1) [queue] fps:0.20, dur:5124.28, max:5124.28, min:5124.28
I/BufferQueue(  122): [StatusBar](this:0x415f7478,api:1) [release] fps:0.20, dur:5124.35, max:5124.35, min:5124.35
I/SurfaceFlinger(  122): [SurfaceFlinger] fps:0.195147,dur:5124.35,max:5124.35,min:5124.35
I/SurfaceTextureClient(  122): [STC::queueBuffer] (this:0x40ce3050) fps:0.20, dur:5124.36, max:5124.36, min:5124.36
I/SurfaceTextureClient(  122): [STC::queueBuffer] this:0x40ce3050, api:1, last queue time elapsed:5124.36
I/BufferQueue(  122): [FramebufferSurface](this:0x40ce25d8,api:1) [release] fps:0.20, dur:5124.36, max:5124.36, min:5124.36
I/BufferQueue(  122): [FramebufferSurface](this:0x40ce25d8,api:1) [queue] fps:0.20, dur:5124.35, max:5124.35, min:5124.35
I/SurfaceTextureClient(  743): [STC::queueBuffer] (this:0x52c2fcb8) fps:0.20, dur:5124.11, max:5124.11, min:5124.11
I/SurfaceTextureClient(  743): [STC::queueBuffer] this:0x52c2fcb8, api:1, last queue time elapsed:5124.11
I/BufferQueue(  122): [StatusBar](this:0x415f7478,api:1) [queue] fps:0.20, dur:5124.11, max:5124.11, min:5124.11
I/BufferQueue(  122): [StatusBar](this:0x415f7478,api:1) [release] fps:0.20, dur:5124.12, max:5124.12, min:5124.12
I/SurfaceFlinger(  122): [SurfaceFlinger] fps:0.195155,dur:5124.13,max:5124.13,min:5124.13
I/SurfaceTextureClient(  122): [STC::queueBuffer] (this:0x40ce3050) fps:0.20, dur:5124.15, max:5124.15, min:5124.15
I/SurfaceTextureClient(  122): [STC::queueBuffer] this:0x40ce3050, api:1, last queue time elapsed:5124.15
I/BufferQueue(  122): [FramebufferSurface](this:0x40ce25d8,api:1) [release] fps:0.20, dur:5124.15, max:5124.15, min:5124.15
I/BufferQueue(  122): [FramebufferSurface](this:0x40ce25d8,api:1) [queue] fps:0.20, dur:5124.13, max:5124.13, min:5124.13
I/SurfaceTextureClient(  743): [STC::queueBuffer] (this:0x52c2fcb8) fps:0.20, dur:5108.53, max:5108.53, min:5108.53
I/SurfaceTextureClient(  743): [STC::queueBuffer] this:0x52c2fcb8, api:1, last queue time elapsed:5108.53
I/BufferQueue(  122): [StatusBar](this:0x415f7478,api:1) [queue] fps:0.20, dur:5108.53, max:5108.53, min:5108.53
I/BufferQueue(  122): [StatusBar](this:0x415f7478,api:1) [release] fps:0.20, dur:5107.61, max:5107.61, min:5107.61
I/SurfaceFlinger(  122): [SurfaceFlinger] fps:0.195786,dur:5107.61,max:5107.61,min:5107.61
I/SurfaceTextureClient(  122): [STC::queueBuffer] (this:0x40ce3050) fps:0.20, dur:5107.57, max:5107.57, min:5107.57
I/SurfaceTextureClient(  122): [STC::queueBuffer] this:0x40ce3050, api:1, last queue time elapsed:5107.57
I/BufferQueue(  122): [FramebufferSurface](this:0x40ce25d8,api:1) [release] fps:0.20, dur:5107.57, max:5107.57, min:5107.57
I/BufferQueue(  122): [FramebufferSurface](this:0x40ce25d8,api:1) [queue] fps:0.20, dur:5107.62, max:5107.62, min:5107.62
I/SurfaceTextureClient(  743): [STC::queueBuffer] (this:0x52c2fcb8) fps:0.20, dur:5123.46, max:5123.46, min:5123.46
I/SurfaceTextureClient(  743): [STC::queueBuffer] this:0x52c2fcb8, api:1, last queue time elapsed:5123.46
I/BufferQueue(  122): [StatusBar](this:0x415f7478,api:1) [queue] fps:0.20, dur:5123.46, max:5123.46, min:5123.46
I/BufferQueue(  122): [StatusBar](this:0x415f7478,api:1) [release] fps:0.20, dur:5123.42, max:5123.42, min:5123.42
I/SurfaceFlinger(  122): [SurfaceFlinger] fps:0.195183,dur:5123.41,max:5123.41,min:5123.41
I/SurfaceTextureClient(  122): [STC::queueBuffer] (this:0x40ce3050) fps:0.20, dur:5123.41, max:5123.41, min:5123.41
I/SurfaceTextureClient(  122): [STC::queueBuffer] this:0x40ce3050, api:1, last queue time elapsed:5123.41
I/BufferQueue(  122): [FramebufferSurface](this:0x40ce25d8,api:1) [release] fps:0.20, dur:5123.41, max:5123.41, min:5123.41
I/BufferQueue(  122): [FramebufferSurface](this:0x40ce25d8,api:1) [queue] fps:0.20, dur:5123.41, max:5123.41, min:5123.41
I/SurfaceTextureClient(  743): [STC::queueBuffer] (this:0x52c2fcb8) fps:0.20, dur:5123.79, max:5123.79, min:5123.79
I/SurfaceTextureClient(  743): [STC::queueBuffer] this:0x52c2fcb8, api:1, last queue time elapsed:5123.79
I/BufferQueue(  122): [StatusBar](this:0x415f7478,api:1) [queue] fps:0.20, dur:5123.79, max:5123.79, min:5123.79
I/BufferQueue(  122): [StatusBar](this:0x415f7478,api:1) [release] fps:0.20, dur:5124.87, max:5124.87, min:5124.87
I/SurfaceFlinger(  122): [SurfaceFlinger] fps:0.195127,dur:5124.88,max:5124.88,min:5124.88
I/SurfaceTextureClient(  122): [STC::queueBuffer] (this:0x40ce3050) fps:0.20, dur:5124.89, max:5124.89, min:5124.89
I/SurfaceTextureClient(  122): [STC::queueBuffer] this:0x40ce3050, api:1, last queue time elapsed:5124.89
I/BufferQueue(  122): [FramebufferSurface](this:0x40ce25d8,api:1) [release] fps:0.20, dur:5124.89, max:5124.89, min:5124.89
I/BufferQueue(  122): [FramebufferSurface](this:0x40ce25d8,api:1) [queue] fps:0.20, dur:5124.86, max:5124.86, min:5124.86
I/SurfaceTextureClient(  743): [STC::queueBuffer] (this:0x52c2fcb8) fps:0.20, dur:5124.32, max:5124.32, min:5124.32
I/SurfaceTextureClient(  743): [STC::queueBuffer] this:0x52c2fcb8, api:1, last queue time elapsed:5124.32
I/BufferQueue(  122): [StatusBar](this:0x415f7478,api:1) [queue] fps:0.20, dur:5124.32, max:5124.32, min:5124.32
I/BufferQueue(  122): [StatusBar](this:0x415f7478,api:1) [release] fps:0.20, dur:5124.09, max:5124.09, min:5124.09
I/SurfaceFlinger(  122): [SurfaceFlinger] fps:0.195157,dur:5124.09,max:5124.09,min:5124.09
I/SurfaceTextureClient(  122): [STC::queueBuffer] (this:0x40ce3050) fps:0.20, dur:5124.07, max:5124.07, min:5124.07
I/SurfaceTextureClient(  122): [STC::queueBuffer] this:0x40ce3050, api:1, last queue time elapsed:5124.07
I/BufferQueue(  122): [FramebufferSurface](this:0x40ce25d8,api:1) [release] fps:0.20, dur:5124.07, max:5124.07, min:5124.07
I/BufferQueue(  122): [FramebufferSurface](this:0x40ce25d8,api:1) [queue] fps:0.20, dur:5124.09, max:5124.09, min:5124.09
D/libc-netbsd(  118): getaddrinfo: play.googleapis.com NO result from proxy 
D/libc-netbsd(16914): getaddrinfo: play.googleapis.com NO result from proxy 
I/System.out(16914): [CDS][DNS]Unable to resolve host "play.googleapis.com": No address associated with hostname
E/PlayEventLogger(16914): Upload failed class java.net.UnknownHostException(Unable to resolve host "play.googleapis.com": No address associated with hostname)
I/SurfaceTextureClient(  743): [STC::queueBuffer] (this:0x52c2fcb8) fps:0.20, dur:5124.22, max:5124.22, min:5124.22
I/SurfaceTextureClient(  743): [STC::queueBuffer] this:0x52c2fcb8, api:1, last queue time elapsed:5124.22
I/BufferQueue(  122): [StatusBar](this:0x415f7478,api:1) [queue] fps:0.20, dur:5124.22, max:5124.22, min:5124.22
I/BufferQueue(  122): [StatusBar](this:0x415f7478,api:1) [release] fps:0.20, dur:5124.27, max:5124.27, min:5124.27
I/SurfaceFlinger(  122): [SurfaceFlinger] fps:0.195150,dur:5124.25,max:5124.25,min:5124.25
I/SurfaceTextureClient(  122): [STC::queueBuffer] (this:0x40ce3050) fps:0.20, dur:5124.25, max:5124.25, min:5124.25
I/SurfaceTextureClient(  122): [STC::queueBuffer] this:0x40ce3050, api:1, last queue time elapsed:5124.25
I/BufferQueue(  122): [FramebufferSurface](this:0x40ce25d8,api:1) [release] fps:0.20, dur:5124.36, max:5124.36, min:5124.36
I/BufferQueue(  122): [FramebufferSurface](this:0x40ce25d8,api:1) [queue] fps:0.20, dur:5124.27, max:5124.27, min:5124.27
W/ADB_SERVICES(  152): create_local_service_socket() name=shell:pm uninstall com.first.simpleapplication
W/ADB_SERVICES(  152): LS(158): bound to 'shell:pm uninstall com.first.simpleapplication' via 11
W/ADB_SERVICES(17379): adb: unable to open /proc/17379/oom_adj
W/asset   (17379): AssetManager-->addDefaultAssets CIP path not exsit!
W/asset   (17379): AssetManager-->addDefaultAssets CIP path not exsit!
I/PackageManager(  481): Removing non-system package:com.first.simpleapplication
I/ActivityManager(  481): Force stopping package com.first.simpleapplication appid=10056 user=-1
W/PackageManager(  481): Couldn't delete native library directory /data/app-lib/com.first.simpleapplication
I/ActivityManager(  481): Force stopping package com.first.simpleapplication appid=10056 user=0
W/asset   (  481): AssetManager-->addDefaultAssets CIP path not exsit!
I/InputReader(  481): Reconfiguring input devices.  changes=0x00000010
I/ProviderMap(  481): getProviderByName: com.android.inputmethod.latin.dictionarypack , callingUid = 10015
E/ActivityThread(  818): Failed to find provider info for com.android.inputmethod.latin.dictionarypack
E/BinaryDictionaryGetter(  818): Could not find a dictionary pack
I/PowerManagerService(  481): setBrightness mButtonLight 0.
W/GeofencerStateMachine(  908): Ignoring removeGeofence because network location is disabled.
I/PowerManagerService(  481): setBrightness mButtonLight 0.
W/asset   (  481): AssetManager-->addDefaultAssets CIP path not exsit!
W/asset   (  481): AssetManager-->addDefaultAssets CIP path not exsit!
W/asset   (  481): AssetManager-->addDefaultAssets CIP path not exsit!
W/asset   (  481): AssetManager-->addDefaultAssets CIP path not exsit!
W/asset   (  481): AssetManager-->addDefaultAssets CIP path not exsit!
W/asset   (  481): AssetManager-->addDefaultAssets CIP path not exsit!
W/asset   (  481): AssetManager-->addDefaultAssets CIP path not exsit!
W/asset   (  481): AssetManager-->addDefaultAssets CIP path not exsit!
W/asset   (  481): AssetManager-->addDefaultAssets CIP path not exsit!
W/asset   (  481): AssetManager-->addDefaultAssets CIP path not exsit!
W/asset   (  481): AssetManager-->addDefaultAssets CIP path not exsit!
W/asset   (  481): AssetManager-->addDefaultAssets CIP path not exsit!
W/asset   (  481): AssetManager-->addDefaultAssets CIP path not exsit!
W/asset   (  481): AssetManager-->addDefaultAssets CIP path not exsit!
W/asset   (  481): AssetManager-->addDefaultAssets CIP path not exsit!
W/asset   (  481): AssetManager-->addDefaultAssets CIP path not exsit!
W/asset   (  481): AssetManager-->addDefaultAssets CIP path not exsit!
W/asset   (  481): AssetManager-->addDefaultAssets CIP path not exsit!
I/PowerManagerService(  481): setBrightness mButtonLight 0.
W/asset   (  481): AssetManager-->addDefaultAssets CIP path not exsit!
W/NetworkStatsRecorder(  481): unknown interfaces [lo, p2p0, wlan0], ignoring those stats
W/NetworkStatsRecorder(  481): unknown interfaces [lo, p2p0, wlan0], ignoring those stats
W/NetworkStatsRecorder(  481): unknown interfaces [p2p0, wlan0], ignoring those stats
W/NetworkStatsRecorder(  481): unknown interfaces [p2p0, wlan0], ignoring those stats
W/InputMethodManagerService(  481): Found no subtypes in a system IME: com.touchtype.swiftkey.tcl.phone
W/asset   (  481): AssetManager-->addDefaultAssets CIP path not exsit!
I/Icing.InternalIcingCorporaProvider(16639): Updating corpora: A: com.first.simpleapplication, C: MAYBE
I/PowerManagerService(  481): setBrightness mButtonLight 0.
I/ActivityManager(  481): Start proc com.android.keychain for broadcast com.android.keychain/.KeyChainBroadcastReceiver: pid=17397 uid=1000 gids={41000, 1015, 1028, 3002, 3001, 3003, 1006, 3005, 3006, 3007}
W/asset   (  481): AssetManager-->addDefaultAssets CIP path not exsit!
W/asset   (17397): AssetManager-->addDefaultAssets CIP path not exsit!
W/asset   (  880): AssetManager-->addDefaultAssets CIP path not exsit!
W/asset   (  481): AssetManager-->addDefaultAssets CIP path not exsit!
W/asset   (  880): AssetManager-->addDefaultAssets CIP path not exsit!
W/asset   (  481): AssetManager-->addDefaultAssets CIP path not exsit!
W/ContextImpl(17397): Calling a method in the system process without a qualified user: android.app.ContextImpl.startService:1471 android.content.ContextWrapper.startService:450 android.content.ContextWrapper.startService:450 com.android.keychain.KeyChainBroadcastReceiver.onReceive:12 android.app.ActivityThread.handleReceiver:2589 
W/asset   (  880): AssetManager-->addDefaultAssets CIP path not exsit!
W/asset   (  880): AssetManager-->addDefaultAssets CIP path not exsit!
W/asset   (  880): AssetManager-->addDefaultAssets CIP path not exsit!
W/asset   (  880): AssetManager-->addDefaultAssets CIP path not exsit!
W/asset   (  880): AssetManager-->addDefaultAssets CIP path not exsit!
I/PowerManagerService(  481): setBrightness mButtonLight 0.
E/Trace   (17379): error opening trace file: No such file or directory (2)
W/ADB_SERVICES(  152): terminating JDWP 17379 connection: Try again
E/jdwp    (17379): jdwp::setsockopt(SO_SNDTIMEO)
E/jdwp    (17379): jdwp::setsockopt(SO_RCVTIMEO)
I/dalvikvm(17379): threadid=6: ignore signal 3
I/ActivityManager(  481): Start proc com.android.defcontainer for service com.android.defcontainer/.DefaultContainerService: pid=17412 uid=10068 gids={50068, 1015, 2001, 1028}
W/asset   (17412): AssetManager-->addDefaultAssets CIP path not exsit!
I/VoicemailContentProvider(16821): [delete] combinedClause = (((source_package = 'com.first.simpleapplication'))) AND ((type = 4))
I/PowerManagerService(  481): setBrightness mButtonLight 0.
I/PowerManagerService(  481): setBrightness mButtonLight 0.
I/ActivityManager(  481): No longer want com.google.android.partnersetup (pid 16656): empty #17
W/asset   (  481): AssetManager-->addDefaultAssets CIP path not exsit!
I/ActivityManager(  481): No longer want com.svox.pico (pid 17029): empty #17
W/asset   (  481): AssetManager-->addDefaultAssets CIP path not exsit!
I/ProviderMap(  481): Removing from providersByClass name=ComponentInfo{com.google.android.partnersetup/com.google.android.partnersetup.RlzProvider} user=0
I/ProviderMap(  481): Removing from providersByName name=com.google.android.partnersetup.rlzprovider user=0
I/ProviderMap(  481): Removing from providersByClass name=ComponentInfo{com.google.android.partnersetup/com.google.android.partnersetup.RlzAppProvider} user=0
I/ProviderMap(  481): Removing from providersByName name=com.google.android.partnersetup.rlzappprovider user=0
W/ADB_SERVICES(  152): entered. LS(158) fd=11
I/ProviderMap(  481): Removing from providersByClass name=ComponentInfo{com.svox.pico/com.svox.pico.providers.SettingsProvider} user=0
I/ProviderMap(  481): Removing from providersByName name=com.svox.pico.providers.SettingsProvider user=0
W/asset   (  481): AssetManager-->addDefaultAssets CIP path not exsit!
W/asset   (  481): AssetManager-->addDefaultAssets CIP path not exsit!
W/SchedPolicy(  481): add_tid_to_cgroup failed to write '17432', len = 5, fd = 37, err = 3
I/PeopleContactsSync( 1000): CP2 sync disabled
I/Icing   ( 1000): doRemovePackageData com.first.simpleapplication
W/asset   (  481): AssetManager-->addDefaultAssets CIP path not exsit!
W/asset   (  481): AssetManager-->addDefaultAssets CIP path not exsit!
W/asset   (  481): AssetManager-->addDefaultAssets CIP path not exsit!
W/asset   (  481): AssetManager-->addDefaultAssets CIP path not exsit!
W/asset   (  481): AssetManager-->addDefaultAssets CIP path not exsit!
W/asset   (  481): AssetManager-->addDefaultAssets CIP path not exsit!
W/asset   (  481): AssetManager-->addDefaultAssets CIP path not exsit!
W/asset   (  481): AssetManager-->addDefaultAssets CIP path not exsit!
W/asset   (  481): AssetManager-->addDefaultAssets CIP path not exsit!
W/asset   (  481): AssetManager-->addDefaultAssets CIP path not exsit!
W/asset   (  481): AssetManager-->addDefaultAssets CIP path not exsit!
W/asset   (16821): AssetManager-->addDefaultAssets CIP path not exsit!
W/asset   (  481): AssetManager-->addDefaultAssets CIP path not exsit!
W/asset   (16821): AssetManager-->addDefaultAssets CIP path not exsit!
W/asset   (  481): AssetManager-->addDefaultAssets CIP path not exsit!
W/asset   (16821): AssetManager-->addDefaultAssets CIP path not exsit!
W/asset   (16821): AssetManager-->addDefaultAssets CIP path not exsit!
W/asset   (  880): AssetManager-->addDefaultAssets CIP path not exsit!
W/asset   (16821): AssetManager-->addDefaultAssets CIP path not exsit!
W/asset   (  880): Asset path /data/theme/com.google.android.googlequicksearchbox is neither a directory nor file (type=1).
W/asset   (  880): Asset path /data/theme/com.google.android.googlequicksearchbox is neither a directory nor file (type=1).
W/asset   (  880): Asset path /data/theme/com.google.android.googlequicksearchbox is neither a directory nor file (type=1).
I/SurfaceTextureClient(  880): [STC::queueBuffer] (this:0x536f7a08) fps:0.06, dur:52987.87, max:52944.32, min:19.99
I/SurfaceTextureClient(  880): [STC::queueBuffer] this:0x536f7a08, api:1, last queue time elapsed:52944.32
I/BufferQueue(  122): [com.jrdcom.launcher/com.jrdcom.launcher.Launcher](this:0x41828840,api:1) [queue] fps:0.06, dur:52987.92, max:52944.52, min:19.87
W/asset   (16821): AssetManager-->addDefaultAssets CIP path not exsit!
I/BufferQueue(  122): [com.jrdcom.launcher/com.jrdcom.launcher.Launcher](this:0x41828840,api:1) [release] fps:0.06, dur:52984.20, max:52943.62, min:17.22
I/SurfaceFlinger(  122): [SurfaceFlinger] fps:0.260632,dur:3836.83,max:3836.83,min:3836.83
I/SurfaceTextureClient(  122): [STC::queueBuffer] (this:0x40ce3050) fps:0.26, dur:3837.30, max:3837.30, min:3837.30
I/BufferQueue(  122): [FramebufferSurface](this:0x40ce25d8,api:1) [release] fps:0.26, dur:3837.20, max:3837.20, min:3837.20
W/asset   (16821): AssetManager-->addDefaultAssets CIP path not exsit!
W/asset   (16821): AssetManager-->addDefaultAssets CIP path not exsit!
I/BufferQueue(  122): [FramebufferSurface](this:0x40ce25d8,api:1) [queue] fps:0.26, dur:3836.67, max:3836.67, min:3836.67
W/asset   (16821): AssetManager-->addDefaultAssets CIP path not exsit!
W/asset   (16821): AssetManager-->addDefaultAssets CIP path not exsit!
W/asset   (16821): AssetManager-->addDefaultAssets CIP path not exsit!
W/asset   (16821): AssetManager-->addDefaultAssets CIP path not exsit!
W/asset   (16821): AssetManager-->addDefaultAssets CIP path not exsit!
W/asset   (16821): AssetManager-->addDefaultAssets CIP path not exsit!
W/asset   (16821): AssetManager-->addDefaultAssets CIP path not exsit!
W/asset   (16821): AssetManager-->addDefaultAssets CIP path not exsit!
W/asset   (16821): AssetManager-->addDefaultAssets CIP path not exsit!
W/asset   (16821): AssetManager-->addDefaultAssets CIP path not exsit!
W/asset   (16821): AssetManager-->addDefaultAssets CIP path not exsit!
W/asset   (16821): AssetManager-->addDefaultAssets CIP path not exsit!
W/asset   (16821): AssetManager-->addDefaultAssets CIP path not exsit!
W/asset   (16821): AssetManager-->addDefaultAssets CIP path not exsit!
W/asset   (16821): AssetManager-->addDefaultAssets CIP path not exsit!
W/asset   (16821): AssetManager-->addDefaultAssets CIP path not exsit!
W/asset   (16821): AssetManager-->addDefaultAssets CIP path not exsit!
W/asset   (16821): AssetManager-->addDefaultAssets CIP path not exsit!
W/asset   (16821): AssetManager-->addDefaultAssets CIP path not exsit!
W/asset   (16821): AssetManager-->addDefaultAssets CIP path not exsit!
W/asset   (16821): AssetManager-->addDefaultAssets CIP path not exsit!
W/asset   (16821): AssetManager-->addDefaultAssets CIP path not exsit!
W/asset   (16821): AssetManager-->addDefaultAssets CIP path not exsit!
W/asset   (16821): AssetManager-->addDefaultAssets CIP path not exsit!
W/asset   (16821): AssetManager-->addDefaultAssets CIP path not exsit!
W/asset   (16821): AssetManager-->addDefaultAssets CIP path not exsit!
W/asset   (16821): AssetManager-->addDefaultAssets CIP path not exsit!
W/asset   (16821): AssetManager-->addDefaultAssets CIP path not exsit!
W/asset   (16821): AssetManager-->addDefaultAssets CIP path not exsit!
W/asset   (16821): AssetManager-->addDefaultAssets CIP path not exsit!
W/asset   (16821): AssetManager-->addDefaultAssets CIP path not exsit!
W/asset   (16821): AssetManager-->addDefaultAssets CIP path not exsit!
W/asset   (16821): AssetManager-->addDefaultAssets CIP path not exsit!
W/asset   (16821): AssetManager-->addDefaultAssets CIP path not exsit!
W/asset   (16821): AssetManager-->addDefaultAssets CIP path not exsit!
I/Icing   ( 1000): Indexing 458BE28D0AA77532FF5A1BC817EBD3E60C7B4C6C from com.google.android.googlequicksearchbox
I/ProviderMap(  481): getProviderByName: com.google.android.googlequicksearchbox.icing , callingUid = 10023
W/ActivityManager(  481): Permission denied: checkComponentPermission() owningUid=10049
W/ActivityManager(  481): Permission denied: checkComponentPermission() owningUid=10049
W/ContentProviderRecord(  481): canRunHere: bCanRunHere=falseinfo.multiprocess=falseinfo.processName=com.google.android.googlequicksearchbox:searchapp.processName=com.google.android.gmsuid=10049app.info.uid10023
I/ProviderMap(  481): getProviderByName: com.google.android.googlequicksearchbox.icing , callingUid = 10023
W/ActivityManager(  481): Permission denied: checkComponentPermission() owningUid=10049
W/ActivityManager(  481): Permission denied: checkComponentPermission() owningUid=10049
W/ContentProviderRecord(  481): canRunHere: bCanRunHere=falseinfo.multiprocess=falseinfo.processName=com.google.android.googlequicksearchbox:searchapp.processName=com.google.android.gmsuid=10049app.info.uid10023
W/SQLiteConnectionPool( 1000): A SQLiteConnection object for database '/data/data/com.google.android.gms/databases/metrics.db' was leaked!  Please fix your application to end transactions in progress properly and to close the database when it is no longer needed.
I/Icing   ( 1000): Indexing done 458BE28D0AA77532FF5A1BC817EBD3E60C7B4C6C
W/SQLiteConnectionPool( 1000): A SQLiteConnection object for database '/data/data/com.google.android.gms/databases/help_responses.db' was leaked!  Please fix your application to end transactions in progress properly and to close the database when it is no longer needed.
W/SQLiteConnectionPool( 1000): A SQLiteConnection object for database '/data/data/com.google.android.gms/databases/history_query.db' was leaked!  Please fix your application to end transactions in progress properly and to close the database when it is no longer needed.
I/PowerManagerService(  481): setBrightness mButtonLight 0.
W/SQLiteConnectionPool( 1000): A SQLiteConnection object for database '/data/data/com.google.android.gms/databases/metrics.db' was leaked!  Please fix your application to end transactions in progress properly and to close the database when it is no longer needed.
W/SQLiteConnectionPool( 1000): A SQLiteConnection object for database '/data/data/com.google.android.gms/databases/help_responses.db' was leaked!  Please fix your application to end transactions in progress properly and to close the database when it is no longer needed.
W/SQLiteConnectionPool( 1000): A SQLiteConnection object for database '/data/data/com.google.android.gms/databases/history_query.db' was leaked!  Please fix your application to end transactions in progress properly and to close the database when it is no longer needed.
W/SQLiteConnectionPool( 1000): A SQLiteConnection object for database '/data/data/com.google.android.gms/databases/metrics.db' was leaked!  Please fix your application to end transactions in progress properly and to close the database when it is no longer needed.
W/SQLiteConnectionPool( 1000): A SQLiteConnection object for database '/data/data/com.google.android.gms/databases/help_responses.db' was leaked!  Please fix your application to end transactions in progress properly and to close the database when it is no longer needed.
W/SQLiteConnectionPool( 1000): A SQLiteConnection object for database '/data/data/com.google.android.gms/databases/history_query.db' was leaked!  Please fix your application to end transactions in progress properly and to close the database when it is no longer needed.
I/SurfaceTextureClient(  743): [STC::queueBuffer] (this:0x52c2fcb8) fps:0.20, dur:5102.87, max:5102.87, min:5102.87
I/SurfaceTextureClient(  743): [STC::queueBuffer] this:0x52c2fcb8, api:1, last queue time elapsed:5102.87
I/BufferQueue(  122): [StatusBar](this:0x415f7478,api:1) [queue] fps:0.20, dur:5102.59, max:5102.59, min:5102.59
I/BufferQueue(  122): [StatusBar](this:0x415f7478,api:1) [release] fps:0.20, dur:5103.16, max:5103.16, min:5103.16
I/SurfaceFlinger(  122): [SurfaceFlinger] fps:0.789673,dur:1266.35,max:1266.35,min:1266.35
I/SurfaceTextureClient(  122): [STC::queueBuffer] (this:0x40ce3050) fps:0.79, dur:1265.79, max:1265.79, min:1265.79
I/BufferQueue(  122): [FramebufferSurface](this:0x40ce25d8,api:1) [release] fps:0.79, dur:1265.77, max:1265.77, min:1265.77
I/BufferQueue(  122): [FramebufferSurface](this:0x40ce25d8,api:1) [queue] fps:0.79, dur:1266.45, max:1266.45, min:1266.45
W/ADB_SERVICES(  152): create_local_service_socket() name=sync:
W/ADB_SERVICES(  152): LS(159): bound to 'sync:' via 11
W/ADB_SERVICES(  152): entered. LS(159) fd=11
W/ADB_SERVICES(  152): create_local_service_socket() name=shell:pm install /data/local/tmp/MainActivity-debug.apk
W/ADB_SERVICES(  152): LS(160): bound to 'shell:pm install /data/local/tmp/MainActivity-debug.apk' via 11
W/ADB_SERVICES(17439): adb: unable to open /proc/17439/oom_adj
I/SurfaceTextureClient(  743): [STC::queueBuffer] (this:0x52c2fcb8) fps:0.19, dur:5138.22, max:5138.22, min:5138.22
I/SurfaceTextureClient(  743): [STC::queueBuffer] this:0x52c2fcb8, api:1, last queue time elapsed:5138.22
I/BufferQueue(  122): [StatusBar](this:0x415f7478,api:1) [queue] fps:0.19, dur:5138.38, max:5138.38, min:5138.38
I/BufferQueue(  122): [StatusBar](this:0x415f7478,api:1) [release] fps:0.19, dur:5144.74, max:5144.74, min:5144.74
I/SurfaceFlinger(  122): [SurfaceFlinger] fps:0.194373,dur:5144.74,max:5144.74,min:5144.74
I/SurfaceTextureClient(  122): [STC::queueBuffer] (this:0x40ce3050) fps:0.19, dur:5145.02, max:5145.02, min:5145.02
I/SurfaceTextureClient(  122): [STC::queueBuffer] this:0x40ce3050, api:1, last queue time elapsed:5145.02
I/BufferQueue(  122): [FramebufferSurface](this:0x40ce25d8,api:1) [release] fps:0.19, dur:5145.04, max:5145.04, min:5145.04
I/BufferQueue(  122): [FramebufferSurface](this:0x40ce25d8,api:1) [queue] fps:0.19, dur:5144.79, max:5144.79, min:5144.79
W/asset   (17439): AssetManager-->addDefaultAssets CIP path not exsit!
W/asset   (17439): AssetManager-->addDefaultAssets CIP path not exsit!
I/PackageManager(  481): Start copying apk
W/asset   (17412): AssetManager-->addDefaultAssets CIP path not exsit!
W/Resources(17412): remove theme2 path!  rmPath=rm /data/theme
W/Resources(17412): link theme2 path!  linkPath=ln -s /custpack/theme/1 /data/theme
I/ProviderMap(  481): getProviderByName: settings , callingUid = 10068
W/ContentProviderRecord(  481): canRunHere: bCanRunHere=falseinfo.multiprocess=falseinfo.processName=systemapp.processName=com.android.defcontaineruid=1000app.info.uid10068
I/ProviderMap(  481): getProviderByName:  , callingUid = 1000
W/ActivityManager(  481): No content provider found for permission revoke: file:///data/local/tmp/MainActivity-debug.apk
I/PackageManager(  481): Apk copy done
I/ProviderMap(  481): getProviderByName:  , callingUid = 1000
W/ActivityManager(  481): No content provider found for permission revoke: file:///data/local/tmp/MainActivity-debug.apk
I/PackageManager(  481): Copying native libraries to /data/app-lib/vmdl-1504355798
W/PackageManager(  481): Invalid verification token 38 received
I/PackageManager(  481): Start parsing apk file: /data/app/vmdl-1504355798.tmp
I/PackageManager(  481): Parsing done for apk file: /data/app/vmdl-1504355798.tmp
W/asset   (  481): AssetManager-->addDefaultAssets CIP path not exsit!
W/Resources(  481): link theme2 path!  linkPath=ln -s /custpack/theme/1 /data/theme
I/PackageManager(  481): Start installation for package: com.first.simpleapplication
I/PackageManager(  481): Perform pre-dex opt for package: com.first.simpleapplication
I/PackageManager(  481): Running dexopt on: com.first.simpleapplication
I/AlarmManager(  481): reset poweroff alarm none
I/PowerManagerService(  481): setBrightness mButtonLight 0.
I/SurfaceTextureClient(  880): [STC::queueBuffer] (this:0x536f7a08) fps:0.14, dur:7028.55, max:7028.55, min:7028.55
I/SurfaceTextureClient(  880): [STC::queueBuffer] this:0x536f7a08, api:1, last queue time elapsed:7028.55
I/BufferQueue(  122): [com.jrdcom.launcher/com.jrdcom.launcher.Launcher](this:0x41828840,api:1) [queue] fps:0.14, dur:7028.46, max:7028.46, min:7028.46
I/BufferQueue(  122): [com.jrdcom.launcher/com.jrdcom.launcher.Launcher](this:0x41828840,api:1) [release] fps:0.14, dur:7042.28, max:7042.28, min:7042.28
I/PowerManagerService(  481): setBrightness mButtonLight 0.
I/PackageManager(  481): Dexopt done on: com.first.simpleapplication
I/ActivityManager(  481): Force stopping package com.first.simpleapplication appid=10056 user=-1
I/PackageManager(  481): Installation done for package: com.first.simpleapplication
W/asset   (  481): AssetManager-->addDefaultAssets CIP path not exsit!
I/ActivityManager(  481): Start proc com.google.android.partnersetup for broadcast com.google.android.partnersetup/.RlzPingBroadcastReceiver: pid=17460 uid=10033 gids={50033, 3003, 1028}
W/asset   (  481): AssetManager-->addDefaultAssets CIP path not exsit!
W/asset   (  481): AssetManager-->addDefaultAssets CIP path not exsit!
I/InputReader(  481): Reconfiguring input devices.  changes=0x00000010
W/asset   (  880): AssetManager-->addDefaultAssets CIP path not exsit!
W/asset   (  481): AssetManager-->addDefaultAssets CIP path not exsit!
W/asset   (  880): Asset path /data/theme/com.first.simpleapplication is neither a directory nor file (type=1).
W/asset   (  481): AssetManager-->addDefaultAssets CIP path not exsit!
I/ProviderMap(  481): getProviderByClass: ComponentInfo{com.google.android.partnersetup/com.google.android.partnersetup.RlzProvider}, callingUid = 1000
I/ProviderMap(  481): putProviderByClass: ComponentInfo{com.google.android.partnersetup/com.google.android.partnersetup.RlzProvider} , callingUid = 1000, record uid = 10033
I/ProviderMap(  481): getProviderByClass: ComponentInfo{com.google.android.partnersetup/com.google.android.partnersetup.RlzAppProvider}, callingUid = 1000
I/ProviderMap(  481): putProviderByClass: ComponentInfo{com.google.android.partnersetup/com.google.android.partnersetup.RlzAppProvider} , callingUid = 1000, record uid = 10033
W/asset   (  481): AssetManager-->addDefaultAssets CIP path not exsit!
W/asset   (  481): AssetManager-->addDefaultAssets CIP path not exsit!
W/asset   (  481): AssetManager-->addDefaultAssets CIP path not exsit!
W/asset   (17460): AssetManager-->addDefaultAssets CIP path not exsit!
I/ProviderMap(  481): putProviderByClass: ComponentInfo{com.google.android.partnersetup/com.google.android.partnersetup.RlzProvider} , callingUid = 1000, record uid = 10033
I/ProviderMap(  481): putProviderByName: com.google.android.partnersetup.rlzprovider , callingUid = 1000, record uid = 10033
I/ProviderMap(  481): putProviderByClass: ComponentInfo{com.google.android.partnersetup/com.google.android.partnersetup.RlzAppProvider} , callingUid = 1000, record uid = 10033
I/ProviderMap(  481): putProviderByName: com.google.android.partnersetup.rlzappprovider , callingUid = 1000, record uid = 10033
W/asset   (  481): AssetManager-->addDefaultAssets CIP path not exsit!
W/InputMethodManagerService(  481): Found no subtypes in a system IME: com.touchtype.swiftkey.tcl.phone
W/SchedPolicy(  481): add_tid_to_cgroup failed to write '17473', len = 5, fd = 37, err = 3
W/asset   (  481): AssetManager-->addDefaultAssets CIP path not exsit!
W/asset   (  481): AssetManager-->addDefaultAssets CIP path not exsit!
I/Icing.InternalIcingCorporaProvider(16639): Updating corpora: A: com.first.simpleapplication, C: MAYBE
W/asset   (16639): AssetManager-->addDefaultAssets CIP path not exsit!
I/ActivityManager(  481): Start proc com.svox.pico for broadcast com.svox.pico/.VoiceDataInstallerReceiver: pid=17478 uid=10099 gids={50099, 1015, 1028}
I/ProviderMap(  481): getProviderByClass: ComponentInfo{com.svox.pico/com.svox.pico.providers.SettingsProvider}, callingUid = 1000
I/ProviderMap(  481): putProviderByClass: ComponentInfo{com.svox.pico/com.svox.pico.providers.SettingsProvider} , callingUid = 1000, record uid = 10099
W/asset   (17478): AssetManager-->addDefaultAssets CIP path not exsit!
I/ProviderMap(  481): putProviderByClass: ComponentInfo{com.svox.pico/com.svox.pico.providers.SettingsProvider} , callingUid = 1000, record uid = 10099
I/ProviderMap(  481): putProviderByName: com.svox.pico.providers.SettingsProvider , callingUid = 1000, record uid = 10099
I/ActivityManager(  481): No longer want com.android.jrdfota (pid 17232): empty #17
E/Trace   (17439): error opening trace file: No such file or directory (2)
I/ProviderMap(  481): Removing from providersByClass name=ComponentInfo{com.android.jrdfota/com.android.jrdfota.FotaProvider} user=0
I/ProviderMap(  481): Removing from providersByName name=com.android.jrdfota.fotaprovider user=0
E/jdwp    (17439): jdwp::setsockopt(SO_SNDTIMEO)
E/jdwp    (17439): jdwp::setsockopt(SO_RCVTIMEO)
W/ADB_SERVICES(  152): terminating JDWP 17439 connection: Try again
I/dalvikvm(17439): threadid=6: ignore signal 3
I/PowerManagerService(  481): setBrightness mButtonLight 0.
W/SchedPolicy(  481): add_tid_to_cgroup failed to write '17492', len = 5, fd = 37, err = 3
I/PowerManagerService(  481): setBrightness mButtonLight 0.
I/PowerManagerService(  481): setBrightness mButtonLight 0.
W/asset   (  880): AssetManager-->addDefaultAssets CIP path not exsit!
W/asset   (  880): AssetManager-->addDefaultAssets CIP path not exsit!
W/asset   (  880): AssetManager-->addDefaultAssets CIP path not exsit!
W/asset   (  880): AssetManager-->addDefaultAssets CIP path not exsit!
I/ActivityManager(  481): No longer want com.google.android.apps.magazines (pid 17320): empty #17
W/asset   (  880): AssetManager-->addDefaultAssets CIP path not exsit!
W/asset   (  880): AssetManager-->addDefaultAssets CIP path not exsit!
W/asset   (  880): AssetManager-->addDefaultAssets CIP path not exsit!
W/ADB_SERVICES(  152): entered. LS(160) fd=11
W/ADB_SERVICES(  152): create_local_service_socket() name=shell:rm /data/local/tmp/MainActivity-debug.apk
W/ADB_SERVICES(  152): LS(161): bound to 'shell:rm /data/local/tmp/MainActivity-debug.apk' via 11
W/ADB_SERVICES(17494): adb: unable to open /proc/17494/oom_adj
I/ProviderMap(  481): Removing from providersByClass name=ComponentInfo{com.google.android.apps.magazines/com.google.apps.dots.android.newsstand.provider.NSContentProvider} user=0
I/ProviderMap(  481): Removing from providersByName name=com.google.android.apps.magazines user=0
I/ProviderMap(  481): Removing from providersByClass name=ComponentInfo{com.google.android.apps.magazines/com.google.apps.dots.android.newsstand.provider.WebDataContentProvider} user=0
I/ProviderMap(  481): Removing from providersByName name=com.google.android.apps.magazines.webdata user=0
I/ProviderMap(  481): Removing from providersByClass name=ComponentInfo{com.google.android.apps.magazines/com.google.apps.dots.android.newsstand.provider.ExportedContentProvider} user=0
I/ProviderMap(  481): Removing from providersByName name=com.google.android.apps.magazines.exported user=0
W/ADB_SERVICES(  152): entered. LS(161) fd=11
I/PeopleContactsSync( 1000): CP2 sync disabled
I/SurfaceTextureClient(  880): [STC::queueBuffer] (this:0x536f7a08) fps:1.93, dur:1553.43, max:1488.28, min:25.80
I/BufferQueue(  122): [com.jrdcom.launcher/com.jrdcom.launcher.Launcher](this:0x41828840,api:1) [queue] fps:1.93, dur:1553.39, max:1488.38, min:25.69
I/BufferQueue(  122): [com.jrdcom.launcher/com.jrdcom.launcher.Launcher](this:0x41828840,api:1) [release] fps:1.93, dur:1551.15, max:1499.65, min:17.25
I/SurfaceFlinger(  122): [SurfaceFlinger] fps:2.291085,dur:2182.37,max:1499.78,min:17.23
I/SurfaceTextureClient(  122): [STC::queueBuffer] (this:0x40ce3050) fps:2.29, dur:2182.51, max:1498.29, min:8.64
I/BufferQueue(  122): [FramebufferSurface](this:0x40ce25d8,api:1) [release] fps:2.29, dur:2182.50, max:1498.35, min:8.60
I/BufferQueue(  122): [FramebufferSurface](this:0x40ce25d8,api:1) [queue] fps:2.29, dur:2182.29, max:1499.82, min:17.11
W/asset   (16821): AssetManager-->addDefaultAssets CIP path not exsit!
I/Icing   ( 1000): Indexing 458BE28D0AA77532FF5A1BC817EBD3E60C7B4C6C from com.google.android.googlequicksearchbox
I/ProviderMap(  481): getProviderByName: com.google.android.googlequicksearchbox.icing , callingUid = 10023
W/ActivityManager(  481): Permission denied: checkComponentPermission() owningUid=10049
W/ActivityManager(  481): Permission denied: checkComponentPermission() owningUid=10049
W/ContentProviderRecord(  481): canRunHere: bCanRunHere=falseinfo.multiprocess=falseinfo.processName=com.google.android.googlequicksearchbox:searchapp.processName=com.google.android.gmsuid=10049app.info.uid10023
I/ProviderMap(  481): getProviderByName: com.google.android.googlequicksearchbox.icing , callingUid = 10023
W/ActivityManager(  481): Permission denied: checkComponentPermission() owningUid=10049
W/ActivityManager(  481): Permission denied: checkComponentPermission() owningUid=10049
W/ContentProviderRecord(  481): canRunHere: bCanRunHere=falseinfo.multiprocess=falseinfo.processName=com.google.android.googlequicksearchbox:searchapp.processName=com.google.android.gmsuid=10049app.info.uid10023
I/Icing   ( 1000): Indexing done 458BE28D0AA77532FF5A1BC817EBD3E60C7B4C6C
I/PowerManagerService(  481): setBrightness mButtonLight 0.
I/PowerManagerService(  481): setBrightness mButtonLight 0.
I/PowerManagerService(  481): setBrightness mButtonLight 0.
I/PowerManagerService(  481): setBrightness mButtonLight 0.
I/PowerManagerService(  481): setBrightness mButtonLight 0.
I/PowerManagerService(  481): setBrightness mButtonLight 0.
I/PowerManagerService(  481): setBrightness mButtonLight 0.
I/PowerManagerService(  481): setBrightness mButtonLight 0.
I/PowerManagerService(  481): setBrightness mButtonLight 0.
I/PowerManagerService(  481): setBrightness mButtonLight 0.
I/PowerManagerService(  481): setBrightness mButtonLight 0.
I/PowerManagerService(  481): setBrightness mButtonLight 0.
I/PowerManagerService(  481): setBrightness mButtonLight 0.
I/PowerManagerService(  481): setBrightness mButtonLight 0.
I/PowerManagerService(  481): setBrightness mButtonLight 0.
I/PowerManagerService(  481): setBrightness mButtonLight 0.
I/PowerManagerService(  481): setBrightness mButtonLight 0.
I/PowerManagerService(  481): setBrightness mButtonLight 0.
I/TelephonyRegistry(  481): notifyDataConnection: state=0 isDataConnectivityPossible=false reason='dataDetached' apn='null' apnType=default networkType=0 mRecords.size()=20 mRecords=[{pkgForDebug=android callerUid=0 events=1}, {pkgForDebug=android callerUid=0 events=20}, {pkgForDebug=android callerUid=0 events=71}, {pkgForDebug=com.android.systemui callerUid=0 events=1e1}, {pkgForDebug=com.android.systemui callerUid=0 events=1}, {pkgForDebug=android callerUid=0 events=1}, {pkgForDebug=com.android.phone callerUid=0 events=80d}, {pkgForDebug=com.google.android.talk callerUid=0 events=1}, {pkgForDebug=com.google.android.talk callerUid=0 events=1}, {pkgForDebug=com.google.android.talk callerUid=0 events=1}, {pkgForDebug=com.google.android.talk callerUid=0 events=1}, {pkgForDebug=com.google.android.talk callerUid=0 events=1}, {pkgForDebug=com.google.android.talk callerUid=0 events=1}, {pkgForDebug=com.google.android.talk callerUid=0 events=1}, {pkgForDebug=com.google.android.talk callerUid=0 events=1}, {pkgForDebug=com.google.android.talk callerUid=0 events=1}, {pkgForDebug=com.google.android.talk callerUid=0 events=1}, {pkgForDebug=com.google.android.talk callerUid=0 events=1}, {pkgForDebug=com.google.android.talk callerUid=0 events=1}, {pkgForDebug=com.google.android.talk callerUid=0 events=1}]
W/ContextImpl(  481): Calling a method in the system process without a qualified user: android.app.ContextImpl.sendOrderedBroadcast:1197 com.android.server.TelephonyRegistry.broadcastDataConnectionStateChanged:910 com.android.server.TelephonyRegistry.notifyDataConnection:663 com.android.internal.telephony.ITelephonyRegistry$Stub.onTransact:168 android.os.Binder.execTransact:351 
W/ContextImpl(  481): Calling a method in the system process without a qualified user: android.app.ContextImpl.sendStickyBroadcast:1286 com.android.server.TelephonyRegistry$3.onReceive:867 android.app.LoadedApk$ReceiverDispatcher$Args.run:788 android.os.Handler.handleCallback:800 android.os.Handler.dispatchMessage:100 
