W/ContentProviderRecord(  481): canRunHere: bCanRunHere=falseinfo.multiprocess=falseinfo.processName=android.process.mediaapp.processName=com.google.android.apps.plusuid=10070app.info.uid10044
I/BufferQueue(  122): [com.first.simpleapplication/com.first.simpleapplication.MainActivity](this:0x4155bae8,api:1) [release] fps:0.16, dur:12486.66, max:12073.95, min:412.71
I/BufferQueue(  122): [Starting com.android.settings](this:0x40ceaee0,api:2) [release] fps:0.02, dur:41753.97, max:41753.97, min:41753.97
I/BufferQueue(  122): [StatusBar](this:0x415f7478,api:1) [release] fps:0.07, dur:13622.79, max:13622.79, min:13622.79
I/libPerfService(  481): 1: set: 1
I/PowerManagerService(  481): setBrightness mButtonLight 0.
I/PowerManagerService(  481): setBrightness mButtonLight 0.
I/PowerManagerService(  481): setBrightness mButtonLight 0.
I/PowerManagerService(  481): setBrightness mButtonLight 0.
I/PowerManagerService(  481): setBrightness mButtonLight 0.
I/PowerManagerService(  481): setBrightness mButtonLight 0.
I/PowerManagerService(  481): setBrightness mButtonLight 0.
I/PowerManagerService(  481): setBrightness mButtonLight 0.
I/PowerManagerService(  481): setBrightness mButtonLight 0.
I/ProviderMap(  481): getProviderByName: media , callingUid = 10044
W/ContentProviderRecord(  481): canRunHere: bCanRunHere=falseinfo.multiprocess=falseinfo.processName=android.process.mediaapp.processName=com.google.android.apps.plusuid=10070app.info.uid10044
I/PowerManagerService(  481): setBrightness mButtonLight 0.
I/ProviderMap(  481): getProviderByName: media , callingUid = 10044
W/ContentProviderRecord(  481): canRunHere: bCanRunHere=falseinfo.multiprocess=falseinfo.processName=android.process.mediaapp.processName=com.google.android.apps.plusuid=10070app.info.uid10044
I/PowerManagerService(  481): setBrightness mButtonLight 0.
I/PowerManagerService(  481): setBrightness mButtonLight 0.
I/PowerManagerService(  481): setBrightness mButtonLight 0.
E/AudioRecord(17511): Could not get audio input for record source 1
E/AudioRecord-JNI(17511): Error creating AudioRecord instance: initialization check failed.
E/AudioRecord-Java(17511): [ android.media.AudioRecord ] Error code -20 when initializing native AudioRecord object.
I/PowerManagerService(  481): setBrightness mButtonLight 0.
W/Provider/Settings(  743): Setting airplane_mode_on has moved from android.provider.Settings.System to android.provider.Settings.Global, returning read-only value.
E/AudioRecord(17511): Could not get audio input for record source 1
E/AudioRecord-JNI(17511): Error creating AudioRecord instance: initialization check failed.
E/AudioRecord-Java(17511): [ android.media.AudioRecord ] Error code -20 when initializing native AudioRecord object.
E/AudioRecord(17511): Could not get audio input for record source 1
E/AudioRecord-JNI(17511): Error creating AudioRecord instance: initialization check failed.
E/AudioRecord-Java(17511): [ android.media.AudioRecord ] Error code -20 when initializing native AudioRecord object.
E/AudioRecord(17511): Could not get audio input for record source 1
E/AudioRecord-JNI(17511): Error creating AudioRecord instance: initialization check failed.
E/AudioRecord-Java(17511): [ android.media.AudioRecord ] Error code -20 when initializing native AudioRecord object.
I/hwcomposer_v1.0(  122): [HWC] Blank(0) Display(0)
E/AudioRecord(17511): Could not get audio input for record source 1
I/SurfaceFlinger(  122): [SurfaceFlinger] fps:0.514067,dur:11671.64,max:11588.91,min:13.86
E/AudioRecord-JNI(17511): Error creating AudioRecord instance: initialization check failed.
I/SurfaceTextureClient(  122): [STC::queueBuffer] (this:0x40ce3050) fps:0.51, dur:11670.57, max:11587.90, min:13.75
I/SurfaceTextureClient(  122): [STC::queueBuffer] this:0x40ce3050, api:1, last queue time elapsed:11587.90
E/AudioRecord-Java(17511): [ android.media.AudioRecord ] Error code -20 when initializing native AudioRecord object.
I/BufferQueue(  122): [FramebufferSurface](this:0x40ce25d8,api:1) [release] fps:0.51, dur:11670.60, max:11587.98, min:13.70
I/TV/JNI  (  481): [TVOut] jboolean tvoutPowerEnable(JNIEnv*, jobject, jboolean)(1) ret = 0
I/hdmi    (  481): [HDMI] JNI com.mediatek.hdmi.HDMINative.enableHDMIPOWER(1)
I/PowerManagerService(  481): setBrightness mButtonLight 0.
I/PowerManagerService(  481): setBrightness mButtonLight 0.
I/BufferQueue(  122): [FramebufferSurface](this:0x40ce25d8,api:1) [queue] fps:0.43, dur:11664.58, max:11595.77, min:17.18
E/AudioRecord(17511): Could not get audio input for record source 1
E/AudioRecord-JNI(17511): Error creating AudioRecord instance: initialization check failed.
E/AudioRecord-Java(17511): [ android.media.AudioRecord ] Error code -20 when initializing native AudioRecord object.
E/AudioRecord(17511): Could not get audio input for record source 1
E/AudioRecord-JNI(17511): Error creating AudioRecord instance: initialization check failed.
E/AudioRecord-Java(17511): [ android.media.AudioRecord ] Error code -20 when initializing native AudioRecord object.
E/AudioRecord(17511): Could not get audio input for record source 1
E/AudioRecord-JNI(17511): Error creating AudioRecord instance: initialization check failed.
E/AudioRecord-Java(17511): [ android.media.AudioRecord ] Error code -20 when initializing native AudioRecord object.
E/AudioRecord(17511): Could not get audio input for record source 1
E/AudioRecord-JNI(17511): Error creating AudioRecord instance: initialization check failed.
E/AudioRecord-Java(17511): [ android.media.AudioRecord ] Error code -20 when initializing native AudioRecord object.
E/AudioRecord(17511): Could not get audio input for record source 1
E/AudioRecord-JNI(17511): Error creating AudioRecord instance: initialization check failed.
E/AudioRecord-Java(17511): [ android.media.AudioRecord ] Error code -20 when initializing native AudioRecord object.
E/AudioRecord(17511): Could not get audio input for record source 1
E/AudioRecord-JNI(17511): Error creating AudioRecord instance: initialization check failed.
E/AudioRecord-Java(17511): [ android.media.AudioRecord ] Error code -20 when initializing native AudioRecord object.
E/AudioRecord(17511): Could not get audio input for record source 1
E/AudioRecord-JNI(17511): Error creating AudioRecord instance: initialization check failed.
E/AudioRecord-Java(17511): [ android.media.AudioRecord ] Error code -20 when initializing native AudioRecord object.
E/AudioRecord(17511): Could not get audio input for record source 1
E/AudioRecord-JNI(17511): Error creating AudioRecord instance: initialization check failed.
E/AudioRecord-Java(17511): [ android.media.AudioRecord ] Error code -20 when initializing native AudioRecord object.
E/AudioRecord(17511): Could not get audio input for record source 1
E/AudioRecord-JNI(17511): Error creating AudioRecord instance: initialization check failed.
E/AudioRecord-Java(17511): [ android.media.AudioRecord ] Error code -20 when initializing native AudioRecord object.
E/AudioRecord(17511): Could not get audio input for record source 1
E/AudioRecord-JNI(17511): Error creating AudioRecord instance: initialization check failed.
E/AudioRecord-Java(17511): [ android.media.AudioRecord ] Error code -20 when initializing native AudioRecord object.
E/AudioRecord(17511): Could not get audio input for record source 1
E/AudioRecord-JNI(17511): Error creating AudioRecord instance: initialization check failed.
E/AudioRecord-Java(17511): [ android.media.AudioRecord ] Error code -20 when initializing native AudioRecord object.
E/AudioRecord(17511): Could not get audio input for record source 1
E/AudioRecord-JNI(17511): Error creating AudioRecord instance: initialization check failed.
E/AudioRecord-Java(17511): [ android.media.AudioRecord ] Error code -20 when initializing native AudioRecord object.
E/AudioRecord(17511): Could not get audio input for record source 1
E/AudioRecord-JNI(17511): Error creating AudioRecord instance: initialization check failed.
E/AudioRecord-Java(17511): [ android.media.AudioRecord ] Error code -20 when initializing native AudioRecord object.
E/AudioRecord(17511): Could not get audio input for record source 1
E/AudioRecord-JNI(17511): Error creating AudioRecord instance: initialization check failed.
E/AudioRecord-Java(17511): [ android.media.AudioRecord ] Error code -20 when initializing native AudioRecord object.
E/AudioRecord(17511): Could not get audio input for record source 1
E/AudioRecord-JNI(17511): Error creating AudioRecord instance: initialization check failed.
E/AudioRecord-Java(17511): [ android.media.AudioRecord ] Error code -20 when initializing native AudioRecord object.
E/AudioRecord(17511): Could not get audio input for record source 1
E/AudioRecord-JNI(17511): Error creating AudioRecord instance: initialization check failed.
E/AudioRecord-Java(17511): [ android.media.AudioRecord ] Error code -20 when initializing native AudioRecord object.
E/AudioRecord(17511): Could not get audio input for record source 1
E/AudioRecord-JNI(17511): Error creating AudioRecord instance: initialization check failed.
E/AudioRecord-Java(17511): [ android.media.AudioRecord ] Error code -20 when initializing native AudioRecord object.
E/AudioRecord(17511): Could not get audio input for record source 1
E/AudioRecord-JNI(17511): Error creating AudioRecord instance: initialization check failed.
E/AudioRecord-Java(17511): [ android.media.AudioRecord ] Error code -20 when initializing native AudioRecord object.
E/AudioRecord(17511): Could not get audio input for record source 1
E/AudioRecord-JNI(17511): Error creating AudioRecord instance: initialization check failed.
E/AudioRecord-Java(17511): [ android.media.AudioRecord ] Error code -20 when initializing native AudioRecord object.
E/AudioRecord(17511): Could not get audio input for record source 1
E/AudioRecord-JNI(17511): Error creating AudioRecord instance: initialization check failed.
E/AudioRecord-Java(17511): [ android.media.AudioRecord ] Error code -20 when initializing native AudioRecord object.
E/AudioRecord(17511): Could not get audio input for record source 1
E/AudioRecord-JNI(17511): Error creating AudioRecord instance: initialization check failed.
E/AudioRecord-Java(17511): [ android.media.AudioRecord ] Error code -20 when initializing native AudioRecord object.
E/AudioRecord(17511): Could not get audio input for record source 1
E/AudioRecord-JNI(17511): Error creating AudioRecord instance: initialization check failed.
E/AudioRecord-Java(17511): [ android.media.AudioRecord ] Error code -20 when initializing native AudioRecord object.
E/AudioRecord(17511): Could not get audio input for record source 1
E/AudioRecord-JNI(17511): Error creating AudioRecord instance: initialization check failed.
E/AudioRecord-Java(17511): [ android.media.AudioRecord ] Error code -20 when initializing native AudioRecord object.
E/AudioRecord(17511): Could not get audio input for record source 1
E/AudioRecord-JNI(17511): Error creating AudioRecord instance: initialization check failed.
E/AudioRecord-Java(17511): [ android.media.AudioRecord ] Error code -20 when initializing native AudioRecord object.
E/AudioRecord(17511): Could not get audio input for record source 1
E/AudioRecord-JNI(17511): Error creating AudioRecord instance: initialization check failed.
E/AudioRecord-Java(17511): [ android.media.AudioRecord ] Error code -20 when initializing native AudioRecord object.
E/AudioRecord(17511): Could not get audio input for record source 1
E/AudioRecord-JNI(17511): Error creating AudioRecord instance: initialization check failed.
E/AudioRecord-Java(17511): [ android.media.AudioRecord ] Error code -20 when initializing native AudioRecord object.
E/AudioRecord(17511): Could not get audio input for record source 1
E/AudioRecord-JNI(17511): Error creating AudioRecord instance: initialization check failed.
E/AudioRecord-Java(17511): [ android.media.AudioRecord ] Error code -20 when initializing native AudioRecord object.
E/AudioRecord(17511): Could not get audio input for record source 1
E/AudioRecord-JNI(17511): Error creating AudioRecord instance: initialization check failed.
E/AudioRecord-Java(17511): [ android.media.AudioRecord ] Error code -20 when initializing native AudioRecord object.
W/UsbDeviceManager(  481): handleMessage - 0
W/UsbDeviceManager(  481): updateUsbNotification - mConnected: true
W/UsbDeviceManager(  481): updateUsbNotification - mCurrentFunctions: mass_storage,adb
E/AudioRecord(17511): Could not get audio input for record source 1
E/AudioRecord-JNI(17511): Error creating AudioRecord instance: initialization check failed.
E/AudioRecord-Java(17511): [ android.media.AudioRecord ] Error code -20 when initializing native AudioRecord object.
E/AudioRecord(17511): Could not get audio input for record source 1
E/AudioRecord-JNI(17511): Error creating AudioRecord instance: initialization check failed.
E/AudioRecord-Java(17511): [ android.media.AudioRecord ] Error code -20 when initializing native AudioRecord object.
W/asset   (  743): AssetManager-->addDefaultAssets CIP path not exsit!
W/asset   (  743): Asset path /data/theme/framework-res is neither a directory nor file (type=1).
W/asset   (  743): Asset path /data/theme/framework-res is neither a directory nor file (type=1).
E/AudioRecord(17511): Could not get audio input for record source 1
E/AudioRecord-JNI(17511): Error creating AudioRecord instance: initialization check failed.
E/AudioRecord-Java(17511): [ android.media.AudioRecord ] Error code -20 when initializing native AudioRecord object.
W/UsbDeviceManager(  481): handleMessage - 0
W/UsbDeviceManager(  481): updateUsbNotification - mConnected: true
W/UsbDeviceManager(  481): updateUsbNotification - mCurrentFunctions: mass_storage,adb
E/        (14116): AudioCloseDumpPCMFile file== NULL
E/        (14116): AudioCloseDumpPCMFile file== NULL
I/PowerManagerService(  481): setBrightness mButtonLight 0.
I/PowerManagerService(  481): setBrightness mButtonLight 0.
I/PowerManagerService(  481): setBrightness mButtonLight 0.
E/AudioRecord(17511): Could not get audio input for record source 1
E/AudioRecord-JNI(17511): Error creating AudioRecord instance: initialization check failed.
E/AudioRecord-Java(17511): [ android.media.AudioRecord ] Error code -20 when initializing native AudioRecord object.
I/PowerManagerService(  481): setBrightness mButtonLight 0.
I/PowerManagerService(  481): setBrightness mButtonLight 0.
E/        (14116): AudioCloseDumpPCMFile file== NULL
E/        (14116): AudioCloseDumpPCMFile file== NULL
E/        (14116): AudioCloseDumpPCMFile file== NULL
E/        (14116): AudioCloseDumpPCMFile file== NULL
E/        (14116): AudioCloseDumpPCMFile file== NULL
E/        (14116): AudioCloseDumpPCMFile file== NULL
W/asset   (  743): Asset path /data/theme/framework-res is neither a directory nor file (type=1).
W/asset   (  743): Asset path /data/theme/framework-res is neither a directory nor file (type=1).
W/asset   (  743): Asset path /data/theme/framework-res is neither a directory nor file (type=1).
W/asset   (  743): Asset path /data/theme/framework-res is neither a directory nor file (type=1).
I/PowerManagerService(  481): setBrightness mButtonLight 0.
E/        (14116): AudioCloseDumpPCMFile file== NULL
E/        (14116): AudioCloseDumpPCMFile file== NULL
I/PowerManagerService(  481): setBrightness mButtonLight 0.
I/PowerManagerService(  481): setBrightness mButtonLight 0.
W/asset   (  743): Asset path /data/theme/framework-res is neither a directory nor file (type=1).
W/asset   (  743): Asset path /data/theme/framework-res is neither a directory nor file (type=1).
W/AudioMachineDevice(14116): AnalogSetMux warning
W/AudioMachineDevice(14116): AnalogSetMux warning
W/AudioPlatformDevice(14116): GetULFrequency with frequency = 48000
W/AudioPlatformDevice(14116): GetULFrequency with frequency = 48000
W/AudioPlatformDevice(14116): GetULNewIFFrequency with frequency = 48000
W/AudioDigitalControl(14116): GetAfeDigitalStatus mAudioMEMIF[2] state = 1, mAudioDigitalBlock = 1
W/asset   (  743): Asset path /data/theme/framework-res is neither a directory nor file (type=1).
W/asset   (  743): Asset path /data/theme/framework-res is neither a directory nor file (type=1).
W/asset   (  743): Asset path /data/theme/framework-res is neither a directory nor file (type=1).
I/StorageNotification(  743): UMS connection changed to true (media state mounted), (path /storage/sdcard0)
E/VoldCmdListener(  112): CommandListener::VolumeCmd::runCommand --> shared
E/VoldCmdListener(  112): CommandListener::VolumeCmd::runCommand --> shared
E/VoldCmdListener(  112): CommandListener::VolumeCmd::runCommand --> shared
E/MountService(  481): Failed to read response to volume shared /mnt/usbotg ums
I/MountService(  481): isUsbMassStorageEnabled: false
I/StorageNotification(  743): UMS connection changed to true (media state mounted), (path /storage/sdcard0)
I/SurfaceTextureClient(  743): [STC::queueBuffer] (this:0x52c2fcb8) fps:3.98, dur:1004.05, max:798.47, min:57.98
I/BufferQueue(  122): [StatusBar](this:0x415f7478,api:1) [queue] fps:3.98, dur:1004.17, max:798.52, min:58.09
I/BufferQueue(  122): [StatusBar](this:0x415f7478,api:1) [release] fps:4.90, dur:1021.32, max:778.70, min:39.13
I/SurfaceFlinger(  122): [SurfaceFlinger] fps:12.983847,dur:1001.24,max:751.63,min:11.05
I/SurfaceTextureClient(  122): [STC::queueBuffer] (this:0x40ce3050) fps:12.98, dur:1001.85, max:751.82, min:11.12
I/BufferQueue(  122): [FramebufferSurface](this:0x40ce25d8,api:1) [release] fps:12.98, dur:1001.83, max:751.82, min:11.11
I/BufferQueue(  122): [FramebufferSurface](this:0x40ce25d8,api:1) [queue] fps:12.99, dur:1000.97, max:758.34, min:16.76
I/Choreographer(17511): Skipped 84 frames!  The application may be doing too much work on its main thread.
I/SurfaceTextureClient(17511): [STC::queueBuffer] (this:0x51937f08) fps:0.59, dur:1693.14, max:1693.14, min:1693.14
I/BufferQueue(  122): [com.first.simpleapplication/com.first.simpleapplication.MainActivity](this:0x4155bae8,api:1) [queue] fps:0.59, dur:1693.29, max:1693.29, min:1693.29
I/BufferQueue(  122): [com.first.simpleapplication/com.first.simpleapplication.MainActivity](this:0x4155bae8,api:1) [release] fps:0.60, dur:1675.43, max:1675.43, min:1675.43
I/AP_PROF (  481): unable to open /proc/mtprof/status entry
I/PowerManagerService(  481): setBrightness mButtonLight 0.
I/SurfaceTextureClient(  743): [STC::queueBuffer] (this:0x52c2fcb8) fps:10.89, dur:2938.63, max:2178.18, min:8.76
I/BufferQueue(  122): [StatusBar](this:0x415f7478,api:1) [queue] fps:10.89, dur:2938.73, max:2178.51, min:6.99
I/BufferQueue(  122): [StatusBar](this:0x415f7478,api:1) [release] fps:10.72, dur:2892.74, max:2170.16, min:10.49
I/SurfaceFlinger(  122): [SurfaceFlinger] fps:8.086040,dur:2720.74,max:2170.26,min:10.50
I/SurfaceTextureClient(  122): [STC::queueBuffer] (this:0x40ce3050) fps:8.07, dur:2725.14, max:2174.72, min:10.56
I/BufferQueue(  122): [FramebufferSurface](this:0x40ce25d8,api:1) [release] fps:8.07, dur:2725.15, max:2174.79, min:10.56
I/BufferQueue(  122): [FramebufferSurface](this:0x40ce25d8,api:1) [queue] fps:8.09, dur:2720.62, max:2170.12, min:16.80
I/AP_PROF (  481): unable to open /proc/mtprof/status entry
I/PowerManagerService(  481): setBrightness mButtonLight 0.
I/AP_PROF (  481): unable to open /proc/mtprof/status entry
I/PowerManagerService(  481): setBrightness mButtonLight 0.
I/AP_PROF (  481): unable to open /proc/mtprof/status entry
I/PowerManagerService(  481): setBrightness mButtonLight 0.
I/AP_PROF (  481): unable to open /proc/mtprof/status entry
I/AP_PROF (  481): unable to open /proc/mtprof/status entry
I/PowerManagerService(  481): setBrightness mButtonLight 0.
I/SurfaceTextureClient(  743): [STC::queueBuffer] (this:0x52c2fcb8) fps:10.95, dur:3013.89, max:2472.48, min:4.16
I/BufferQueue(  122): [StatusBar](this:0x415f7478,api:1) [queue] fps:10.95, dur:3013.73, max:2472.63, min:4.06
I/BufferQueue(  122): [StatusBar](this:0x415f7478,api:1) [release] fps:10.96, dur:3011.35, max:2445.97, min:10.95
I/SurfaceFlinger(  122): [SurfaceFlinger] fps:10.958650,dur:3011.32,max:2446.03,min:10.86
I/SurfaceTextureClient(  122): [STC::queueBuffer] (this:0x40ce3050) fps:10.97, dur:3006.97, max:2446.17, min:10.39
I/BufferQueue(  122): [FramebufferSurface](this:0x40ce25d8,api:1) [release] fps:10.97, dur:3006.96, max:2446.23, min:10.39
I/BufferQueue(  122): [FramebufferSurface](this:0x40ce25d8,api:1) [queue] fps:10.96, dur:3011.48, max:2446.13, min:14.98
I/AP_PROF (  481): unable to open /proc/mtprof/status entry
I/PowerManagerService(  481): setBrightness mButtonLight 0.
I/AP_PROF (  481): unable to open /proc/mtprof/status entry
I/AP_PROF (  481): unable to open /proc/mtprof/status entry
I/PowerManagerService(  481): setBrightness mButtonLight 0.
I/AP_PROF (  481): unable to open /proc/mtprof/status entry
I/AP_PROF (  481): unable to open /proc/mtprof/status entry
I/PowerManagerService(  481): setBrightness mButtonLight 0.
I/AP_PROF (  481): unable to open /proc/mtprof/status entry
I/SurfaceTextureClient(  743): [STC::queueBuffer] (this:0x52c2fcb8) fps:10.97, dur:3009.14, max:2471.61, min:7.09
I/BufferQueue(  122): [StatusBar](this:0x415f7478,api:1) [queue] fps:10.97, dur:3009.07, max:2471.58, min:7.07
I/BufferQueue(  122): [StatusBar](this:0x415f7478,api:1) [release] fps:10.96, dur:3010.27, max:2463.37, min:10.96
I/SurfaceFlinger(  122): [SurfaceFlinger] fps:10.962356,dur:3010.30,max:2463.47,min:10.91
I/SurfaceTextureClient(  122): [STC::queueBuffer] (this:0x40ce3050) fps:10.96, dur:3010.26, max:2463.57, min:8.09
I/BufferQueue(  122): [FramebufferSurface](this:0x40ce25d8,api:1) [release] fps:10.96, dur:3010.27, max:2463.63, min:8.09
I/BufferQueue(  122): [FramebufferSurface](this:0x40ce25d8,api:1) [queue] fps:10.96, dur:3010.25, max:2463.53, min:13.48
I/SurfaceTextureClient(  743): [STC::queueBuffer] (this:0x52c2fcb8) fps:16.15, dur:2043.42, max:1502.70, min:5.91
I/BufferQueue(  122): [StatusBar](this:0x415f7478,api:1) [queue] fps:16.15, dur:2043.49, max:1502.74, min:5.93
I/BufferQueue(  122): [StatusBar](this:0x415f7478,api:1) [release] fps:16.13, dur:2045.58, max:1481.70, min:10.95
I/SurfaceFlinger(  122): [SurfaceFlinger] fps:16.132618,dur:2045.55,max:1481.77,min:10.86
I/SurfaceTextureClient(  122): [STC::queueBuffer] (this:0x40ce3050) fps:16.13, dur:2045.53, max:1481.85, min:10.95
I/BufferQueue(  122): [FramebufferSurface](this:0x40ce25d8,api:1) [release] fps:16.13, dur:2045.52, max:1481.90, min:10.94
I/BufferQueue(  122): [FramebufferSurface](this:0x40ce25d8,api:1) [queue] fps:16.13, dur:2045.54, max:1481.79, min:13.83
I/AlarmManager(  481): reset poweroff alarm none
I/PowerManagerService(  481): setBrightness mButtonLight 0.
I/SurfaceTextureClient(  743): [STC::queueBuffer] (this:0x52c2fcb8) fps:0.47, dur:2149.57, max:2149.57, min:2149.57
I/BufferQueue(  122): [StatusBar](this:0x415f7478,api:1) [queue] fps:0.47, dur:2149.62, max:2149.62, min:2149.62
I/BufferQueue(  122): [StatusBar](this:0x415f7478,api:1) [release] fps:0.46, dur:2150.71, max:2150.71, min:2150.71
I/SurfaceFlinger(  122): [SurfaceFlinger] fps:0.464964,dur:2150.70,max:2150.70,min:2150.70
I/SurfaceTextureClient(  122): [STC::queueBuffer] (this:0x40ce3050) fps:0.46, dur:2150.75, max:2150.75, min:2150.75
I/BufferQueue(  122): [FramebufferSurface](this:0x40ce25d8,api:1) [release] fps:0.46, dur:2150.76, max:2150.76, min:2150.76
I/BufferQueue(  122): [FramebufferSurface](this:0x40ce25d8,api:1) [queue] fps:0.46, dur:2150.67, max:2150.67, min:2150.67
I/PowerManagerService(  481): setBrightness mButtonLight 0.
W/ADB_SERVICES(  152): create_local_service_socket() name=shell:export ANDROID_LOG_TAGS="" ; exec logcat -d
W/ADB_SERVICES(  152): LS(162): bound to 'shell:export ANDROID_LOG_TAGS="" ; exec logcat -d' via 18
W/ADB_SERVICES(17597): adb: unable to open /proc/17597/oom_adj
