I/SurfaceTextureClient(  122): [STC::queueBuffer] (this:0x40ce3050) fps:1.54, dur:1943.88, max:997.44, min:85.95
I/BufferQueue(  122): [FramebufferSurface](this:0x40ce25d8,api:1) [release] fps:1.54, dur:1943.88, max:997.49, min:85.90
I/BufferQueue(  122): [FramebufferSurface](this:0x40ce25d8,api:1) [queue] fps:1.54, dur:1944.59, max:998.04, min:85.95
I/BufferQueue(  122): [FramebufferSurface](this:0x40ce25d8,api:1) [queue] fps:1.00, dur:1000.28, max:1000.28, min:1000.28
I/SurfaceTextureClient(17252): [STC::queueBuffer] (this:0x51937f08) fps:0.98, dur:2047.91, max:1048.88, min:999.03
I/BufferQueue(  122): [com.first.simpleapplication/com.first.simpleapplication.MainActivity](this:0x416871f8,api:1) [queue] fps:0.98, dur:2047.92, max:1048.89, min:999.03
I/BufferQueue(  122): [com.first.simpleapplication/com.first.simpleapplication.MainActivity](this:0x416871f8,api:1) [release] fps:0.98, dur:2046.85, max:1048.91, min:997.94
I/SurfaceFlinger(  122): [SurfaceFlinger] fps:0.977111,dur:2046.85,max:1048.96,min:997.89
I/SurfaceTextureClient(  122): [STC::queueBuffer] (this:0x40ce3050) fps:0.98, dur:2046.85, max:1048.98, min:997.87
I/BufferQueue(  122): [FramebufferSurface](this:0x40ce25d8,api:1) [release] fps:0.98, dur:2046.86, max:1049.03, min:997.83
I/BufferQueue(  122): [FramebufferSurface](this:0x40ce25d8,api:1) [queue] fps:0.96, dur:1045.86, max:1045.86, min:1045.86
W/AudioFlinger(14116): RecordThread: buffer overflow
I/SurfaceTextureClient(  743): [STC::queueBuffer] (this:0x52c2fcb8) fps:0.20, dur:5108.63, max:5108.63, min:5108.63
I/SurfaceTextureClient(  743): [STC::queueBuffer] this:0x52c2fcb8, api:1, last queue time elapsed:5108.63
I/BufferQueue(  122): [StatusBar](this:0x415f7478,api:1) [queue] fps:0.20, dur:5108.60, max:5108.60, min:5108.60
I/BufferQueue(  122): [StatusBar](this:0x415f7478,api:1) [release] fps:0.20, dur:5108.81, max:5108.81, min:5108.81
I/SurfaceFlinger(  122): [SurfaceFlinger] fps:1.661055,dur:1204.05,max:963.61,min:240.45
I/SurfaceTextureClient(  122): [STC::queueBuffer] (this:0x40ce3050) fps:1.66, dur:1204.06, max:963.58, min:240.48
I/BufferQueue(  122): [FramebufferSurface](this:0x40ce25d8,api:1) [release] fps:1.66, dur:1204.06, max:963.53, min:240.53
I/BufferQueue(  122): [FramebufferSurface](this:0x40ce25d8,api:1) [queue] fps:1.66, dur:1206.49, max:963.67, min:242.81
I/SurfaceTextureClient(17252): [STC::queueBuffer] (this:0x51937f08) fps:0.99, dur:2012.75, max:1046.70, min:966.05
I/BufferQueue(  122): [com.first.simpleapplication/com.first.simpleapplication.MainActivity](this:0x416871f8,api:1) [queue] fps:0.99, dur:2012.74, max:1046.76, min:965.98
I/BufferQueue(  122): [com.first.simpleapplication/com.first.simpleapplication.MainActivity](this:0x416871f8,api:1) [release] fps:0.99, dur:2012.78, max:1049.11, min:963.66
I/SurfaceFlinger(  122): [SurfaceFlinger] fps:1.139527,dur:1755.11,max:946.39,min:808.72
I/SurfaceTextureClient(  122): [STC::queueBuffer] (this:0x40ce3050) fps:1.14, dur:1755.12, max:946.42, min:808.70
I/BufferQueue(  122): [FramebufferSurface](this:0x40ce25d8,api:1) [release] fps:1.14, dur:1755.12, max:946.46, min:808.65
I/BufferQueue(  122): [FramebufferSurface](this:0x40ce25d8,api:1) [queue] fps:1.14, dur:1752.77, max:946.47, min:806.30
I/SurfaceTextureClient(17252): [STC::queueBuffer] (this:0x51937f08) fps:1.03, dur:1943.51, max:994.86, min:948.64
I/BufferQueue(  122): [com.first.simpleapplication/com.first.simpleapplication.MainActivity](this:0x416871f8,api:1) [queue] fps:1.03, dur:1943.52, max:994.94, min:948.58
I/BufferQueue(  122): [com.first.simpleapplication/com.first.simpleapplication.MainActivity](this:0x416871f8,api:1) [release] fps:1.03, dur:1943.88, max:997.43, min:946.44
I/SurfaceTextureClient(17252): [STC::queueBuffer] (this:0x51937f08) fps:0.95, dur:1051.49, max:1051.49, min:1051.49
I/BufferQueue(  122): [com.first.simpleapplication/com.first.simpleapplication.MainActivity](this:0x416871f8,api:1) [queue] fps:0.95, dur:1051.48, max:1051.48, min:1051.48
I/BufferQueue(  122): [com.first.simpleapplication/com.first.simpleapplication.MainActivity](this:0x416871f8,api:1) [release] fps:0.95, dur:1049.61, max:1049.61, min:1049.61
I/SurfaceFlinger(  122): [SurfaceFlinger] fps:0.976996,dur:2047.09,max:1049.61,min:997.48
I/SurfaceTextureClient(  122): [STC::queueBuffer] (this:0x40ce3050) fps:0.98, dur:2047.15, max:1049.64, min:997.51
I/BufferQueue(  122): [FramebufferSurface](this:0x40ce25d8,api:1) [release] fps:0.98, dur:2047.15, max:1049.69, min:997.46
I/BufferQueue(  122): [FramebufferSurface](this:0x40ce25d8,api:1) [queue] fps:0.98, dur:2047.04, max:1049.63, min:997.41
I/SurfaceTextureClient(  743): [STC::queueBuffer] (this:0x52c2fcb8) fps:0.19, dur:5130.57, max:5130.57, min:5130.57
I/SurfaceTextureClient(  743): [STC::queueBuffer] this:0x52c2fcb8, api:1, last queue time elapsed:5130.57
I/BufferQueue(  122): [StatusBar](this:0x415f7478,api:1) [queue] fps:0.19, dur:5130.58, max:5130.58, min:5130.58
I/BufferQueue(  122): [StatusBar](this:0x415f7478,api:1) [release] fps:0.20, dur:5126.99, max:5126.99, min:5126.99
I/SurfaceFlinger(  122): [SurfaceFlinger] fps:1.509631,dur:1324.83,max:945.93,min:378.90
I/SurfaceTextureClient(  122): [STC::queueBuffer] (this:0x40ce3050) fps:1.51, dur:1324.77, max:945.81, min:378.96
I/BufferQueue(  122): [FramebufferSurface](this:0x40ce25d8,api:1) [release] fps:1.51, dur:1324.76, max:945.77, min:379.00
I/BufferQueue(  122): [FramebufferSurface](this:0x40ce25d8,api:1) [queue] fps:1.51, dur:1324.74, max:947.72, min:377.02
W/AudioFlinger(14116): RecordThread: buffer overflow
I/SurfaceTextureClient(17252): [STC::queueBuffer] (this:0x51937f08) fps:0.99, dur:2012.03, max:1065.80, min:946.23
I/BufferQueue(  122): [com.first.simpleapplication/com.first.simpleapplication.MainActivity](this:0x416871f8,api:1) [queue] fps:0.99, dur:2012.03, max:1065.87, min:946.16
I/BufferQueue(  122): [com.first.simpleapplication/com.first.simpleapplication.MainActivity](this:0x416871f8,api:1) [release] fps:0.99, dur:2017.06, max:1071.08, min:945.97
I/PowerManagerService(  481): setBrightness mButtonLight 0.
I/PowerManagerService(  481): setBrightness mButtonLight 0.
I/SurfaceFlinger(  122): [SurfaceFlinger] fps:1.223631,dur:1634.48,max:942.22,min:692.26
I/SurfaceTextureClient(  122): [STC::queueBuffer] (this:0x40ce3050) fps:1.22, dur:1637.74, max:945.47, min:692.27
I/BufferQueue(  122): [FramebufferSurface](this:0x40ce25d8,api:1) [release] fps:1.22, dur:1637.75, max:945.52, min:692.23
I/BufferQueue(  122): [FramebufferSurface](this:0x40ce25d8,api:1) [queue] fps:1.22, dur:1634.59, max:946.60, min:688.00
I/SurfaceTextureClient(17252): [STC::queueBuffer] (this:0x51937f08) fps:1.03, dur:1945.42, max:998.91, min:946.52
I/BufferQueue(  122): [com.first.simpleapplication/com.first.simpleapplication.MainActivity](this:0x416871f8,api:1) [queue] fps:1.03, dur:1945.42, max:998.97, min:946.45
I/BufferQueue(  122): [com.first.simpleapplication/com.first.simpleapplication.MainActivity](this:0x416871f8,api:1) [release] fps:1.03, dur:1940.61, max:998.31, min:942.30
I/SurfaceFlinger(  122): [SurfaceFlinger] fps:1.002034,dur:1995.94,max:998.36,min:997.58
I/SurfaceTextureClient(  122): [STC::queueBuffer] (this:0x40ce3050) fps:1.00, dur:1992.71, max:997.66, min:995.05
I/BufferQueue(  122): [FramebufferSurface](this:0x40ce25d8,api:1) [release] fps:1.00, dur:1992.70, max:997.71, min:994.99
I/BufferQueue(  122): [FramebufferSurface](this:0x40ce25d8,api:1) [queue] fps:1.00, dur:1995.95, max:998.31, min:997.64
I/SurfaceTextureClient(17252): [STC::queueBuffer] (this:0x51937f08) fps:1.00, dur:1995.72, max:997.93, min:997.79
I/BufferQueue(  122): [com.first.simpleapplication/com.first.simpleapplication.MainActivity](this:0x416871f8,api:1) [queue] fps:1.00, dur:1995.72, max:997.87, min:997.85
I/BufferQueue(  122): [com.first.simpleapplication/com.first.simpleapplication.MainActivity](this:0x416871f8,api:1) [release] fps:1.00, dur:1995.56, max:997.94, min:997.62
I/SurfaceTextureClient(  743): [STC::queueBuffer] (this:0x52c2fcb8) fps:0.20, dur:5123.51, max:5123.51, min:5123.51
I/SurfaceTextureClient(  743): [STC::queueBuffer] this:0x52c2fcb8, api:1, last queue time elapsed:5123.51
I/BufferQueue(  122): [StatusBar](this:0x415f7478,api:1) [queue] fps:0.20, dur:5123.51, max:5123.51, min:5123.51
I/BufferQueue(  122): [StatusBar](this:0x415f7478,api:1) [release] fps:0.20, dur:5127.15, max:5127.15, min:5127.15
I/SurfaceFlinger(  122): [SurfaceFlinger] fps:1.336279,dur:1496.69,max:997.98,min:498.71
I/SurfaceTextureClient(  122): [STC::queueBuffer] (this:0x40ce3050) fps:1.34, dur:1496.68, max:997.93, min:498.75
I/BufferQueue(  122): [FramebufferSurface](this:0x40ce25d8,api:1) [release] fps:1.34, dur:1496.68, max:997.89, min:498.80
I/BufferQueue(  122): [FramebufferSurface](this:0x40ce25d8,api:1) [queue] fps:1.34, dur:1496.60, max:997.95, min:498.65
W/AudioFlinger(14116): RecordThread: buffer overflow
I/SurfaceTextureClient(17252): [STC::queueBuffer] (this:0x51937f08) fps:0.95, dur:1048.47, max:1048.47, min:1048.47
I/BufferQueue(  122): [com.first.simpleapplication/com.first.simpleapplication.MainActivity](this:0x416871f8,api:1) [queue] fps:0.95, dur:1048.49, max:1048.49, min:1048.49
I/BufferQueue(  122): [com.first.simpleapplication/com.first.simpleapplication.MainActivity](this:0x416871f8,api:1) [release] fps:0.95, dur:1049.31, max:1049.31, min:1049.31
I/SurfaceFlinger(  122): [SurfaceFlinger] fps:1.335804,dur:1497.23,max:946.60,min:550.63
I/SurfaceTextureClient(  122): [STC::queueBuffer] (this:0x40ce3050) fps:1.34, dur:1497.20, max:946.58, min:550.63
I/BufferQueue(  122): [FramebufferSurface](this:0x40ce25d8,api:1) [release] fps:1.34, dur:1497.21, max:946.63, min:550.58
I/BufferQueue(  122): [FramebufferSurface](this:0x40ce25d8,api:1) [queue] fps:1.34, dur:1497.34, max:946.67, min:550.66
I/PowerManagerService(  481): Going to sleep due to screen timeout...
I/PowerManagerService(  481): setBrightness mButtonLight 0.
I/SurfaceFlinger(  122): [doDisplayComposition] skip composition for DisplayDevice(type:0) since dirtyRegion is empty
I/SurfaceFlinger(  122): [doDisplayComposition] skip composition for DisplayDevice(type:0) since dirtyRegion is empty
I/hwcomposer_v1.0(  122): [HWC] Blank(1) Display(0)
I/TV/JNI  (  481): [TVOut] jboolean tvoutPowerEnable(JNIEnv*, jobject, jboolean)(0) ret = 0
I/hdmi    (  481): [HDMI] JNI com.mediatek.hdmi.HDMINative.enableHDMIPOWER(0)
I/PowerManagerService(  481): setBrightness mButtonLight 0.
I/ActivityManager(  481): goingToSleep
I/PowerManagerService(  481): setBrightness mButtonLight 0.
I/PowerManagerService(  481): setBrightness mButtonLight 0.
I/InputMethodManager(17252): handleMessage: MSG_SET_ACTIVE false, was true
I/PowerManagerService(  481): setBrightness mButtonLight 0.
I/PowerManagerService(  481): setBrightness mButtonLight 0.
E/AudioMTKHardware(14116): setParameters() still have param.size() = 1, remain param = "screen_state=off"
I/PowerManagerService(  481): setBrightness mButtonLight 0.
I/PowerManagerService(  481): setBrightness mButtonLight 0.
I/PowerManagerService(  481): setBrightness mButtonLight 0.
I/PowerManagerService(  481): setBrightness mButtonLight 0.
I/PowerManagerService(  481): setBrightness mButtonLight 0.
I/PowerManagerService(  481): Waking up from sleep...
I/PowerManagerService(  481): setBrightness mButtonLight, screenBrightness=102
I/WindowManager(  481): Lock screen displayed!
I/ActivityManager(  481): wakingUp
I/libPerfService(  481): 1: set: 2
W/ContextImpl(  481): Calling a method in the system process without a qualified user: android.app.ContextImpl.sendBroadcast:1151 com.android.server.AlarmManagerService$ClockReceiver.onReceive:1140 android.app.LoadedApk$ReceiverDispatcher$Args.run:788 android.os.Handler.handleCallback:800 android.os.Handler.dispatchMessage:100 
I/SurfaceTextureClient(  743): [STC::queueBuffer] (this:0x52c2fcb8) fps:0.28, dur:3594.63, max:3594.63, min:3594.63
I/SurfaceTextureClient(  481): [STC::queueBuffer] (this:0x577f3a78) fps:0.02, dur:53009.88, max:53009.88, min:53009.88
I/SurfaceTextureClient(  481): [STC::queueBuffer] this:0x577f3a78, api:2, last queue time elapsed:53009.88
I/BufferQueue(  122): [Starting com.android.settings](this:0x40ceaee0,api:2) [queue] fps:0.02, dur:53028.49, max:53028.49, min:53028.49
I/BufferQueue(  122): [StatusBar](this:0x415f7478,api:1) [queue] fps:0.28, dur:3614.30, max:3614.30, min:3614.30
I/PowerManagerService(  481): setBrightness mButtonLight, screenBrightness=102
I/BufferQueue(  122): [Starting com.android.settings](this:0x40ceaee0,api:2) [release] fps:0.02, dur:53031.56, max:53031.56, min:53031.56
I/BufferQueue(  122): [StatusBar](this:0x415f7478,api:1) [release] fps:0.28, dur:3629.55, max:3629.55, min:3629.55
I/SurfaceTextureClient(17252): [STC::queueBuffer] (this:0x51937f08) fps:0.65, dur:3089.79, max:2143.66, min:946.13
I/BufferQueue(  122): [com.first.simpleapplication/com.first.simpleapplication.MainActivity](this:0x416871f8,api:1) [queue] fps:0.65, dur:3089.92, max:2143.86, min:946.06
E/AudioMTKHardware(14116): setParameters() still have param.size() = 1, remain param = "screen_state=on"
I/BufferQueue(  122): [com.first.simpleapplication/com.first.simpleapplication.MainActivity](this:0x416871f8,api:1) [release] fps:0.64, dur:3112.29, max:2165.62, min:946.67
I/PowerManagerService(  481): setBrightness mButtonLight, screenBrightness=102
I/PowerManagerService(  481): setBrightness mButtonLight, screenBrightness=102
I/PowerManagerService(  481): setBrightness mButtonLight, screenBrightness=102
I/PowerManagerService(  481): setBrightness mButtonLight, screenBrightness=102
I/PowerManagerService(  481): setBrightness mButtonLight, screenBrightness=102
I/InputMethodManager(17252): handleMessage: MSG_SET_ACTIVE true, was false
I/PowerManagerService(  481): setBrightness mButtonLight, screenBrightness=102
I/PowerManagerService(  481): setBrightness mButtonLight, screenBrightness=102
I/PowerManagerService(  481): setBrightness mButtonLight, screenBrightness=102
I/PowerManagerService(  481): setBrightness mButtonLight, screenBrightness=102
I/libPerfService(  481): 1: set: 1
I/PowerManagerService(  481): setBrightness mButtonLight, screenBrightness=102
I/PowerManagerService(  481): setBrightness mButtonLight, screenBrightness=102
I/PowerManagerService(  481): setBrightness mButtonLight, screenBrightness=102
I/PowerManagerService(  481): setBrightness mButtonLight, screenBrightness=102
W/Provider/Settings(  743): Setting airplane_mode_on has moved from android.provider.Settings.System to android.provider.Settings.Global, returning read-only value.
E/        (14116): AudioCloseDumpPCMFile file== NULL
E/        (14116): AudioCloseDumpPCMFile file== NULL
E/        (14116): AudioCloseDumpPCMFile file== NULL
E/        (14116): AudioCloseDumpPCMFile file== NULL
I/PowerManagerService(  481): setBrightness mButtonLight, screenBrightness=102
E/        (14116): AudioCloseDumpPCMFile file== NULL
E/        (14116): AudioCloseDumpPCMFile file== NULL
I/PowerManagerService(  481): setBrightness mButtonLight, screenBrightness=102
I/PowerManagerService(  481): setBrightness mButtonLight, screenBrightness=102
W/AudioMachineDevice(14116): AnalogSetMux warning
W/AudioMachineDevice(14116): AnalogSetMux warning
W/AudioPlatformDevice(14116): AudioPlatformDevice Bypass AnalogOpen with DeviceType = 13
W/AudioMachineDevice(14116): AudioMachineDevice Bypass AnalogOpen with DeviceType = 13
I/hwcomposer_v1.0(  122): [HWC] Blank(0) Display(0)
I/SurfaceFlinger(  122): [SurfaceFlinger] fps:9.899623,dur:2424.33,max:1798.81,min:15.26
I/SurfaceTextureClient(  122): [STC::queueBuffer] (this:0x40ce3050) fps:9.90, dur:2423.84, max:1797.78, min:15.18
I/BufferQueue(  122): [FramebufferSurface](this:0x40ce25d8,api:1) [release] fps:9.90, dur:2423.84, max:1797.83, min:15.17
I/TV/JNI  (  481): [TVOut] jboolean tvoutPowerEnable(JNIEnv*, jobject, jboolean)(1) ret = 0
I/hdmi    (  481): [HDMI] JNI com.mediatek.hdmi.HDMINative.enableHDMIPOWER(1)
I/BufferQueue(  122): [FramebufferSurface](this:0x40ce25d8,api:1) [queue] fps:9.90, dur:2424.67, max:1805.87, min:13.27
I/PowerManagerService(  481): setBrightness mButtonLight, screenBrightness=102
W/AudioTrack(17252): stepUser occurred after track reset
I/SurfaceTextureClient(  743): [STC::queueBuffer] (this:0x52c2fcb8) fps:1.98, dur:1517.87, max:1304.73, min:64.71
I/BufferQueue(  122): [StatusBar](this:0x415f7478,api:1) [queue] fps:2.00, dur:1497.96, max:1304.84, min:48.20
I/BufferQueue(  122): [StatusBar](this:0x415f7478,api:1) [release] fps:2.02, dur:1483.45, max:1299.33, min:33.47
I/SurfaceFlinger(  122): [SurfaceFlinger] fps:1.678515,dur:1191.53,max:1169.69,min:21.84
I/SurfaceTextureClient(  122): [STC::queueBuffer] (this:0x40ce3050) fps:1.68, dur:1192.29, max:1170.09, min:22.20
I/BufferQueue(  122): [FramebufferSurface](this:0x40ce25d8,api:1) [release] fps:1.68, dur:1192.29, max:1170.14, min:22.15
I/BufferQueue(  122): [FramebufferSurface](this:0x40ce25d8,api:1) [queue] fps:1.68, dur:1190.54, max:1170.07, min:20.48
I/SurfaceTextureClient(17252): [STC::queueBuffer] (this:0x51937f08) fps:0.66, dur:1506.87, max:1506.87, min:1506.87
I/BufferQueue(  122): [com.first.simpleapplication/com.first.simpleapplication.MainActivity](this:0x416871f8,api:1) [queue] fps:0.66, dur:1506.84, max:1506.84, min:1506.84
I/BufferQueue(  122): [com.first.simpleapplication/com.first.simpleapplication.MainActivity](this:0x416871f8,api:1) [release] fps:0.67, dur:1483.64, max:1483.64, min:1483.64
W/AudioFlinger(14116): RecordThread: buffer overflow
I/AlarmManager(  481): reset poweroff alarm none
I/PowerManagerService(  481): setBrightness mButtonLight, screenBrightness=102
I/PowerManagerService(  481): setBrightness mButtonLight, screenBrightness=102
I/SurfaceTextureClient(17252): [STC::queueBuffer] (this:0x51937f08) fps:0.96, dur:2077.88, max:1424.13, min:653.75
I/BufferQueue(  122): [com.first.simpleapplication/com.first.simpleapplication.MainActivity](this:0x416871f8,api:1) [queue] fps:0.96, dur:2078.44, max:1424.75, min:653.69
I/BufferQueue(  122): [com.first.simpleapplication/com.first.simpleapplication.MainActivity](this:0x416871f8,api:1) [release] fps:0.96, dur:2081.95, max:1428.15, min:653.80
I/SurfaceFlinger(  122): [SurfaceFlinger] fps:1.418177,dur:2115.39,max:1428.12,min:33.45
I/SurfaceTextureClient(  122): [STC::queueBuffer] (this:0x40ce3050) fps:1.42, dur:2115.19, max:1428.13, min:33.03
I/BufferQueue(  122): [FramebufferSurface](this:0x40ce25d8,api:1) [release] fps:1.42, dur:2115.17, max:1428.18, min:32.97
I/BufferQueue(  122): [FramebufferSurface](this:0x40ce25d8,api:1) [queue] fps:1.42, dur:2115.95, max:1428.13, min:34.08
I/SurfaceTextureClient(17252): [STC::queueBuffer] (this:0x51937f08) fps:0.96, dur:2084.58, max:1490.89, min:593.69
I/BufferQueue(  122): [com.first.simpleapplication/com.first.simpleapplication.MainActivity](this:0x416871f8,api:1) [queue] fps:0.96, dur:2083.90, max:1490.92, min:592.99
I/BufferQueue(  122): [com.first.simpleapplication/com.first.simpleapplication.MainActivity](this:0x416871f8,api:1) [release] fps:0.96, dur:2084.93, max:1482.93, min:602.00
I/SurfaceFlinger(  122): [SurfaceFlinger] fps:0.959244,dur:2084.97,max:1483.02,min:601.95
I/SurfaceTextureClient(  122): [STC::queueBuffer] (this:0x40ce3050) fps:0.96, dur:2085.02, max:1483.19, min:601.84
I/BufferQueue(  122): [FramebufferSurface](this:0x40ce25d8,api:1) [release] fps:0.96, dur:2085.03, max:1483.24, min:601.79
I/BufferQueue(  122): [FramebufferSurface](this:0x40ce25d8,api:1) [queue] fps:0.96, dur:2081.72, max:1479.71, min:602.01
I/PowerManagerService(  481): setBrightness mButtonLight 0.
I/SurfaceTextureClient(  743): [STC::queueBuffer] (this:0x52c2fcb8) fps:0.20, dur:5126.55, max:5126.55, min:5126.55
I/SurfaceTextureClient(  743): [STC::queueBuffer] this:0x52c2fcb8, api:1, last queue time elapsed:5126.55
I/BufferQueue(  122): [StatusBar](this:0x415f7478,api:1) [queue] fps:0.20, dur:5126.63, max:5126.63, min:5126.63
I/BufferQueue(  122): [StatusBar](this:0x415f7478,api:1) [release] fps:0.20, dur:5125.90, max:5125.90, min:5125.90
W/AudioFlinger(14116): RecordThread: buffer overflow
I/SurfaceTextureClient(17252): [STC::queueBuffer] (this:0x51937f08) fps:1.03, dur:1945.54, max:1394.64, min:550.90
I/BufferQueue(  122): [com.first.simpleapplication/com.first.simpleapplication.MainActivity](this:0x416871f8,api:1) [queue] fps:1.03, dur:1946.39, max:1395.45, min:550.94
I/BufferQueue(  122): [com.first.simpleapplication/com.first.simpleapplication.MainActivity](this:0x416871f8,api:1) [release] fps:1.03, dur:1940.90, max:1391.26, min:549.63
I/SurfaceFlinger(  122): [SurfaceFlinger] fps:1.545711,dur:1940.85,max:1015.41,min:375.90
I/SurfaceTextureClient(  122): [STC::queueBuffer] (this:0x40ce3050) fps:1.55, dur:1940.79, max:1015.37, min:375.94
I/BufferQueue(  122): [FramebufferSurface](this:0x40ce25d8,api:1) [release] fps:1.55, dur:1940.78, max:1015.41, min:375.94
I/BufferQueue(  122): [FramebufferSurface](this:0x40ce25d8,api:1) [queue] fps:1.54, dur:1944.06, max:1015.35, min:378.57
I/SurfaceTextureClient(17252): [STC::queueBuffer] (this:0x51937f08) fps:0.93, dur:2152.21, max:1602.54, min:549.67
I/BufferQueue(  122): [com.first.simpleapplication/com.first.simpleapplication.MainActivity](this:0x416871f8,api:1) [queue] fps:0.93, dur:2151.37, max:1602.61, min:548.76
I/BufferQueue(  122): [com.first.simpleapplication/com.first.simpleapplication.MainActivity](this:0x416871f8,api:1) [release] fps:0.93, dur:2150.21, max:1600.17, min:550.04
I/SurfaceFlinger(  122): [SurfaceFlinger] fps:0.930143,dur:2150.21,max:1600.21,min:549.99
I/SurfaceTextureClient(  122): [STC::queueBuffer] (this:0x40ce3050) fps:0.93, dur:2150.20, max:1600.27, min:549.92
I/BufferQueue(  122): [FramebufferSurface](this:0x40ce25d8,api:1) [release] fps:0.93, dur:2150.19, max:1600.32, min:549.88
I/BufferQueue(  122): [FramebufferSurface](this:0x40ce25d8,api:1) [queue] fps:0.93, dur:2150.27, max:1600.17, min:550.10
I/SurfaceTextureClient(  743): [STC::queueBuffer] (this:0x52c2fcb8) fps:0.20, dur:5110.41, max:5110.41, min:5110.41
I/SurfaceTextureClient(  743): [STC::queueBuffer] this:0x52c2fcb8, api:1, last queue time elapsed:5110.41
I/BufferQueue(  122): [StatusBar](this:0x415f7478,api:1) [queue] fps:0.20, dur:5110.57, max:5110.57, min:5110.57
I/BufferQueue(  122): [StatusBar](this:0x415f7478,api:1) [release] fps:0.20, dur:5109.65, max:5109.65, min:5109.65
I/SurfaceFlinger(  122): [SurfaceFlinger] fps:1.028755,dur:1944.10,max:1583.07,min:361.03
I/SurfaceTextureClient(  122): [STC::queueBuffer] (this:0x40ce3050) fps:1.03, dur:1944.07, max:1583.11, min:360.97
I/BufferQueue(  122): [FramebufferSurface](this:0x40ce25d8,api:1) [release] fps:1.03, dur:1944.08, max:1583.16, min:360.92
I/BufferQueue(  122): [FramebufferSurface](this:0x40ce25d8,api:1) [queue] fps:1.03, dur:1944.03, max:1582.95, min:361.08
I/SurfaceTextureClient(17252): [STC::queueBuffer] (this:0x51937f08) fps:0.99, dur:2013.74, max:1652.55, min:361.19
I/BufferQueue(  122): [com.first.simpleapplication/com.first.simpleapplication.MainActivity](this:0x416871f8,api:1) [queue] fps:0.99, dur:2013.74, max:1652.55, min:361.19
I/BufferQueue(  122): [com.first.simpleapplication/com.first.simpleapplication.MainActivity](this:0x416871f8,api:1) [release] fps:0.99, dur:2012.49, max:1651.41, min:361.07
W/AudioFlinger(14116): RecordThread: buffer overflow
I/SurfaceTextureClient(17252): [STC::queueBuffer] (this:0x51937f08) fps:0.98, dur:2047.34, max:1809.62, min:237.72
I/BufferQueue(  122): [com.first.simpleapplication/com.first.simpleapplication.MainActivity](this:0x416871f8,api:1) [queue] fps:0.98, dur:2047.48, max:1809.82, min:237.66
I/BufferQueue(  122): [com.first.simpleapplication/com.first.simpleapplication.MainActivity](this:0x416871f8,api:1) [release] fps:0.98, dur:2047.33, max:1806.52, min:240.82
I/SurfaceFlinger(  122): [SurfaceFlinger] fps:1.417961,dur:2115.71,max:1806.57,min:68.39
I/SurfaceTextureClient(  122): [STC::queueBuffer] (this:0x40ce3050) fps:1.42, dur:2115.71, max:1803.32, min:68.39
I/BufferQueue(  122): [FramebufferSurface](this:0x40ce25d8,api:1) [release] fps:1.42, dur:2115.70, max:1803.36, min:68.34
I/BufferQueue(  122): [FramebufferSurface](this:0x40ce25d8,api:1) [queue] fps:1.42, dur:2115.78, max:1806.52, min:68.45
I/SurfaceTextureClient(17252): [STC::queueBuffer] (this:0x51937f08) fps:1.06, dur:1887.80, max:1599.24, min:288.56
I/BufferQueue(  122): [com.first.simpleapplication/com.first.simpleapplication.MainActivity](this:0x416871f8,api:1) [queue] fps:1.06, dur:1887.66, max:1599.31, min:288.35
I/BufferQueue(  122): [com.first.simpleapplication/com.first.simpleapplication.MainActivity](this:0x416871f8,api:1) [release] fps:1.06, dur:1892.36, max:1600.14, min:292.22
I/SurfaceFlinger(  122): [SurfaceFlinger] fps:1.056875,dur:1892.37,max:1600.16,min:292.21
I/SurfaceTextureClient(  122): [STC::queueBuffer] (this:0x40ce3050) fps:1.06, dur:1892.45, max:1600.28, min:292.17
I/BufferQueue(  122): [FramebufferSurface](this:0x40ce25d8,api:1) [release] fps:1.06, dur:1892.45, max:1600.33, min:292.12
I/BufferQueue(  122): [FramebufferSurface](this:0x40ce25d8,api:1) [queue] fps:1.06, dur:1892.41, max:1600.18, min:292.23
I/SurfaceTextureClient(  743): [STC::queueBuffer] (this:0x52c2fcb8) fps:0.19, dur:5128.76, max:5128.76, min:5128.76
I/SurfaceTextureClient(  743): [STC::queueBuffer] this:0x52c2fcb8, api:1, last queue time elapsed:5128.76
I/BufferQueue(  122): [StatusBar](this:0x415f7478,api:1) [queue] fps:0.19, dur:5128.76, max:5128.76, min:5128.76
I/BufferQueue(  122): [StatusBar](this:0x415f7478,api:1) [release] fps:0.20, dur:5125.72, max:5125.72, min:5125.72
I/SurfaceFlinger(  122): [SurfaceFlinger] fps:1.789607,dur:1117.56,max:670.67,min:446.89
I/SurfaceTextureClient(  122): [STC::queueBuffer] (this:0x40ce3050) fps:1.79, dur:1117.47, max:670.68, min:446.79
I/BufferQueue(  122): [FramebufferSurface](this:0x40ce25d8,api:1) [release] fps:1.79, dur:1117.47, max:670.73, min:446.74
I/BufferQueue(  122): [FramebufferSurface](this:0x40ce25d8,api:1) [queue] fps:1.79, dur:1117.52, max:670.61, min:446.90
W/AudioFlinger(14116): RecordThread: buffer overflow
I/SurfaceTextureClient(17252): [STC::queueBuffer] (this:0x51937f08) fps:1.02, dur:1966.24, max:1518.88, min:447.36
I/BufferQueue(  122): [com.first.simpleapplication/com.first.simpleapplication.MainActivity](this:0x416871f8,api:1) [queue] fps:1.02, dur:1966.40, max:1519.08, min:447.32
I/BufferQueue(  122): [com.first.simpleapplication/com.first.simpleapplication.MainActivity](this:0x416871f8,api:1) [release] fps:1.01, dur:1978.08, max:1531.14, min:446.95
I/SurfaceFlinger(  122): [SurfaceFlinger] fps:1.490415,dur:1341.91,max:860.52,min:481.39
I/SurfaceTextureClient(  122): [STC::queueBuffer] (this:0x40ce3050) fps:1.49, dur:1342.03, max:860.50, min:481.52
I/BufferQueue(  122): [FramebufferSurface](this:0x40ce25d8,api:1) [release] fps:1.49, dur:1342.03, max:860.46, min:481.57
I/BufferQueue(  122): [FramebufferSurface](this:0x40ce25d8,api:1) [queue] fps:1.49, dur:1341.95, max:860.54, min:481.41
I/SurfaceTextureClient(17252): [STC::queueBuffer] (this:0x51937f08) fps:0.98, dur:2042.06, max:1546.10, min:495.97
I/BufferQueue(  122): [com.first.simpleapplication/com.first.simpleapplication.MainActivity](this:0x416871f8,api:1) [queue] fps:0.98, dur:2045.47, max:1549.69, min:495.78
I/BufferQueue(  122): [com.first.simpleapplication/com.first.simpleapplication.MainActivity](this:0x416871f8,api:1) [release] fps:0.99, dur:2029.90, max:1548.46, min:481.44
I/SurfaceFlinger(  122): [SurfaceFlinger] fps:0.645781,dur:1548.51,max:1548.51,min:1548.51
I/SurfaceTextureClient(  122): [STC::queueBuffer] (this:0x40ce3050) fps:0.65, dur:1548.43, max:1548.43, min:1548.43
I/BufferQueue(  122): [FramebufferSurface](this:0x40ce25d8,api:1) [release] fps:0.65, dur:1548.43, max:1548.43, min:1548.43
I/BufferQueue(  122): [FramebufferSurface](this:0x40ce25d8,api:1) [queue] fps:0.65, dur:1548.49, max:1548.49, min:1548.49
I/SurfaceTextureClient(17252): [STC::queueBuffer] (this:0x51937f08) fps:0.98, dur:2046.69, max:1650.96, min:395.72
I/BufferQueue(  122): [com.first.simpleapplication/com.first.simpleapplication.MainActivity](this:0x416871f8,api:1) [queue] fps:0.98, dur:2043.13, max:1651.04, min:392.09
I/BufferQueue(  122): [com.first.simpleapplication/com.first.simpleapplication.MainActivity](this:0x416871f8,api:1) [release] fps:0.98, dur:2048.34, max:1647.93, min:400.40
I/SurfaceFlinger(  122): [SurfaceFlinger] fps:0.976379,dur:2048.38,max:1648.02,min:400.36
I/SurfaceTextureClient(  122): [STC::queueBuffer] (this:0x40ce3050) fps:0.98, dur:2048.49, max:1648.13, min:400.36
I/BufferQueue(  122): [FramebufferSurface](this:0x40ce25d8,api:1) [release] fps:0.98, dur:2048.50, max:1648.18, min:400.32
I/BufferQueue(  122): [FramebufferSurface](this:0x40ce25d8,api:1) [queue] fps:0.98, dur:2047.11, max:1651.84, min:395.27
I/SurfaceTextureClient(  743): [STC::queueBuffer] (this:0x52c2fcb8) fps:0.20, dur:5122.39, max:5122.39, min:5122.39
I/SurfaceTextureClient(  743): [STC::queueBuffer] this:0x52c2fcb8, api:1, last queue time elapsed:5122.39
I/BufferQueue(  122): [StatusBar](this:0x415f7478,api:1) [queue] fps:0.20, dur:5122.40, max:5122.40, min:5122.40
I/BufferQueue(  122): [StatusBar](this:0x415f7478,api:1) [release] fps:0.20, dur:5126.37, max:5126.37, min:5126.37
W/AudioTrack(17252): stepUser occurred after track reset
W/AudioFlinger(14116): RecordThread: buffer overflow
I/SurfaceTextureClient(17252): [STC::queueBuffer] (this:0x51937f08) fps:1.03, dur:1944.47, max:1599.28, min:345.18
I/BufferQueue(  122): [com.first.simpleapplication/com.first.simpleapplication.MainActivity](this:0x416871f8,api:1) [queue] fps:1.03, dur:1944.46, max:1599.35, min:345.11
I/BufferQueue(  122): [com.first.simpleapplication/com.first.simpleapplication.MainActivity](this:0x416871f8,api:1) [release] fps:1.03, dur:1942.38, max:1600.05, min:342.33
I/SurfaceFlinger(  122): [SurfaceFlinger] fps:1.544541,dur:1942.33,max:1600.10,min:154.64
I/SurfaceTextureClient(  122): [STC::queueBuffer] (this:0x40ce3050) fps:1.54, dur:1942.20, max:1600.15, min:154.47
I/BufferQueue(  122): [FramebufferSurface](this:0x40ce25d8,api:1) [release] fps:1.54, dur:1942.20, max:1600.19, min:154.47
I/BufferQueue(  122): [FramebufferSurface](this:0x40ce25d8,api:1) [queue] fps:1.54, dur:1943.61, max:1600.05, min:154.73
I/PowerManagerService(  481): setBrightness mButtonLight 0.
I/PowerManagerService(  481): setBrightness mButtonLight 0.
I/ActivityManager(  481): Start proc com.google.android.gsf.login for service com.google.android.gsf.login/com.google.android.gsf.loginservice.GoogleLoginService: pid=17293 uid=10023 gids={50023, 3003, 1007, 1028, 1015, 1006, 3002, 3001, 2001, 3006}
W/asset   (17293): AssetManager-->addDefaultAssets CIP path not exsit!
I/ActivityManager(  481): No longer want com.android.keychain (pid 17169): empty #17
D/libc-netbsd(  118): getaddrinfo: play.googleapis.com NO result from proxy 
D/libc-netbsd(16914): getaddrinfo: play.googleapis.com NO result from proxy 
I/System.out(16914): [CDS][DNS]Unable to resolve host "play.googleapis.com": No address associated with hostname
E/PlayEventLogger(16914): Upload failed class java.net.UnknownHostException(Unable to resolve host "play.googleapis.com": No address associated with hostname)
W/SocketClient(  118): write error (Broken pipe)
I/SurfaceTextureClient(17252): [STC::queueBuffer] (this:0x51937f08) fps:0.99, dur:2016.48, max:1599.44, min:417.03
I/BufferQueue(  122): [com.first.simpleapplication/com.first.simpleapplication.MainActivity](this:0x416871f8,api:1) [queue] fps:0.99, dur:2016.48, max:1599.47, min:417.01
I/BufferQueue(  122): [com.first.simpleapplication/com.first.simpleapplication.MainActivity](this:0x416871f8,api:1) [release] fps:0.99, dur:2013.44, max:1600.31, min:413.13
I/SurfaceFlinger(  122): [SurfaceFlinger] fps:0.993324,dur:2013.44,max:1600.36,min:413.08
I/SurfaceTextureClient(  122): [STC::queueBuffer] (this:0x40ce3050) fps:0.99, dur:2013.45, max:1600.38, min:413.06
I/BufferQueue(  122): [FramebufferSurface](this:0x40ce25d8,api:1) [release] fps:0.99, dur:2013.45, max:1600.43, min:413.02
I/BufferQueue(  122): [FramebufferSurface](this:0x40ce25d8,api:1) [queue] fps:0.99, dur:2013.42, max:1600.38, min:413.04
I/SurfaceTextureClient(  743): [STC::queueBuffer] (this:0x52c2fcb8) fps:0.20, dur:5110.15, max:5110.15, min:5110.15
I/SurfaceTextureClient(  743): [STC::queueBuffer] this:0x52c2fcb8, api:1, last queue time elapsed:5110.15
I/BufferQueue(  122): [StatusBar](this:0x415f7478,api:1) [queue] fps:0.20, dur:5110.15, max:5110.15, min:5110.15
I/BufferQueue(  122): [StatusBar](this:0x415f7478,api:1) [release] fps:0.20, dur:5112.35, max:5112.35, min:5112.35
I/SurfaceFlinger(  122): [SurfaceFlinger] fps:1.487912,dur:1344.17,max:1050.06,min:294.11
I/SurfaceTextureClient(  122): [STC::queueBuffer] (this:0x40ce3050) fps:1.49, dur:1344.25, max:1050.14, min:294.12
I/BufferQueue(  122): [FramebufferSurface](this:0x40ce25d8,api:1) [release] fps:1.49, dur:1344.26, max:1050.18, min:294.07
I/BufferQueue(  122): [FramebufferSurface](this:0x40ce25d8,api:1) [queue] fps:1.49, dur:1341.50, max:1049.35, min:292.15
W/AudioTrack(17252): stepUser occurred after track reset
I/SurfaceTextureClient(17252): [STC::queueBuffer] (this:0x51937f08) fps:0.96, dur:2078.05, max:1789.67, min:288.38
I/BufferQueue(  122): [com.first.simpleapplication/com.first.simpleapplication.MainActivity](this:0x416871f8,api:1) [queue] fps:0.96, dur:2078.05, max:1789.67, min:288.38
I/BufferQueue(  122): [com.first.simpleapplication/com.first.simpleapplication.MainActivity](this:0x416871f8,api:1) [release] fps:0.96, dur:2082.01, max:1787.85, min:294.16
W/AudioFlinger(14116): RecordThread: buffer overflow
I/SurfaceTextureClient(17252): [STC::queueBuffer] (this:0x51937f08) fps:1.02, dur:1968.60, max:1762.11, min:206.49
I/BufferQueue(  122): [com.first.simpleapplication/com.first.simpleapplication.MainActivity](this:0x416871f8,api:1) [queue] fps:1.02, dur:1968.67, max:1762.24, min:206.43
I/BufferQueue(  122): [com.first.simpleapplication/com.first.simpleapplication.MainActivity](this:0x416871f8,api:1) [release] fps:1.01, dur:1978.48, max:1772.21, min:206.27
I/SurfaceFlinger(  122): [SurfaceFlinger] fps:1.104432,dur:2716.33,max:1772.27,min:206.22
I/SurfaceTextureClient(  122): [STC::queueBuffer] (this:0x40ce3050) fps:1.10, dur:2716.35, max:1772.40, min:206.16
I/BufferQueue(  122): [FramebufferSurface](this:0x40ce25d8,api:1) [release] fps:1.10, dur:2716.35, max:1772.44, min:206.16
I/BufferQueue(  122): [FramebufferSurface](this:0x40ce25d8,api:1) [queue] fps:1.10, dur:2718.96, max:1772.18, min:206.26
I/PowerManagerService(  481): Going to sleep due to screen timeout...
I/PowerManagerService(  481): setBrightness mButtonLight 0.
I/SurfaceFlinger(  122): [doDisplayComposition] skip composition for DisplayDevice(type:0) since dirtyRegion is empty
I/SurfaceFlinger(  122): [doDisplayComposition] skip composition for DisplayDevice(type:0) since dirtyRegion is empty
I/hwcomposer_v1.0(  122): [HWC] Blank(1) Display(0)
I/TV/JNI  (  481): [TVOut] jboolean tvoutPowerEnable(JNIEnv*, jobject, jboolean)(0) ret = 0
I/hdmi    (  481): [HDMI] JNI com.mediatek.hdmi.HDMINative.enableHDMIPOWER(0)
I/PowerManagerService(  481): setBrightness mButtonLight 0.
I/ActivityManager(  481): goingToSleep
I/PowerManagerService(  481): setBrightness mButtonLight 0.
I/PowerManagerService(  481): setBrightness mButtonLight 0.
I/InputMethodManager(17252): handleMessage: MSG_SET_ACTIVE false, was true
I/PowerManagerService(  481): setBrightness mButtonLight 0.
I/PowerManagerService(  481): setBrightness mButtonLight 0.
E/AudioMTKHardware(14116): setParameters() still have param.size() = 1, remain param = "screen_state=off"
I/PowerManagerService(  481): setBrightness mButtonLight 0.
I/PowerManagerService(  481): setBrightness mButtonLight 0.
I/PowerManagerService(  481): setBrightness mButtonLight 0.
I/PowerManagerService(  481): setBrightness mButtonLight 0.
I/PowerManagerService(  481): setBrightness mButtonLight 0.
W/AudioTrack(17252): stepUser occurred after track reset
W/AudioFlinger(14116): RecordThread: buffer overflow
I/AlarmManager(  481): reset poweroff alarm none
I/PowerManagerService(  481): setBrightness mButtonLight 0.
I/PowerManagerService(  481): setBrightness mButtonLight 0.
I/AlarmManager(  481): reset poweroff alarm none
I/PowerManagerService(  481): setBrightness mButtonLight 0.
I/PowerManagerService(  481): setBrightness mButtonLight 0.
W/AudioFlinger(14116): RecordThread: buffer overflow
W/AudioDigitalControl(14116): GetAfeDigitalStatus mAudioMEMIF[2] state = 1, mAudioDigitalBlock = 1
W/AudioDigitalControl(14116): SetAfeEnable disable but digital still running
E/        (14116): AudioCloseDumpPCMFile file== NULL
E/        (14116): AudioCloseDumpPCMFile file== NULL
I/PowerManagerService(  481): setBrightness mButtonLight 0.
I/PowerManagerService(  481): setBrightness mButtonLight 0.
I/PowerManagerService(  481): setBrightness mButtonLight 0.
I/PowerManagerService(  481): setBrightness mButtonLight 0.
I/PowerManagerService(  481): setBrightness mButtonLight 0.
E/        (14116): AudioCloseDumpPCMFile file== NULL
E/        (14116): AudioCloseDumpPCMFile file== NULL
W/AudioFlinger(14116): RecordThread: buffer overflow
W/AudioFlinger(14116): RecordThread: buffer overflow
W/AudioFlinger(14116): RecordThread: buffer overflow
I/PowerManagerService(  481): Waking up from sleep...
I/PowerManagerService(  481): setBrightness mButtonLight, screenBrightness=102
I/WindowManager(  481): Lock screen displayed!
I/ActivityManager(  481): wakingUp
I/libPerfService(  481): 1: set: 2
W/ContextImpl(  481): Calling a method in the system process without a qualified user: android.app.ContextImpl.sendBroadcast:1151 com.android.server.AlarmManagerService$ClockReceiver.onReceive:1140 android.app.LoadedApk$ReceiverDispatcher$Args.run:788 android.os.Handler.handleCallback:800 android.os.Handler.dispatchMessage:100 
I/PowerManagerService(  481): setBrightness mButtonLight, screenBrightness=102
I/SurfaceTextureClient(  481): [STC::queueBuffer] (this:0x577f3a78) fps:0.02, dur:56861.13, max:56861.13, min:56861.13
I/SurfaceTextureClient(  481): [STC::queueBuffer] this:0x577f3a78, api:2, last queue time elapsed:56861.13
I/BufferQueue(  122): [Starting com.android.settings](this:0x40ceaee0,api:2) [queue] fps:0.02, dur:56842.51, max:56842.51, min:56842.51
I/SurfaceTextureClient(  743): [STC::queueBuffer] (this:0x52c2fcb8) fps:0.03, dur:29753.91, max:29753.91, min:29753.91
I/SurfaceTextureClient(  743): [STC::queueBuffer] this:0x52c2fcb8, api:1, last queue time elapsed:29753.91
I/BufferQueue(  122): [StatusBar](this:0x415f7478,api:1) [queue] fps:0.03, dur:29753.68, max:29753.68, min:29753.68
I/BufferQueue(  122): [Starting com.android.settings](this:0x40ceaee0,api:2) [release] fps:0.02, dur:56844.98, max:56844.98, min:56844.98
I/BufferQueue(  122): [StatusBar](this:0x415f7478,api:1) [release] fps:0.03, dur:29761.55, max:29761.55, min:29761.55
I/SurfaceTextureClient(17252): [STC::queueBuffer] (this:0x51937f08) fps:0.04, dur:27064.92, max:27064.92, min:27064.92
I/SurfaceTextureClient(17252): [STC::queueBuffer] this:0x51937f08, api:1, last queue time elapsed:27064.92
I/BufferQueue(  122): [com.first.simpleapplication/com.first.simpleapplication.MainActivity](this:0x416871f8,api:1) [queue] fps:0.04, dur:27070.24, max:27070.24, min:27070.24
I/BufferQueue(  122): [com.first.simpleapplication/com.first.simpleapplication.MainActivity](this:0x416871f8,api:1) [release] fps:0.04, dur:27072.14, max:27072.14, min:27072.14
E/AudioMTKHardware(14116): setParameters() still have param.size() = 1, remain param = "screen_state=on"
I/InputMethodManager(17252): handleMessage: MSG_SET_ACTIVE true, was false
I/libPerfService(  481): 1: set: 1
I/PowerManagerService(  481): setBrightness mButtonLight, screenBrightness=102
I/PowerManagerService(  481): setBrightness mButtonLight, screenBrightness=102
I/PowerManagerService(  481): setBrightness mButtonLight, screenBrightness=102
I/PowerManagerService(  481): setBrightness mButtonLight, screenBrightness=102
I/PowerManagerService(  481): setBrightness mButtonLight, screenBrightness=102
I/PowerManagerService(  481): setBrightness mButtonLight, screenBrightness=102
I/PowerManagerService(  481): setBrightness mButtonLight, screenBrightness=102
I/PowerManagerService(  481): setBrightness mButtonLight, screenBrightness=102
I/PowerManagerService(  481): setBrightness mButtonLight, screenBrightness=102
I/PowerManagerService(  481): setBrightness mButtonLight, screenBrightness=102
I/PowerManagerService(  481): setBrightness mButtonLight, screenBrightness=102
I/PowerManagerService(  481): setBrightness mButtonLight, screenBrightness=102
I/PowerManagerService(  481): setBrightness mButtonLight, screenBrightness=102
W/Provider/Settings(  743): Setting airplane_mode_on has moved from android.provider.Settings.System to android.provider.Settings.Global, returning read-only value.
E/        (14116): AudioCloseDumpPCMFile file== NULL
E/        (14116): AudioCloseDumpPCMFile file== NULL
E/        (14116): AudioCloseDumpPCMFile file== NULL
E/        (14116): AudioCloseDumpPCMFile file== NULL
I/PowerManagerService(  481): setBrightness mButtonLight, screenBrightness=102
E/        (14116): AudioCloseDumpPCMFile file== NULL
E/        (14116): AudioCloseDumpPCMFile file== NULL
I/PowerManagerService(  481): setBrightness mButtonLight, screenBrightness=102
I/PowerManagerService(  481): setBrightness mButtonLight, screenBrightness=102
W/AudioMachineDevice(14116): AnalogSetMux warning
W/AudioMachineDevice(14116): AnalogSetMux warning
W/AudioPlatformDevice(14116): AudioPlatformDevice Bypass AnalogOpen with DeviceType = 13
W/AudioMachineDevice(14116): AudioMachineDevice Bypass AnalogOpen with DeviceType = 13
I/hwcomposer_v1.0(  122): [HWC] Blank(0) Display(0)
I/SurfaceFlinger(  122): [SurfaceFlinger] fps:0.877853,dur:27339.43,max:26816.02,min:11.29
I/SurfaceTextureClient(  122): [STC::queueBuffer] (this:0x40ce3050) fps:0.88, dur:27338.90, max:26815.05, min:11.29
I/SurfaceTextureClient(  122): [STC::queueBuffer] this:0x40ce3050, api:1, last queue time elapsed:26815.05
I/BufferQueue(  122): [FramebufferSurface](this:0x40ce25d8,api:1) [release] fps:0.88, dur:27338.94, max:26815.12, min:11.29
I/TV/JNI  (  481): [TVOut] jboolean tvoutPowerEnable(JNIEnv*, jobject, jboolean)(1) ret = 0
I/hdmi    (  481): [HDMI] JNI com.mediatek.hdmi.HDMINative.enableHDMIPOWER(1)
I/PowerManagerService(  481): setBrightness mButtonLight, screenBrightness=102
I/BufferQueue(  122): [FramebufferSurface](this:0x40ce25d8,api:1) [queue] fps:0.88, dur:27339.79, max:26820.32, min:14.26
W/AudioFlinger(14116): RecordThread: buffer overflow
I/SurfaceTextureClient(17252): [STC::queueBuffer] (this:0x51937f08) fps:0.81, dur:2478.38, max:1755.03, min:723.34
I/BufferQueue(  122): [com.first.simpleapplication/com.first.simpleapplication.MainActivity](this:0x416871f8,api:1) [queue] fps:0.81, dur:2473.04, max:1755.19, min:717.84
I/BufferQueue(  122): [com.first.simpleapplication/com.first.simpleapplication.MainActivity](this:0x416871f8,api:1) [release] fps:0.81, dur:2461.56, max:1755.80, min:705.76
I/SurfaceFlinger(  122): [SurfaceFlinger] fps:1.822920,dur:2194.28,max:1532.36,min:21.85
I/SurfaceTextureClient(  122): [STC::queueBuffer] (this:0x40ce3050) fps:1.82, dur:2194.79, max:1532.57, min:22.13
I/BufferQueue(  122): [FramebufferSurface](this:0x40ce25d8,api:1) [release] fps:1.82, dur:2194.76, max:1532.62, min:22.06
I/BufferQueue(  122): [FramebufferSurface](this:0x40ce25d8,api:1) [queue] fps:1.82, dur:2192.90, max:1531.27, min:25.13
W/AudioTrack(17252): stepUser occurred after track reset
W/AudioTrack(17252): stepUser occurred after track reset
I/SurfaceTextureClient(17252): [STC::queueBuffer] (this:0x51937f08) fps:1.52, dur:1311.49, max:914.75, min:396.74
I/BufferQueue(  122): [com.first.simpleapplication/com.first.simpleapplication.MainActivity](this:0x416871f8,api:1) [queue] fps:1.53, dur:1311.44, max:914.81, min:396.63
I/BufferQueue(  122): [com.first.simpleapplication/com.first.simpleapplication.MainActivity](this:0x416871f8,api:1) [release] fps:1.53, dur:1307.34, max:911.68, min:395.67
I/SurfaceFlinger(  122): [SurfaceFlinger] fps:1.529837,dur:1307.33,max:911.63,min:395.70
I/SurfaceTextureClient(  122): [STC::queueBuffer] (this:0x40ce3050) fps:1.53, dur:1307.25, max:906.15, min:401.10
I/BufferQueue(  122): [FramebufferSurface](this:0x40ce25d8,api:1) [release] fps:1.53, dur:1307.25, max:906.20, min:401.05
I/BufferQueue(  122): [FramebufferSurface](this:0x40ce25d8,api:1) [queue] fps:1.53, dur:1308.38, max:911.66, min:396.71
I/SurfaceTextureClient(17252): [STC::queueBuffer] (this:0x51937f08) fps:0.69, dur:1445.27, max:1445.27, min:1445.27
I/BufferQueue(  122): [com.first.simpleapplication/com.first.simpleapplication.MainActivity](this:0x416871f8,api:1) [queue] fps:0.69, dur:1445.31, max:1445.31, min:1445.31
I/BufferQueue(  122): [com.first.simpleapplication/com.first.simpleapplication.MainActivity](this:0x416871f8,api:1) [release] fps:0.69, dur:1445.82, max:1445.82, min:1445.82
I/SurfaceFlinger(  122): [SurfaceFlinger] fps:0.691647,dur:1445.82,max:1445.82,min:1445.82
I/SurfaceTextureClient(  122): [STC::queueBuffer] (this:0x40ce3050) fps:0.69, dur:1445.91, max:1445.91, min:1445.91
I/BufferQueue(  122): [FramebufferSurface](this:0x40ce25d8,api:1) [release] fps:0.69, dur:1445.92, max:1445.92, min:1445.92
I/BufferQueue(  122): [FramebufferSurface](this:0x40ce25d8,api:1) [queue] fps:0.69, dur:1445.95, max:1445.95, min:1445.95
I/PowerManagerService(  481): setBrightness mButtonLight 0.
I/SurfaceTextureClient(  743): [STC::queueBuffer] (this:0x52c2fcb8) fps:0.66, dur:6096.61, max:5130.65, min:59.26
I/SurfaceTextureClient(  743): [STC::queueBuffer] this:0x52c2fcb8, api:1, last queue time elapsed:5130.65
I/BufferQueue(  122): [StatusBar](this:0x415f7478,api:1) [queue] fps:0.66, dur:6096.89, max:5130.99, min:59.27
I/BufferQueue(  122): [StatusBar](this:0x415f7478,api:1) [release] fps:0.66, dur:6090.36, max:5134.18, min:61.31
I/SurfaceTextureClient(17252): [STC::queueBuffer] (this:0x51937f08) fps:0.90, dur:1107.67, max:1107.67, min:1107.67
I/BufferQueue(  122): [com.first.simpleapplication/com.first.simpleapplication.MainActivity](this:0x416871f8,api:1) [queue] fps:0.90, dur:1107.66, max:1107.66, min:1107.66
I/BufferQueue(  122): [com.first.simpleapplication/com.first.simpleapplication.MainActivity](this:0x416871f8,api:1) [release] fps:0.89, dur:1119.11, max:1119.11, min:1119.11
I/SurfaceFlinger(  122): [SurfaceFlinger] fps:1.787128,dur:1119.11,max:848.71,min:270.41
I/SurfaceTextureClient(  122): [STC::queueBuffer] (this:0x40ce3050) fps:1.79, dur:1119.04, max:848.63, min:270.41
I/BufferQueue(  122): [FramebufferSurface](this:0x40ce25d8,api:1) [release] fps:1.79, dur:1119.04, max:848.58, min:270.46
I/BufferQueue(  122): [FramebufferSurface](this:0x40ce25d8,api:1) [queue] fps:1.79, dur:1118.91, max:843.32, min:275.59
W/AudioFlinger(14116): RecordThread: buffer overflow
I/SurfaceTextureClient(17252): [STC::queueBuffer] (this:0x51937f08) fps:1.25, dur:1594.73, max:1150.83, min:443.90
I/BufferQueue(  122): [com.first.simpleapplication/com.first.simpleapplication.MainActivity](this:0x416871f8,api:1) [queue] fps:1.25, dur:1594.69, max:1150.89, min:443.80
I/BufferQueue(  122): [com.first.simpleapplication/com.first.simpleapplication.MainActivity](this:0x416871f8,api:1) [release] fps:1.26, dur:1582.88, max:1152.52, min:430.36
I/SurfaceFlinger(  122): [SurfaceFlinger] fps:1.263534,dur:1582.86,max:1152.53,min:430.33
I/SurfaceTextureClient(  122): [STC::queueBuffer] (this:0x40ce3050) fps:1.26, dur:1582.92, max:1152.65, min:430.27
I/BufferQueue(  122): [FramebufferSurface](this:0x40ce25d8,api:1) [release] fps:1.26, dur:1582.92, max:1152.69, min:430.23
I/BufferQueue(  122): [FramebufferSurface](this:0x40ce25d8,api:1) [queue] fps:1.26, dur:1582.91, max:1152.42, min:430.49
I/PowerManagerService(  481): setBrightness mButtonLight 0.
I/PowerManagerService(  481): setBrightness mButtonLight 0.
I/PowerManagerService(  481): setBrightness mButtonLight 0.
I/ActivityManager(  481): Start proc com.google.android.apps.magazines for broadcast com.google.android.apps.magazines/com.google.apps.dots.android.newsstand.audio.MediaButtonIntentReceiver: pid=17320 uid=10036 gids={50036, 3003, 1015, 1028}
I/ProviderMap(  481): getProviderByClass: ComponentInfo{com.google.android.apps.magazines/com.google.apps.dots.android.newsstand.provider.WebDataContentProvider}, callingUid = 1000
I/ProviderMap(  481): putProviderByClass: ComponentInfo{com.google.android.apps.magazines/com.google.apps.dots.android.newsstand.provider.WebDataContentProvider} , callingUid = 1000, record uid = 10036
I/ProviderMap(  481): getProviderByClass: ComponentInfo{com.google.android.apps.magazines/com.google.apps.dots.android.newsstand.provider.NSContentProvider}, callingUid = 1000
I/ProviderMap(  481): putProviderByClass: ComponentInfo{com.google.android.apps.magazines/com.google.apps.dots.android.newsstand.provider.NSContentProvider} , callingUid = 1000, record uid = 10036
I/ProviderMap(  481): getProviderByClass: ComponentInfo{com.google.android.apps.magazines/com.google.apps.dots.android.newsstand.provider.ExportedContentProvider}, callingUid = 1000
I/ProviderMap(  481): putProviderByClass: ComponentInfo{com.google.android.apps.magazines/com.google.apps.dots.android.newsstand.provider.ExportedContentProvider} , callingUid = 1000, record uid = 10036
W/asset   (17320): AssetManager-->addDefaultAssets CIP path not exsit!
I/dalvikvm(17320): Could not find method android.webkit.WebView.setWebContentsDebuggingEnabled, referenced from method com.google.apps.dots.android.newsstand.NSDepend.setupInternal
W/dalvikvm(17320): VFY: unable to resolve static method 6692: Landroid/webkit/WebView;.setWebContentsDebuggingEnabled (Z)V
I/dalvikvm(17320): Could not find method android.os.Trace.beginSection, referenced from method com.google.apps.dots.android.newsstand.instrumentation.TraceCompat.beginSection
