W/dalvikvm(17320): VFY: unable to resolve static method 1346: Landroid/os/Trace;.beginSection (Ljava/lang/String;)V
I/dalvikvm(17320): Could not find method android.os.Trace.endSection, referenced from method com.google.apps.dots.android.newsstand.instrumentation.TraceCompat.endSection
W/dalvikvm(17320): VFY: unable to resolve static method 1347: Landroid/os/Trace;.endSection ()V
I/dalvikvm(17320): Could not find method android.os.Trace.endSection, referenced from method com.google.apps.dots.android.newsstand.instrumentation.TraceCompat.endSection
W/dalvikvm(17320): VFY: unable to resolve static method 1347: Landroid/os/Trace;.endSection ()V
W/GAV2    (17320): Thread[main,5,main]: Need to call initialize() and be in fallback mode to start dispatch.
I/ProviderMap(  481): getProviderByName: settings , callingUid = 10036
W/ContentProviderRecord(  481): canRunHere: bCanRunHere=falseinfo.multiprocess=falseinfo.processName=systemapp.processName=com.google.android.apps.magazinesuid=1000app.info.uid10036
I/ProviderMap(  481): getProviderByName: com.google.android.gsf.gservices , callingUid = 10036
W/ContentProviderRecord(  481): canRunHere: bCanRunHere=falseinfo.multiprocess=falseinfo.processName=com.google.process.gappsapp.processName=com.google.android.apps.magazinesuid=10023app.info.uid10036
I/dalvikvm(17320): Could not find method android.graphics.Bitmap.getAllocationByteCount, referenced from method com.google.apps.dots.android.newsstand.bitmap.CachingBitmapPool.isGoodForMutableBitmapRequest
W/dalvikvm(17320): VFY: unable to resolve virtual method 848: Landroid/graphics/Bitmap;.getAllocationByteCount ()I
I/dalvikvm(17320): Could not find method android.graphics.Bitmap.reconfigure, referenced from method com.google.apps.dots.android.newsstand.bitmap.CachingBitmapPool.reconfigureBitmap
W/dalvikvm(17320): VFY: unable to resolve virtual method 858: Landroid/graphics/Bitmap;.reconfigure (IILandroid/graphics/Bitmap$Config;)V
I/ProviderMap(  481): putProviderByClass: ComponentInfo{com.google.android.apps.magazines/com.google.apps.dots.android.newsstand.provider.WebDataContentProvider} , callingUid = 1000, record uid = 10036
I/ProviderMap(  481): putProviderByName: com.google.android.apps.magazines.webdata , callingUid = 1000, record uid = 10036
I/ProviderMap(  481): putProviderByClass: ComponentInfo{com.google.android.apps.magazines/com.google.apps.dots.android.newsstand.provider.NSContentProvider} , callingUid = 1000, record uid = 10036
I/ProviderMap(  481): putProviderByName: com.google.android.apps.magazines , callingUid = 1000, record uid = 10036
I/ProviderMap(  481): putProviderByClass: ComponentInfo{com.google.android.apps.magazines/com.google.apps.dots.android.newsstand.provider.ExportedContentProvider} , callingUid = 1000, record uid = 10036
I/ProviderMap(  481): putProviderByName: com.google.android.apps.magazines.exported , callingUid = 1000, record uid = 10036
I/NSApplication(17320): Starting up...
I/PowerManagerService(  481): setBrightness mButtonLight 0.
I/AudioService(  481):  AudioFocus  abandonAudioFocus() from android.media.AudioManager@410f18b8com.google.apps.dots.android.newsstand.audio.AudioPlayerService$3@410f21d8
I/AudioService(  481):   Remote Control   unregisterMediaButtonIntent() for PendingIntent{4167eaf8: PendingIntentRecord{419ac3b0 com.google.android.apps.magazines broadcastIntent}}
I/ActivityManager(  481): No longer want com.android.defcontainer (pid 16935): empty #17
I/SurfaceTextureClient(17252): [STC::queueBuffer] (this:0x51937f08) fps:0.69, dur:1442.79, max:1442.79, min:1442.79
I/BufferQueue(  122): [com.first.simpleapplication/com.first.simpleapplication.MainActivity](this:0x416871f8,api:1) [queue] fps:0.69, dur:1442.76, max:1442.76, min:1442.76
I/BufferQueue(  122): [com.first.simpleapplication/com.first.simpleapplication.MainActivity](this:0x416871f8,api:1) [release] fps:0.69, dur:1446.18, max:1446.18, min:1446.18
I/SurfaceFlinger(  122): [SurfaceFlinger] fps:0.691468,dur:1446.20,max:1446.20,min:1446.20
I/SurfaceTextureClient(  122): [STC::queueBuffer] (this:0x40ce3050) fps:0.69, dur:1446.12, max:1446.12, min:1446.12
I/BufferQueue(  122): [FramebufferSurface](this:0x40ce25d8,api:1) [release] fps:0.69, dur:1446.12, max:1446.12, min:1446.12
I/BufferQueue(  122): [FramebufferSurface](this:0x40ce25d8,api:1) [queue] fps:0.69, dur:1446.21, max:1446.21, min:1446.21
W/AudioMachineDevice(14116): AnalogSetMux warning
W/AudioMachineDevice(14116): AnalogSetMux warning
W/AudioPlatformDevice(14116): GetULFrequency with frequency = 48000
W/AudioPlatformDevice(14116): GetULFrequency with frequency = 48000
W/AudioPlatformDevice(14116): GetULNewIFFrequency with frequency = 48000
I/VCmdMgrService(  853): handleHeadSetPlugEvent out
I/PowerManagerService(  481): setBrightness mButtonLight 0.
I/PowerManagerService(  481): setBrightness mButtonLight 0.
I/PowerManagerService(  481): setBrightness mButtonLight 0.
I/SurfaceTextureClient(  743): [STC::queueBuffer] (this:0x52c2fcb8) fps:0.30, dur:3389.76, max:3389.76, min:3389.76
I/BufferQueue(  122): [StatusBar](this:0x415f7478,api:1) [queue] fps:0.30, dur:3389.68, max:3389.68, min:3389.68
I/BufferQueue(  122): [StatusBar](this:0x415f7478,api:1) [release] fps:0.30, dur:3385.10, max:3385.10, min:3385.10
I/SurfaceTextureClient(17252): [STC::queueBuffer] (this:0x51937f08) fps:1.26, dur:1583.70, max:1066.53, min:517.16
I/BufferQueue(  122): [com.first.simpleapplication/com.first.simpleapplication.MainActivity](this:0x416871f8,api:1) [queue] fps:1.26, dur:1583.72, max:1066.58, min:517.14
I/BufferQueue(  122): [com.first.simpleapplication/com.first.simpleapplication.MainActivity](this:0x416871f8,api:1) [release] fps:1.26, dur:1582.84, max:1067.13, min:515.72
I/SurfaceFlinger(  122): [SurfaceFlinger] fps:1.895301,dur:1582.86,max:1067.21,min:85.69
I/SurfaceTextureClient(  122): [STC::queueBuffer] (this:0x40ce3050) fps:1.90, dur:1582.86, max:1067.27, min:85.70
I/BufferQueue(  122): [FramebufferSurface](this:0x40ce25d8,api:1) [release] fps:1.90, dur:1582.85, max:1067.31, min:85.65
I/BufferQueue(  122): [FramebufferSurface](this:0x40ce25d8,api:1) [queue] fps:1.89, dur:1584.22, max:1068.55, min:85.59
I/SurfaceTextureClient(  743): [STC::queueBuffer] (this:0x52c2fcb8) fps:0.58, dur:1723.63, max:1723.63, min:1723.63
I/BufferQueue(  122): [StatusBar](this:0x415f7478,api:1) [queue] fps:0.58, dur:1723.64, max:1723.64, min:1723.64
I/BufferQueue(  122): [StatusBar](this:0x415f7478,api:1) [release] fps:0.58, dur:1720.72, max:1720.72, min:1720.72
I/PowerManagerService(  481): setBrightness mButtonLight 0.
I/SurfaceTextureClient(17252): [STC::queueBuffer] (this:0x51937f08) fps:0.82, dur:1226.51, max:1226.51, min:1226.51
I/BufferQueue(  122): [com.first.simpleapplication/com.first.simpleapplication.MainActivity](this:0x416871f8,api:1) [queue] fps:0.82, dur:1226.52, max:1226.52, min:1226.52
I/BufferQueue(  122): [com.first.simpleapplication/com.first.simpleapplication.MainActivity](this:0x416871f8,api:1) [release] fps:0.81, dur:1238.64, max:1238.64, min:1238.64
I/SurfaceFlinger(  122): [SurfaceFlinger] fps:1.614694,dur:1238.62,max:1015.15,min:223.47
I/SurfaceTextureClient(  122): [STC::queueBuffer] (this:0x40ce3050) fps:1.61, dur:1238.66, max:1015.05, min:223.61
I/BufferQueue(  122): [FramebufferSurface](this:0x40ce25d8,api:1) [release] fps:1.61, dur:1238.66, max:1015.09, min:223.56
I/BufferQueue(  122): [FramebufferSurface](this:0x40ce25d8,api:1) [queue] fps:1.62, dur:1237.28, max:1015.15, min:222.13
W/AudioFlinger(14116): RecordThread: buffer overflow
I/GAV2    (17320): Thread[GAThread,5,main]: No campaign data found.
I/SurfaceTextureClient(17252): [STC::queueBuffer] (this:0x51937f08) fps:1.21, dur:1651.68, max:1049.87, min:601.82
I/BufferQueue(  122): [com.first.simpleapplication/com.first.simpleapplication.MainActivity](this:0x416871f8,api:1) [queue] fps:1.21, dur:1651.79, max:1050.03, min:601.76
I/BufferQueue(  122): [com.first.simpleapplication/com.first.simpleapplication.MainActivity](this:0x416871f8,api:1) [release] fps:1.21, dur:1652.37, max:1066.68, min:585.68
I/SurfaceFlinger(  122): [SurfaceFlinger] fps:1.210338,dur:1652.43,max:1066.81,min:585.62
I/SurfaceTextureClient(  122): [STC::queueBuffer] (this:0x40ce3050) fps:1.21, dur:1652.40, max:1066.84, min:585.56
I/BufferQueue(  122): [FramebufferSurface](this:0x40ce25d8,api:1) [release] fps:1.21, dur:1652.40, max:1066.89, min:585.51
I/BufferQueue(  122): [FramebufferSurface](this:0x40ce25d8,api:1) [queue] fps:1.21, dur:1652.37, max:1066.69, min:585.68
W/AudioTrack(17252): stepUser occurred after track reset
W/AudioTrack(17252): stepUser occurred after track reset
I/SurfaceTextureClient(17252): [STC::queueBuffer] (this:0x51937f08) fps:0.64, dur:1550.39, max:1550.39, min:1550.39
I/BufferQueue(  122): [com.first.simpleapplication/com.first.simpleapplication.MainActivity](this:0x416871f8,api:1) [queue] fps:0.64, dur:1550.40, max:1550.40, min:1550.40
I/BufferQueue(  122): [com.first.simpleapplication/com.first.simpleapplication.MainActivity](this:0x416871f8,api:1) [release] fps:0.65, dur:1548.55, max:1548.55, min:1548.55
I/SurfaceFlinger(  122): [SurfaceFlinger] fps:0.645797,dur:1548.47,max:1548.47,min:1548.47
I/SurfaceTextureClient(  122): [STC::queueBuffer] (this:0x40ce3050) fps:0.65, dur:1548.49, max:1548.49, min:1548.49
I/BufferQueue(  122): [FramebufferSurface](this:0x40ce25d8,api:1) [release] fps:0.65, dur:1548.49, max:1548.49, min:1548.49
I/BufferQueue(  122): [FramebufferSurface](this:0x40ce25d8,api:1) [queue] fps:0.65, dur:1548.55, max:1548.55, min:1548.55
I/SurfaceTextureClient(  743): [STC::queueBuffer] (this:0x52c2fcb8) fps:0.19, dur:5130.71, max:5130.71, min:5130.71
I/SurfaceTextureClient(  743): [STC::queueBuffer] this:0x52c2fcb8, api:1, last queue time elapsed:5130.71
I/BufferQueue(  122): [StatusBar](this:0x415f7478,api:1) [queue] fps:0.19, dur:5130.73, max:5130.73, min:5130.73
I/BufferQueue(  122): [StatusBar](this:0x415f7478,api:1) [release] fps:0.20, dur:5128.03, max:5128.03, min:5128.03
I/SurfaceTextureClient(17252): [STC::queueBuffer] (this:0x51937f08) fps:1.82, dur:1100.17, max:888.44, min:211.73
I/BufferQueue(  122): [com.first.simpleapplication/com.first.simpleapplication.MainActivity](this:0x416871f8,api:1) [queue] fps:1.82, dur:1100.06, max:891.93, min:208.13
I/BufferQueue(  122): [com.first.simpleapplication/com.first.simpleapplication.MainActivity](this:0x416871f8,api:1) [release] fps:1.82, dur:1101.29, max:877.54, min:223.75
I/SurfaceFlinger(  122): [SurfaceFlinger] fps:2.724101,dur:1101.28,max:877.49,min:34.48
I/SurfaceTextureClient(  122): [STC::queueBuffer] (this:0x40ce3050) fps:2.72, dur:1101.32, max:877.80, min:34.12
I/BufferQueue(  122): [FramebufferSurface](this:0x40ce25d8,api:1) [release] fps:2.72, dur:1101.32, max:877.76, min:34.11
I/BufferQueue(  122): [FramebufferSurface](this:0x40ce25d8,api:1) [queue] fps:2.72, dur:1101.28, max:877.53, min:34.45
I/PowerManagerService(  481): Going to sleep by user request...
I/PowerManagerService(  481): setBrightness mButtonLight 0.
I/SurfaceFlinger(  122): [doDisplayComposition] skip composition for DisplayDevice(type:0) since dirtyRegion is empty
I/SurfaceFlinger(  122): [doDisplayComposition] skip composition for DisplayDevice(type:0) since dirtyRegion is empty
I/SurfaceFlinger(  122): [SurfaceFlinger] fps:0.815919,dur:1225.61,max:1225.61,min:1225.61
I/SurfaceTextureClient(  122): [STC::queueBuffer] (this:0x40ce3050) fps:0.82, dur:1226.18, max:1226.18, min:1226.18
I/BufferQueue(  122): [FramebufferSurface](this:0x40ce25d8,api:1) [release] fps:0.82, dur:1226.19, max:1226.19, min:1226.19
I/BufferQueue(  122): [FramebufferSurface](this:0x40ce25d8,api:1) [queue] fps:0.82, dur:1221.81, max:1221.81, min:1221.81
W/AudioFlinger(14116): RecordThread: buffer overflow
I/hwcomposer_v1.0(  122): [HWC] Blank(1) Display(0)
I/TV/JNI  (  481): [TVOut] jboolean tvoutPowerEnable(JNIEnv*, jobject, jboolean)(0) ret = 0
I/hdmi    (  481): [HDMI] JNI com.mediatek.hdmi.HDMINative.enableHDMIPOWER(0)
I/PowerManagerService(  481): setBrightness mButtonLight 0.
I/ActivityManager(  481): goingToSleep
I/PowerManagerService(  481): setBrightness mButtonLight 0.
I/PowerManagerService(  481): setBrightness mButtonLight 0.
I/PowerManagerService(  481): setBrightness mButtonLight 0.
I/PowerManagerService(  481): setBrightness mButtonLight 0.
E/AudioMTKHardware(14116): setParameters() still have param.size() = 1, remain param = "screen_state=off"
I/PowerManagerService(  481): setBrightness mButtonLight 0.
I/PowerManagerService(  481): setBrightness mButtonLight 0.
I/PowerManagerService(  481): setBrightness mButtonLight 0.
I/InputMethodManager(17252): handleMessage: MSG_SET_ACTIVE false, was true
I/PowerManagerService(  481): setBrightness mButtonLight 0.
I/PowerManagerService(  481): setBrightness mButtonLight 0.
I/PowerManagerService(  481): setBrightness mButtonLight 0.
W/AudioFlinger(14116): RecordThread: buffer overflow
W/AudioFlinger(14116): RecordThread: buffer overflow
W/AudioFlinger(14116): RecordThread: buffer overflow
W/AudioDigitalControl(14116): GetAfeDigitalStatus mAudioMEMIF[2] state = 1, mAudioDigitalBlock = 1
W/AudioDigitalControl(14116): SetAfeEnable disable but digital still running
E/        (14116): AudioCloseDumpPCMFile file== NULL
E/        (14116): AudioCloseDumpPCMFile file== NULL
I/PowerManagerService(  481): setBrightness mButtonLight 0.
I/PowerManagerService(  481): setBrightness mButtonLight 0.
I/PowerManagerService(  481): setBrightness mButtonLight 0.
I/PowerManagerService(  481): setBrightness mButtonLight 0.
I/PowerManagerService(  481): setBrightness mButtonLight 0.
E/        (14116): AudioCloseDumpPCMFile file== NULL
E/        (14116): AudioCloseDumpPCMFile file== NULL
W/AudioFlinger(14116): RecordThread: buffer overflow
I/AlarmManager(  481): reset poweroff alarm none
I/PowerManagerService(  481): setBrightness mButtonLight 0.
I/PowerManagerService(  481): setBrightness mButtonLight 0.
W/AudioFlinger(14116): RecordThread: buffer overflow
I/AlarmManager(  481): reset poweroff alarm none
I/PowerManagerService(  481): setBrightness mButtonLight 0.
I/PowerManagerService(  481): setBrightness mButtonLight 0.
I/PowerManagerService(  481): setBrightness mButtonLight 0.
I/PowerManagerService(  481): setBrightness mButtonLight 0.
W/AudioFlinger(14116): RecordThread: buffer overflow
I/PowerManagerService(  481): Waking up from sleep...
I/PowerManagerService(  481): setBrightness mButtonLight, screenBrightness=102
I/WindowManager(  481): Lock screen displayed!
I/ActivityManager(  481): wakingUp
I/libPerfService(  481): 1: set: 2
I/SurfaceTextureClient(  481): [STC::queueBuffer] (this:0x577f3a78) fps:0.02, dur:52927.16, max:52927.16, min:52927.16
I/SurfaceTextureClient(  481): [STC::queueBuffer] this:0x577f3a78, api:2, last queue time elapsed:52927.16
I/BufferQueue(  122): [Starting com.android.settings](this:0x40ceaee0,api:2) [queue] fps:0.02, dur:52930.20, max:52930.20, min:52930.20
W/ContextImpl(  481): Calling a method in the system process without a qualified user: android.app.ContextImpl.sendBroadcast:1151 com.android.server.AlarmManagerService$ClockReceiver.onReceive:1140 android.app.LoadedApk$ReceiverDispatcher$Args.run:788 android.os.Handler.handleCallback:800 android.os.Handler.dispatchMessage:100 
I/BufferQueue(  122): [Starting com.android.settings](this:0x40ceaee0,api:2) [release] fps:0.02, dur:52919.80, max:52919.80, min:52919.80
I/PowerManagerService(  481): setBrightness mButtonLight, screenBrightness=102
I/SurfaceTextureClient(  743): [STC::queueBuffer] (this:0x52c2fcb8) fps:0.03, dur:36625.47, max:36625.47, min:36625.47
I/SurfaceTextureClient(  743): [STC::queueBuffer] this:0x52c2fcb8, api:1, last queue time elapsed:36625.47
E/AudioMTKHardware(14116): setParameters() still have param.size() = 1, remain param = "screen_state=on"
I/BufferQueue(  122): [StatusBar](this:0x415f7478,api:1) [queue] fps:0.03, dur:36627.05, max:36627.05, min:36627.05
I/BufferQueue(  122): [StatusBar](this:0x415f7478,api:1) [release] fps:0.03, dur:36639.94, max:36639.94, min:36639.94
I/SurfaceTextureClient(17252): [STC::queueBuffer] (this:0x51937f08) fps:0.03, dur:36480.94, max:36480.94, min:36480.94
I/SurfaceTextureClient(17252): [STC::queueBuffer] this:0x51937f08, api:1, last queue time elapsed:36480.94
I/BufferQueue(  122): [com.first.simpleapplication/com.first.simpleapplication.MainActivity](this:0x416871f8,api:1) [queue] fps:0.03, dur:36481.00, max:36481.00, min:36481.00
I/InputMethodManager(17252): handleMessage: MSG_SET_ACTIVE true, was false
I/BufferQueue(  122): [com.first.simpleapplication/com.first.simpleapplication.MainActivity](this:0x416871f8,api:1) [release] fps:0.03, dur:36480.74, max:36480.74, min:36480.74
I/libPerfService(  481): 1: set: 1
I/PowerManagerService(  481): setBrightness mButtonLight, screenBrightness=102
I/PowerManagerService(  481): setBrightness mButtonLight, screenBrightness=102
I/PowerManagerService(  481): setBrightness mButtonLight, screenBrightness=102
I/PowerManagerService(  481): setBrightness mButtonLight, screenBrightness=102
I/PowerManagerService(  481): setBrightness mButtonLight, screenBrightness=102
I/PowerManagerService(  481): setBrightness mButtonLight, screenBrightness=102
I/PowerManagerService(  481): setBrightness mButtonLight, screenBrightness=102
I/PowerManagerService(  481): setBrightness mButtonLight, screenBrightness=102
I/PowerManagerService(  481): setBrightness mButtonLight, screenBrightness=102
I/PowerManagerService(  481): setBrightness mButtonLight, screenBrightness=102
I/PowerManagerService(  481): setBrightness mButtonLight, screenBrightness=102
I/PowerManagerService(  481): setBrightness mButtonLight, screenBrightness=102
I/PowerManagerService(  481): setBrightness mButtonLight, screenBrightness=102
W/Provider/Settings(  743): Setting airplane_mode_on has moved from android.provider.Settings.System to android.provider.Settings.Global, returning read-only value.
E/AudioRecord(17252): Could not get audio input for record source 1
E/AudioRecord-JNI(17252): Error creating AudioRecord instance: initialization check failed.
E/AudioRecord-Java(17252): [ android.media.AudioRecord ] Error code -20 when initializing native AudioRecord object.
E/AudioRecord(17252): Could not get audio input for record source 1
E/AudioRecord-JNI(17252): Error creating AudioRecord instance: initialization check failed.
E/AudioRecord-Java(17252): [ android.media.AudioRecord ] Error code -20 when initializing native AudioRecord object.
E/AudioRecord(17252): Could not get audio input for record source 1
E/AudioRecord-JNI(17252): Error creating AudioRecord instance: initialization check failed.
E/AudioRecord-Java(17252): [ android.media.AudioRecord ] Error code -20 when initializing native AudioRecord object.
E/AudioRecord(17252): Could not get audio input for record source 1
E/AudioRecord-JNI(17252): Error creating AudioRecord instance: initialization check failed.
E/AudioRecord-Java(17252): [ android.media.AudioRecord ] Error code -20 when initializing native AudioRecord object.
E/AudioRecord(17252): Could not get audio input for record source 1
E/AudioRecord-JNI(17252): Error creating AudioRecord instance: initialization check failed.
E/AudioRecord-Java(17252): [ android.media.AudioRecord ] Error code -20 when initializing native AudioRecord object.
I/hwcomposer_v1.0(  122): [HWC] Blank(0) Display(0)
E/AudioRecord(17252): Could not get audio input for record source 1
E/AudioRecord-JNI(17252): Error creating AudioRecord instance: initialization check failed.
E/AudioRecord-Java(17252): [ android.media.AudioRecord ] Error code -20 when initializing native AudioRecord object.
I/SurfaceFlinger(  122): [SurfaceFlinger] fps:0.646931,dur:35552.49,max:35171.51,min:14.29
I/SurfaceTextureClient(  122): [STC::queueBuffer] (this:0x40ce3050) fps:0.65, dur:35551.83, max:35170.97, min:11.21
I/SurfaceTextureClient(  122): [STC::queueBuffer] this:0x40ce3050, api:1, last queue time elapsed:35170.97
I/BufferQueue(  122): [FramebufferSurface](this:0x40ce25d8,api:1) [release] fps:0.65, dur:35551.85, max:35171.04, min:11.21
I/TV/JNI  (  481): [TVOut] jboolean tvoutPowerEnable(JNIEnv*, jobject, jboolean)(1) ret = 0
I/hdmi    (  481): [HDMI] JNI com.mediatek.hdmi.HDMINative.enableHDMIPOWER(1)
E/AudioRecord(17252): Could not get audio input for record source 1
E/AudioRecord-JNI(17252): Error creating AudioRecord instance: initialization check failed.
E/AudioRecord-Java(17252): [ android.media.AudioRecord ] Error code -20 when initializing native AudioRecord object.
I/PowerManagerService(  481): setBrightness mButtonLight, screenBrightness=102
I/BufferQueue(  122): [FramebufferSurface](this:0x40ce25d8,api:1) [queue] fps:0.65, dur:35556.65, max:35178.50, min:15.18
E/AudioRecord(17252): Could not get audio input for record source 1
E/AudioRecord-JNI(17252): Error creating AudioRecord instance: initialization check failed.
E/AudioRecord-Java(17252): [ android.media.AudioRecord ] Error code -20 when initializing native AudioRecord object.
E/AudioRecord(17252): Could not get audio input for record source 1
E/AudioRecord-JNI(17252): Error creating AudioRecord instance: initialization check failed.
E/AudioRecord-Java(17252): [ android.media.AudioRecord ] Error code -20 when initializing native AudioRecord object.
E/AudioRecord(17252): Could not get audio input for record source 1
E/AudioRecord-JNI(17252): Error creating AudioRecord instance: initialization check failed.
E/AudioRecord-Java(17252): [ android.media.AudioRecord ] Error code -20 when initializing native AudioRecord object.
E/AudioRecord(17252): Could not get audio input for record source 1
E/AudioRecord-JNI(17252): Error creating AudioRecord instance: initialization check failed.
E/AudioRecord-Java(17252): [ android.media.AudioRecord ] Error code -20 when initializing native AudioRecord object.
E/AudioRecord(17252): Could not get audio input for record source 1
E/AudioRecord-JNI(17252): Error creating AudioRecord instance: initialization check failed.
E/AudioRecord-Java(17252): [ android.media.AudioRecord ] Error code -20 when initializing native AudioRecord object.
E/AudioRecord(17252): Could not get audio input for record source 1
E/AudioRecord-JNI(17252): Error creating AudioRecord instance: initialization check failed.
E/AudioRecord-Java(17252): [ android.media.AudioRecord ] Error code -20 when initializing native AudioRecord object.
E/AudioRecord(17252): Could not get audio input for record source 1
E/AudioRecord-JNI(17252): Error creating AudioRecord instance: initialization check failed.
E/AudioRecord-Java(17252): [ android.media.AudioRecord ] Error code -20 when initializing native AudioRecord object.
E/AudioRecord(17252): Could not get audio input for record source 1
E/AudioRecord-JNI(17252): Error creating AudioRecord instance: initialization check failed.
E/AudioRecord-Java(17252): [ android.media.AudioRecord ] Error code -20 when initializing native AudioRecord object.
E/AudioRecord(17252): Could not get audio input for record source 1
E/AudioRecord-JNI(17252): Error creating AudioRecord instance: initialization check failed.
E/AudioRecord-Java(17252): [ android.media.AudioRecord ] Error code -20 when initializing native AudioRecord object.
E/AudioRecord(17252): Could not get audio input for record source 1
E/AudioRecord-JNI(17252): Error creating AudioRecord instance: initialization check failed.
E/AudioRecord-Java(17252): [ android.media.AudioRecord ] Error code -20 when initializing native AudioRecord object.
E/AudioRecord(17252): Could not get audio input for record source 1
E/AudioRecord-JNI(17252): Error creating AudioRecord instance: initialization check failed.
E/AudioRecord-Java(17252): [ android.media.AudioRecord ] Error code -20 when initializing native AudioRecord object.
E/AudioRecord(17252): Could not get audio input for record source 1
E/AudioRecord-JNI(17252): Error creating AudioRecord instance: initialization check failed.
E/AudioRecord-Java(17252): [ android.media.AudioRecord ] Error code -20 when initializing native AudioRecord object.
E/AudioRecord(17252): Could not get audio input for record source 1
E/AudioRecord-JNI(17252): Error creating AudioRecord instance: initialization check failed.
E/AudioRecord-Java(17252): [ android.media.AudioRecord ] Error code -20 when initializing native AudioRecord object.
E/        (14116): AudioCloseDumpPCMFile file== NULL
E/        (14116): AudioCloseDumpPCMFile file== NULL
I/PowerManagerService(  481): setBrightness mButtonLight, screenBrightness=102
I/PowerManagerService(  481): setBrightness mButtonLight, screenBrightness=102
I/PowerManagerService(  481): setBrightness mButtonLight, screenBrightness=102
I/PowerManagerService(  481): setBrightness mButtonLight, screenBrightness=102
I/PowerManagerService(  481): setBrightness mButtonLight, screenBrightness=102
E/        (14116): AudioCloseDumpPCMFile file== NULL
E/        (14116): AudioCloseDumpPCMFile file== NULL
E/        (14116): AudioCloseDumpPCMFile file== NULL
E/        (14116): AudioCloseDumpPCMFile file== NULL
E/        (14116): AudioCloseDumpPCMFile file== NULL
E/        (14116): AudioCloseDumpPCMFile file== NULL
I/PowerManagerService(  481): setBrightness mButtonLight, screenBrightness=102
E/        (14116): AudioCloseDumpPCMFile file== NULL
E/        (14116): AudioCloseDumpPCMFile file== NULL
I/PowerManagerService(  481): setBrightness mButtonLight, screenBrightness=102
I/PowerManagerService(  481): setBrightness mButtonLight, screenBrightness=102
W/AudioMachineDevice(14116): AnalogSetMux warning
W/AudioMachineDevice(14116): AnalogSetMux warning
W/AudioPlatformDevice(14116): GetULFrequency with frequency = 48000
W/AudioPlatformDevice(14116): GetULFrequency with frequency = 48000
W/AudioPlatformDevice(14116): GetULNewIFFrequency with frequency = 48000
W/AudioDigitalControl(14116): GetAfeDigitalStatus mAudioMEMIF[2] state = 1, mAudioDigitalBlock = 1
I/SurfaceTextureClient(  743): [STC::queueBuffer] (this:0x52c2fcb8) fps:0.93, dur:4317.22, max:4129.91, min:51.06
I/BufferQueue(  122): [StatusBar](this:0x415f7478,api:1) [queue] fps:0.93, dur:4315.41, max:4129.94, min:51.13
I/BufferQueue(  122): [StatusBar](this:0x415f7478,api:1) [release] fps:0.93, dur:4309.22, max:4123.78, min:51.13
I/SurfaceFlinger(  122): [SurfaceFlinger] fps:0.502283,dur:3981.82,max:3955.74,min:26.08
I/SurfaceTextureClient(  122): [STC::queueBuffer] (this:0x40ce3050) fps:0.50, dur:3981.99, max:3955.73, min:26.26
I/BufferQueue(  122): [FramebufferSurface](this:0x40ce25d8,api:1) [release] fps:0.50, dur:3981.97, max:3955.78, min:26.19
I/BufferQueue(  122): [FramebufferSurface](this:0x40ce25d8,api:1) [queue] fps:0.50, dur:3981.35, max:3962.35, min:19.01
I/Choreographer(17252): Skipped 233 frames!  The application may be doing too much work on its main thread.
I/SurfaceTextureClient(17252): [STC::queueBuffer] (this:0x51937f08) fps:0.23, dur:4352.41, max:4352.41, min:4352.41
I/BufferQueue(  122): [com.first.simpleapplication/com.first.simpleapplication.MainActivity](this:0x416871f8,api:1) [queue] fps:0.23, dur:4352.29, max:4352.29, min:4352.29
I/BufferQueue(  122): [com.first.simpleapplication/com.first.simpleapplication.MainActivity](this:0x416871f8,api:1) [release] fps:0.23, dur:4344.26, max:4344.26, min:4344.26
I/PowerManagerService(  481): setBrightness mButtonLight 0.
I/SurfaceTextureClient(  743): [STC::queueBuffer] (this:0x52c2fcb8) fps:0.19, dur:5129.92, max:5129.92, min:5129.92
I/SurfaceTextureClient(  743): [STC::queueBuffer] this:0x52c2fcb8, api:1, last queue time elapsed:5129.92
I/BufferQueue(  122): [StatusBar](this:0x415f7478,api:1) [queue] fps:0.19, dur:5129.91, max:5129.91, min:5129.91
I/BufferQueue(  122): [StatusBar](this:0x415f7478,api:1) [release] fps:0.19, dur:5129.31, max:5129.31, min:5129.31
I/SurfaceFlinger(  122): [SurfaceFlinger] fps:0.389917,dur:5129.29,max:5064.15,min:65.15
I/SurfaceTextureClient(  122): [STC::queueBuffer] (this:0x40ce3050) fps:0.39, dur:5129.23, max:5064.19, min:65.04
I/SurfaceTextureClient(  122): [STC::queueBuffer] this:0x40ce3050, api:1, last queue time elapsed:5064.19
I/BufferQueue(  122): [FramebufferSurface](this:0x40ce25d8,api:1) [release] fps:0.39, dur:5129.25, max:5064.26, min:64.98
I/BufferQueue(  122): [FramebufferSurface](this:0x40ce25d8,api:1) [queue] fps:0.39, dur:5129.30, max:5064.61, min:64.69
I/Choreographer(17252): Skipped 387 frames!  The application may be doing too much work on its main thread.
I/SurfaceTextureClient(17252): [STC::queueBuffer] (this:0x51937f08) fps:0.15, dur:6685.43, max:6685.43, min:6685.43
I/SurfaceTextureClient(17252): [STC::queueBuffer] this:0x51937f08, api:1, last queue time elapsed:6685.43
I/BufferQueue(  122): [com.first.simpleapplication/com.first.simpleapplication.MainActivity](this:0x416871f8,api:1) [queue] fps:0.15, dur:6685.53, max:6685.53, min:6685.53
I/BufferQueue(  122): [com.first.simpleapplication/com.first.simpleapplication.MainActivity](this:0x416871f8,api:1) [release] fps:0.15, dur:6678.63, max:6678.63, min:6678.63
I/SurfaceFlinger(  122): [SurfaceFlinger] fps:0.619395,dur:1614.48,max:1614.48,min:1614.48
I/SurfaceTextureClient(  122): [STC::queueBuffer] (this:0x40ce3050) fps:0.62, dur:1614.59, max:1614.59, min:1614.59
I/BufferQueue(  122): [FramebufferSurface](this:0x40ce25d8,api:1) [release] fps:0.62, dur:1614.57, max:1614.57, min:1614.57
I/BufferQueue(  122): [FramebufferSurface](this:0x40ce25d8,api:1) [queue] fps:0.62, dur:1618.82, max:1618.82, min:1618.82
I/AP_PROF (  481): unable to open /proc/mtprof/status entry
I/PowerManagerService(  481): setBrightness mButtonLight 0.
I/SurfaceTextureClient(17252): [STC::queueBuffer] (this:0x51937f08) fps:2.31, dur:1297.41, max:839.23, min:111.30
I/BufferQueue(  122): [com.first.simpleapplication/com.first.simpleapplication.MainActivity](this:0x416871f8,api:1) [queue] fps:2.31, dur:1297.32, max:839.27, min:111.17
I/BufferQueue(  122): [com.first.simpleapplication/com.first.simpleapplication.MainActivity](this:0x416871f8,api:1) [release] fps:2.30, dur:1306.04, max:843.60, min:118.54
I/SurfaceFlinger(  122): [SurfaceFlinger] fps:2.297098,dur:1306.00,max:843.66,min:118.44
I/SurfaceTextureClient(  122): [STC::queueBuffer] (this:0x40ce3050) fps:2.30, dur:1306.18, max:840.80, min:118.13
I/BufferQueue(  122): [FramebufferSurface](this:0x40ce25d8,api:1) [release] fps:2.30, dur:1306.18, max:840.84, min:118.07
I/BufferQueue(  122): [FramebufferSurface](this:0x40ce25d8,api:1) [queue] fps:2.30, dur:1301.75, max:843.60, min:114.13
W/AudioFlinger(14116): RecordThread: buffer overflow
I/ProviderMap(  481): getProviderByName: settings , callingUid = 10056
W/ContentProviderRecord(  481): canRunHere: bCanRunHere=falseinfo.multiprocess=falseinfo.processName=systemapp.processName=com.first.simpleapplicationuid=1000app.info.uid10056
E/        (14116): AudioCloseDumpPCMFile file== NULL
E/        (14116): AudioCloseDumpPCMFile file== NULL
I/PowerManagerService(  481): setBrightness mButtonLight 0.
I/PowerManagerService(  481): setBrightness mButtonLight 0.
I/PowerManagerService(  481): setBrightness mButtonLight 0.
W/dalvikvm(17252): threadid=15: thread exiting with uncaught exception (group=0x40d7a9a8)
E/AndroidRuntime(17252): FATAL EXCEPTION: Thread-3142
E/AndroidRuntime(17252): java.lang.NullPointerException
E/AndroidRuntime(17252): 	at com.first.simpleapplication.MainActivity.main(MainActivity.java:322)
E/AndroidRuntime(17252): 	at com.first.simpleapplication.MainActivity.access$000(MainActivity.java:62)
E/AndroidRuntime(17252): 	at com.first.simpleapplication.MainActivity$1.run(MainActivity.java:203)
E/AndroidRuntime(17252): 	at java.lang.Thread.run(Thread.java:838)
I/PowerManagerService(  481): setBrightness mButtonLight 0.
I/PowerManagerService(  481): setBrightness mButtonLight 0.
E/        (14116): AudioCloseDumpPCMFile file== NULL
E/        (14116): AudioCloseDumpPCMFile file== NULL
W/dalvikvm(17252): threadid=14: thread exiting with uncaught exception (group=0x40d7a9a8)
I/Process (17252): Sending signal. PID: 17252 SIG: 9
I/WindowState(  481): WIN DEATH: Window{4195dc28 u0 com.first.simpleapplication/com.first.simpleapplication.MainActivity}
I/ActivityManager(  481): Process com.first.simpleapplication (pid 17252) has died.
W/ActivityManager(  481): Force removing ActivityRecord{41346a58 u0 com.first.simpleapplication/.MainActivity}: app died, no saved state
I/SurfaceFlinger(  122): EventThread Client Pid (17252) disconnected by (122)
I/libPerfService(  481): 1: set: 2
I/WindowManager(  481): Losing focus: Window{4195dc28 u0 com.first.simpleapplication/com.first.simpleapplication.MainActivity}
I/SurfaceTexture(  122): [com.first.simpleapplication/com.first.simpleapplication.MainActivity](this:0x41561108,api:1) destroying EGLImage dpy=0x1 img=0x10000001
I/SurfaceTexture(  122): [com.first.simpleapplication/com.first.simpleapplication.MainActivity](this:0x41561108,api:1) destroying EGLImage dpy=0x1 img=0x10000003
I/SurfaceTexture(  122): [com.first.simpleapplication/com.first.simpleapplication.MainActivity](this:0x41561108,api:1) destroying EGLImage dpy=0x1 img=0x10000007
I/BufferQueue(  122): [com.first.simpleapplication/com.first.simpleapplication.MainActivity](this:0x416871f8,api:1) consumerDisconnect
I/BufferQueue(  122): [com.first.simpleapplication/com.first.simpleapplication.MainActivity](this:0x416871f8,api:1) ~BufferQueue
W/ADB_SERVICES(  152): terminating JDWP 17252 connection: Invalid argument
W/asset   (  880): Asset path /data/theme/com.android.vending is neither a directory nor file (type=1).
I/BufferQueue(  122): [unnamed-122-507](this:0x41828840,api:0) BufferQueue
I/BufferQueue(  122): [unnamed-122-507](this:0x41828840,api:0) consumerConnect
I/BufferQueue(  122): [unnamed-122-507](this:0x41828840,api:0) setConsumerName: unnamed-122-507
I/SurfaceTexture(  122): [unnamed-122-507](this:0x41937780,api:0) SurfaceTexture
I/BufferQueue(  122): [unnamed-122-507](this:0x41828840,api:0) setSynchronousMode: enabled=1
I/BufferQueue(  122): [unnamed-122-507](this:0x41828840,api:0) setDefaultBufferSize: w=320, h=480
I/BufferQueue(  122): [com.jrdcom.launcher/com.jrdcom.launcher.Launcher](this:0x41828840,api:0) setConsumerName: com.jrdcom.launcher/com.jrdcom.launcher.Launcher
I/SurfaceFlinger(  122): [doDisplayComposition] skip composition for DisplayDevice(type:0) since dirtyRegion is empty
I/WindowManager(  481): Gaining focus: Window{41693ac0 u0 com.jrdcom.launcher/com.jrdcom.launcher.Launcher}
I/BufferQueue(  122): [com.jrdcom.launcher/com.jrdcom.launcher.Launcher](this:0x41828840,api:0) connect: api=1
I/BufferQueue(  122): [com.jrdcom.launcher/com.jrdcom.launcher.Launcher](this:0x41828840,api:1) setSynchronousMode: enabled=1
I/BufferQueue(  122): [com.jrdcom.launcher/com.jrdcom.launcher.Launcher](this:0x41828840,api:1) setSynchronousMode: enabled=1
I/BufferQueue(  122): [com.jrdcom.launcher/com.jrdcom.launcher.Launcher](this:0x41828840,api:1) setBufferCount: count=3
I/SurfaceTexture(  122): [com.jrdcom.launcher/com.jrdcom.launcher.Launcher] [virtual android::status_t android::SurfaceTexture::forceAuxConversionLocked()] mCurrentTexture:-1, mCurrentBuf:0x0
I/BufferQueue(  122): [com.jrdcom.launcher/com.jrdcom.launcher.Launcher](this:0x41828840,api:1) getReleasedBuffers: returning mask 0xffffffff
I/BufferQueue(  122): [com.jrdcom.launcher/com.jrdcom.launcher.Launcher](this:0x41828840,api:1) new GraphicBuffer needed
I/GraphicBuffer(  122): allocate buffer (w:320 h:480 f:1) err(0)
I/BufferQueue(  122):     [NEW] gb=0x415f3580, handle=0x40cefcb0, w=320, h=480, s=320, fmt=1
W/InputMethodManagerService(  481): Got RemoteException sending setActive(false) notification to pid 17252 uid 10056
I/InputMethodManager(  880): handleMessage: MSG_SET_ACTIVE true, was false
I/libPerfService(  481): 1: set: 1
I/SurfaceTexture(  122): [com.jrdcom.launcher/com.jrdcom.launcher.Launcher](this:0x41937780,api:1) [void* android::SurfaceTexture::createImage(EGLDisplay, const android::sp<android::GraphicBuffer>&)]
I/BufferQueue(  122): [com.jrdcom.launcher/com.jrdcom.launcher.Launcher](this:0x41828840,api:1) new GraphicBuffer needed
I/GraphicBuffer(  122): allocate buffer (w:320 h:480 f:1) err(0)
I/BufferQueue(  122):     [NEW] gb=0x41b0a8a8, handle=0x415f39e8, w=320, h=480, s=320, fmt=1
I/SurfaceTexture(  122): [com.jrdcom.launcher/com.jrdcom.launcher.Launcher](this:0x41937780,api:1) [void* android::SurfaceTexture::createImage(EGLDisplay, const android::sp<android::GraphicBuffer>&)]
I/SurfaceFlinger(  122): [SurfaceFlinger] fps:5.053161,dur:1187.38,max:481.91,min:17.13
I/SurfaceTextureClient(  122): [STC::queueBuffer] (this:0x40ce3050) fps:5.05, dur:1187.56, max:481.90, min:18.14
I/BufferQueue(  122): [FramebufferSurface](this:0x40ce25d8,api:1) [release] fps:5.05, dur:1187.55, max:481.95, min:18.14
I/BufferQueue(  122): [FramebufferSurface](this:0x40ce25d8,api:1) [queue] fps:5.05, dur:1187.23, max:482.25, min:17.13
I/SurfaceTextureClient(  743): [STC::queueBuffer] (this:0x52c2fcb8) fps:0.20, dur:5104.97, max:5104.97, min:5104.97
I/SurfaceTextureClient(  743): [STC::queueBuffer] this:0x52c2fcb8, api:1, last queue time elapsed:5104.97
I/BufferQueue(  122): [StatusBar](this:0x415f7478,api:1) [queue] fps:0.20, dur:5104.99, max:5104.99, min:5104.99
I/BufferQueue(  122): [StatusBar](this:0x415f7478,api:1) [release] fps:0.20, dur:5105.87, max:5105.87, min:5105.87
W/BatteryStatsImpl(  481): Couldn't get kernel wake lock stats
W/BatteryStatsImpl(  481): Couldn't get kernel wake lock stats
I/PowerManagerService(  481): setBrightness mButtonLight 0.
W/asset   (  743): Asset path /data/theme/com.android.systemui is neither a directory nor file (type=1).
I/PowerManagerService(  481): setBrightness mButtonLight 0.
W/asset   (  743): Asset path /data/theme/com.android.systemui is neither a directory nor file (type=1).
W/asset   (  743): Asset path /data/theme/com.android.systemui is neither a directory nor file (type=1).
W/asset   (  743): Asset path /data/theme/com.android.systemui is neither a directory nor file (type=1).
I/PowerManagerService(  481): setBrightness mButtonLight 0.
W/asset   (  743): Asset path /data/theme/com.android.systemui is neither a directory nor file (type=1).
W/asset   (  743): Asset path /data/theme/com.android.systemui is neither a directory nor file (type=1).
W/asset   (  743): Asset path /data/theme/com.android.systemui is neither a directory nor file (type=1).
W/asset   (  743): Asset path /data/theme/com.android.systemui is neither a directory nor file (type=1).
I/PowerManagerService(  481): setBrightness mButtonLight 0.
I/PowerManagerService(  481): setBrightness mButtonLight 0.
I/PowerManagerService(  481): setBrightness mButtonLight 0.
I/SurfaceTextureClient(  743): [STC::queueBuffer] (this:0x52c2fcb8) fps:0.37, dur:2687.73, max:2687.73, min:2687.73
I/BufferQueue(  122): [StatusBar](this:0x415f7478,api:1) [queue] fps:0.37, dur:2687.84, max:2687.84, min:2687.84
I/BufferQueue(  122): [StatusBar](this:0x415f7478,api:1) [release] fps:0.37, dur:2684.86, max:2684.86, min:2684.86
I/SurfaceFlinger(  122): [SurfaceFlinger] fps:0.543051,dur:3682.89,max:2684.87,min:998.02
I/SurfaceTextureClient(  122): [STC::queueBuffer] (this:0x40ce3050) fps:0.54, dur:3683.34, max:2685.33, min:998.00
I/BufferQueue(  122): [FramebufferSurface](this:0x40ce25d8,api:1) [release] fps:0.54, dur:3683.34, max:2685.38, min:997.95
I/PowerManagerService(  481): setBrightness mButtonLight 0.
I/PowerManagerService(  481): setBrightness mButtonLight 0.
I/BufferQueue(  122): [FramebufferSurface](this:0x40ce25d8,api:1) [queue] fps:0.54, dur:3682.98, max:2684.89, min:998.09
I/ProviderMap(  481): getProviderByName: media , callingUid = 10044
W/ContentProviderRecord(  481): canRunHere: bCanRunHere=falseinfo.multiprocess=falseinfo.processName=android.process.mediaapp.processName=com.google.android.apps.plusuid=10070app.info.uid10044
I/ProviderMap(  481): getProviderByName: media , callingUid = 10044
W/ContentProviderRecord(  481): canRunHere: bCanRunHere=falseinfo.multiprocess=falseinfo.processName=android.process.mediaapp.processName=com.google.android.apps.plusuid=10070app.info.uid10044
I/ProviderMap(  481): getProviderByName: media , callingUid = 10044
W/ContentProviderRecord(  481): canRunHere: bCanRunHere=falseinfo.multiprocess=falseinfo.processName=android.process.mediaapp.processName=com.google.android.apps.plusuid=10070app.info.uid10044
I/ProviderMap(  481): getProviderByName: media , callingUid = 10044
W/ContentProviderRecord(  481): canRunHere: bCanRunHere=falseinfo.multiprocess=falseinfo.processName=android.process.mediaapp.processName=com.google.android.apps.plusuid=10070app.info.uid10044
I/PowerManagerService(  481): setBrightness mButtonLight 0.
W/UsbDeviceManager(  481): handleMessage - 0
W/UsbDeviceManager(  481): updateUsbNotification - mConnected: true
W/UsbDeviceManager(  481): updateUsbNotification - mCurrentFunctions: mass_storage,adb
W/asset   (  743): AssetManager-->addDefaultAssets CIP path not exsit!
W/asset   (  743): Asset path /data/theme/framework-res is neither a directory nor file (type=1).
W/asset   (  743): Asset path /data/theme/framework-res is neither a directory nor file (type=1).
W/asset   (  743): Asset path /data/theme/framework-res is neither a directory nor file (type=1).
W/asset   (  743): Asset path /data/theme/framework-res is neither a directory nor file (type=1).
W/asset   (  743): Asset path /data/theme/framework-res is neither a directory nor file (type=1).
W/asset   (  743): Asset path /data/theme/framework-res is neither a directory nor file (type=1).
W/asset   (  743): Asset path /data/theme/framework-res is neither a directory nor file (type=1).
W/asset   (  743): Asset path /data/theme/framework-res is neither a directory nor file (type=1).
W/asset   (  743): Asset path /data/theme/framework-res is neither a directory nor file (type=1).
W/asset   (  743): Asset path /data/theme/framework-res is neither a directory nor file (type=1).
W/asset   (  743): Asset path /data/theme/framework-res is neither a directory nor file (type=1).
W/asset   (  743): Asset path /data/theme/framework-res is neither a directory nor file (type=1).
W/asset   (  743): Asset path /data/theme/framework-res is neither a directory nor file (type=1).
W/asset   (  743): Asset path /data/theme/framework-res is neither a directory nor file (type=1).
W/asset   (  743): Asset path /data/theme/framework-res is neither a directory nor file (type=1).
W/asset   (  743): Asset path /data/theme/framework-res is neither a directory nor file (type=1).
W/asset   (  743): Asset path /data/theme/framework-res is neither a directory nor file (type=1).
W/asset   (  743): Asset path /data/theme/framework-res is neither a directory nor file (type=1).
W/UsbDeviceManager(  481): handleMessage - 0
I/StorageNotification(  743): UMS connection changed to true (media state mounted), (path /storage/sdcard0)
E/VoldCmdListener(  112): CommandListener::VolumeCmd::runCommand --> shared
E/VoldCmdListener(  112): CommandListener::VolumeCmd::runCommand --> shared
E/VoldCmdListener(  112): CommandListener::VolumeCmd::runCommand --> shared
E/MountService(  481): Failed to read response to volume shared /mnt/usbotg ums
I/MountService(  481): isUsbMassStorageEnabled: false
W/UsbDeviceManager(  481): updateUsbNotification - mConnected: true
W/UsbDeviceManager(  481): updateUsbNotification - mCurrentFunctions: mass_storage,adb
I/SurfaceTextureClient(  743): [STC::queueBuffer] (this:0x52c2fcb8) fps:0.98, dur:1019.20, max:1019.20, min:1019.20
I/BufferQueue(  122): [StatusBar](this:0x415f7478,api:1) [queue] fps:0.98, dur:1020.15, max:1020.15, min:1020.15
I/BufferQueue(  122): [StatusBar](this:0x415f7478,api:1) [release] fps:0.99, dur:1015.02, max:1015.02, min:1015.02
I/SurfaceFlinger(  122): [SurfaceFlinger] fps:0.985193,dur:1015.03,max:1015.03,min:1015.03
I/SurfaceTextureClient(  122): [STC::queueBuffer] (this:0x40ce3050) fps:0.99, dur:1014.88, max:1014.88, min:1014.88
I/BufferQueue(  122): [FramebufferSurface](this:0x40ce25d8,api:1) [release] fps:0.99, dur:1014.88, max:1014.88, min:1014.88
I/BufferQueue(  122): [FramebufferSurface](this:0x40ce25d8,api:1) [queue] fps:0.99, dur:1015.12, max:1015.12, min:1015.12
I/StorageNotification(  743): UMS connection changed to true (media state mounted), (path /storage/sdcard0)
I/SurfaceTextureClient(  743): [STC::queueBuffer] (this:0x52c2fcb8) fps:19.78, dur:1415.62, max:920.80, min:13.72
I/BufferQueue(  122): [StatusBar](this:0x415f7478,api:1) [queue] fps:19.79, dur:1414.82, max:920.96, min:12.55
I/BufferQueue(  122): [StatusBar](this:0x415f7478,api:1) [release] fps:19.62, dur:1427.24, max:923.03, min:17.14
I/SurfaceFlinger(  122): [SurfaceFlinger] fps:19.618591,dur:1427.22,max:923.09,min:17.09
I/SurfaceTextureClient(  122): [STC::queueBuffer] (this:0x40ce3050) fps:19.62, dur:1427.04, max:923.02, min:17.06
I/BufferQueue(  122): [FramebufferSurface](this:0x40ce25d8,api:1) [release] fps:19.62, dur:1427.03, max:923.06, min:17.06
I/BufferQueue(  122): [FramebufferSurface](this:0x40ce25d8,api:1) [queue] fps:19.62, dur:1427.10, max:929.32, min:16.92
I/SurfaceTextureClient(  743): [STC::queueBuffer] (this:0x52c2fcb8) fps:0.67, dur:1503.75, max:1503.75, min:1503.75
I/BufferQueue(  122): [StatusBar](this:0x415f7478,api:1) [queue] fps:0.67, dur:1503.63, max:1503.63, min:1503.63
I/BufferQueue(  122): [StatusBar](this:0x415f7478,api:1) [release] fps:0.67, dur:1496.95, max:1496.95, min:1496.95
I/SurfaceFlinger(  122): [SurfaceFlinger] fps:0.668027,dur:1496.95,max:1496.95,min:1496.95
I/SurfaceTextureClient(  122): [STC::queueBuffer] (this:0x40ce3050) fps:0.67, dur:1497.17, max:1497.17, min:1497.17
I/BufferQueue(  122): [FramebufferSurface](this:0x40ce25d8,api:1) [release] fps:0.67, dur:1497.18, max:1497.18, min:1497.18
I/BufferQueue(  122): [FramebufferSurface](this:0x40ce25d8,api:1) [queue] fps:0.67, dur:1496.96, max:1496.96, min:1496.96
I/SurfaceTextureClient(  743): [STC::queueBuffer] (this:0x52c2fcb8) fps:10.63, dur:3010.75, max:2475.83, min:13.92
I/BufferQueue(  122): [StatusBar](this:0x415f7478,api:1) [queue] fps:10.63, dur:3010.76, max:2476.05, min:13.82
I/BufferQueue(  122): [StatusBar](this:0x415f7478,api:1) [release] fps:10.63, dur:3011.14, max:2472.03, min:17.13
I/SurfaceFlinger(  122): [SurfaceFlinger] fps:10.627198,dur:3011.14,max:2472.08,min:17.13
I/SurfaceTextureClient(  122): [STC::queueBuffer] (this:0x40ce3050) fps:10.63, dur:3011.16, max:2472.35, min:16.94
I/BufferQueue(  122): [FramebufferSurface](this:0x40ce25d8,api:1) [release] fps:10.63, dur:3011.16, max:2472.41, min:16.95
I/BufferQueue(  122): [FramebufferSurface](this:0x40ce25d8,api:1) [queue] fps:10.63, dur:3011.15, max:2478.34, min:16.71
W/ADB_SERVICES(  152): create_local_service_socket() name=shell:export ANDROID_LOG_TAGS="" ; exec logcat -d
W/ADB_SERVICES(  152): LS(157): bound to 'shell:export ANDROID_LOG_TAGS="" ; exec logcat -d' via 11
W/ADB_SERVICES(17368): adb: unable to open /proc/17368/oom_adj
W/ADB_SERVICES(  152): entered. LS(157) fd=11
I/SurfaceTextureClient(  743): [STC::queueBuffer] (this:0x52c2fcb8) fps:5.68, dur:2993.06, max:2236.37, min:10.99
I/BufferQueue(  122): [StatusBar](this:0x415f7478,api:1) [queue] fps:5.68, dur:2992.82, max:2236.17, min:10.74
I/BufferQueue(  122): [StatusBar](this:0x415f7478,api:1) [release] fps:5.68, dur:2993.03, max:2236.87, min:17.18
I/SurfaceFlinger(  122): [SurfaceFlinger] fps:5.679611,dur:2993.16,max:2237.04,min:17.13
I/SurfaceTextureClient(  122): [STC::queueBuffer] (this:0x40ce3050) fps:5.68, dur:2993.14, max:2237.18, min:16.77
I/BufferQueue(  122): [FramebufferSurface](this:0x40ce25d8,api:1) [release] fps:5.68, dur:2993.23, max:2237.29, min:16.78
I/BufferQueue(  122): [FramebufferSurface](this:0x40ce25d8,api:1) [queue] fps:5.68, dur:2993.03, max:2237.08, min:16.08
I/SurfaceTextureClient(  743): [STC::queueBuffer] (this:0x52c2fcb8) fps:11.63, dur:2751.13, max:2215.88, min:12.36
I/BufferQueue(  122): [StatusBar](this:0x415f7478,api:1) [queue] fps:11.63, dur:2751.35, max:2215.99, min:12.35
I/BufferQueue(  122): [StatusBar](this:0x415f7478,api:1) [release] fps:11.63, dur:2752.52, max:2213.61, min:17.16
I/SurfaceFlinger(  122): [SurfaceFlinger] fps:11.626266,dur:2752.39,max:2213.67,min:17.15
I/SurfaceTextureClient(  122): [STC::queueBuffer] (this:0x40ce3050) fps:11.63, dur:2752.19, max:2213.72, min:14.32
I/BufferQueue(  122): [FramebufferSurface](this:0x40ce25d8,api:1) [release] fps:11.63, dur:2752.10, max:2213.77, min:14.32
I/BufferQueue(  122): [FramebufferSurface](this:0x40ce25d8,api:1) [queue] fps:11.63, dur:2752.51, max:2219.89, min:16.52
I/SurfaceTextureClient(  743): [STC::queueBuffer] (this:0x52c2fcb8) fps:0.10, dur:10220.17, max:10220.17, min:10220.17
I/SurfaceTextureClient(  743): [STC::queueBuffer] this:0x52c2fcb8, api:1, last queue time elapsed:10220.17
I/BufferQueue(  122): [StatusBar](this:0x415f7478,api:1) [queue] fps:0.10, dur:10220.25, max:10220.25, min:10220.25
I/BufferQueue(  122): [StatusBar](this:0x415f7478,api:1) [release] fps:0.10, dur:10220.35, max:10220.35, min:10220.35
I/SurfaceFlinger(  122): [SurfaceFlinger] fps:0.097844,dur:10220.35,max:10220.35,min:10220.35
I/SurfaceTextureClient(  122): [STC::queueBuffer] (this:0x40ce3050) fps:0.10, dur:10220.31, max:10220.31, min:10220.31
I/SurfaceTextureClient(  122): [STC::queueBuffer] this:0x40ce3050, api:1, last queue time elapsed:10220.31
I/BufferQueue(  122): [FramebufferSurface](this:0x40ce25d8,api:1) [release] fps:0.10, dur:10220.32, max:10220.32, min:10220.32
I/BufferQueue(  122): [FramebufferSurface](this:0x40ce25d8,api:1) [queue] fps:0.10, dur:10220.37, max:10220.37, min:10220.37
I/PowerManagerService(  481): setBrightness mButtonLight 0.
I/PowerManagerService(  481): setBrightness mButtonLight 0.
I/SurfaceTextureClient(  743): [STC::queueBuffer] (this:0x52c2fcb8) fps:0.20, dur:5122.98, max:5122.98, min:5122.98
I/SurfaceTextureClient(  743): [STC::queueBuffer] this:0x52c2fcb8, api:1, last queue time elapsed:5122.98
I/BufferQueue(  122): [StatusBar](this:0x415f7478,api:1) [queue] fps:0.20, dur:5122.97, max:5122.97, min:5122.97
